<?xml version="1.0"?>
<link_info>
   <banner>TI ARM Linker PC v16.9.6.LTS</banner>
   <copyright>Copyright (c) 1996-2017 Texas Instruments Incorporated</copyright>
   <link_time>0x5a94b1ae</link_time>
   <link_errors>0x0</link_errors>
   <output_file>CEC322_Hostetter_Link_Lab05.out</output_file>
   <entry_point>
      <name>_c_int00</name>
      <address>0x32d5</address>
   </entry_point>
   <input_file_list>
      <input_file id="fl-2">
         <path>.\</path>
         <kind>object</kind>
         <file>Lab5_Interrupts.obj</file>
         <name>Lab5_Interrupts.obj</name>
      </input_file>
      <input_file id="fl-3">
         <path>.\</path>
         <kind>object</kind>
         <file>startup_ccs.obj</file>
         <name>startup_ccs.obj</name>
      </input_file>
      <input_file id="fl-4">
         <path>.\drivers\LED\</path>
         <kind>object</kind>
         <file>LED.obj</file>
         <name>LED.obj</name>
      </input_file>
      <input_file id="fl-5">
         <path>.\drivers\OLED\</path>
         <kind>object</kind>
         <file>displays.obj</file>
         <name>displays.obj</name>
      </input_file>
      <input_file id="fl-6">
         <path>.\drivers\UART\</path>
         <kind>object</kind>
         <file>personalUART.obj</file>
         <name>personalUART.obj</name>
      </input_file>
      <input_file id="fl-7">
         <path>.\drivers\buttons\</path>
         <kind>object</kind>
         <file>buttons.obj</file>
         <name>buttons.obj</name>
      </input_file>
      <input_file id="fl-8">
         <path>.\drivers\</path>
         <kind>object</kind>
         <file>cfal96x64x16.obj</file>
         <name>cfal96x64x16.obj</name>
      </input_file>
      <input_file id="fl-9">
         <path>.\drivers\comparator\</path>
         <kind>object</kind>
         <file>comparator.obj</file>
         <name>comparator.obj</name>
      </input_file>
      <input_file id="fl-f">
         <kind>object</kind>
         <file>&lt;internal&gt;</file>
         <name>&lt;internal&gt;</name>
      </input_file>
      <input_file id="fl-c5">
         <path>C:\ti\ccsv7\tools\compiler\ti-cgt-arm_16.9.6.LTS\lib\</path>
         <kind>archive</kind>
         <file>rtsv7M4_T_le_v4SPD16_eabi.lib</file>
         <name>boot.obj</name>
      </input_file>
      <input_file id="fl-c6">
         <path>C:\ti\ccsv7\tools\compiler\ti-cgt-arm_16.9.6.LTS\lib\</path>
         <kind>archive</kind>
         <file>rtsv7M4_T_le_v4SPD16_eabi.lib</file>
         <name>copy_decompress_lzss.obj</name>
      </input_file>
      <input_file id="fl-c7">
         <path>C:\ti\ccsv7\tools\compiler\ti-cgt-arm_16.9.6.LTS\lib\</path>
         <kind>archive</kind>
         <file>rtsv7M4_T_le_v4SPD16_eabi.lib</file>
         <name>copy_decompress_none.obj</name>
      </input_file>
      <input_file id="fl-c8">
         <path>C:\ti\ccsv7\tools\compiler\ti-cgt-arm_16.9.6.LTS\lib\</path>
         <kind>archive</kind>
         <file>rtsv7M4_T_le_v4SPD16_eabi.lib</file>
         <name>copy_zero_init.obj</name>
      </input_file>
      <input_file id="fl-c9">
         <path>C:\ti\ccsv7\tools\compiler\ti-cgt-arm_16.9.6.LTS\lib\</path>
         <kind>archive</kind>
         <file>rtsv7M4_T_le_v4SPD16_eabi.lib</file>
         <name>exit.obj</name>
      </input_file>
      <input_file id="fl-ca">
         <path>C:\ti\ccsv7\tools\compiler\ti-cgt-arm_16.9.6.LTS\lib\</path>
         <kind>archive</kind>
         <file>rtsv7M4_T_le_v4SPD16_eabi.lib</file>
         <name>memcpy_t2.obj</name>
      </input_file>
      <input_file id="fl-cb">
         <path>C:\ti\ccsv7\tools\compiler\ti-cgt-arm_16.9.6.LTS\lib\</path>
         <kind>archive</kind>
         <file>rtsv7M4_T_le_v4SPD16_eabi.lib</file>
         <name>memset_t2.obj</name>
      </input_file>
      <input_file id="fl-cc">
         <path>C:\ti\ccsv7\tools\compiler\ti-cgt-arm_16.9.6.LTS\lib\</path>
         <kind>archive</kind>
         <file>rtsv7M4_T_le_v4SPD16_eabi.lib</file>
         <name>mpu_init.obj</name>
      </input_file>
      <input_file id="fl-cd">
         <path>C:\ti\ccsv7\tools\compiler\ti-cgt-arm_16.9.6.LTS\lib\</path>
         <kind>archive</kind>
         <file>rtsv7M4_T_le_v4SPD16_eabi.lib</file>
         <name>pre_init.obj</name>
      </input_file>
      <input_file id="fl-ce">
         <path>C:\ti\ccsv7\tools\compiler\ti-cgt-arm_16.9.6.LTS\lib\</path>
         <kind>archive</kind>
         <file>rtsv7M4_T_le_v4SPD16_eabi.lib</file>
         <name>sprintf.obj</name>
      </input_file>
      <input_file id="fl-cf">
         <path>C:\ti\ccsv7\tools\compiler\ti-cgt-arm_16.9.6.LTS\lib\</path>
         <kind>archive</kind>
         <file>rtsv7M4_T_le_v4SPD16_eabi.lib</file>
         <name>stkdepth_vars.obj</name>
      </input_file>
      <input_file id="fl-d0">
         <path>C:\ti\ccsv7\tools\compiler\ti-cgt-arm_16.9.6.LTS\lib\</path>
         <kind>archive</kind>
         <file>rtsv7M4_T_le_v4SPD16_eabi.lib</file>
         <name>strlen.obj</name>
      </input_file>
      <input_file id="fl-d1">
         <path>C:\ti\ccsv7\tools\compiler\ti-cgt-arm_16.9.6.LTS\lib\</path>
         <kind>archive</kind>
         <file>rtsv7M4_T_le_v4SPD16_eabi.lib</file>
         <name>tolower.obj</name>
      </input_file>
      <input_file id="fl-d2">
         <path>C:\ti\ccsv7\tools\compiler\ti-cgt-arm_16.9.6.LTS\lib\</path>
         <kind>archive</kind>
         <file>rtsv7M4_T_le_v4SPD16_eabi.lib</file>
         <name>_lock.obj</name>
      </input_file>
      <input_file id="fl-d3">
         <path>C:\ti\ccsv7\tools\compiler\ti-cgt-arm_16.9.6.LTS\lib\</path>
         <kind>archive</kind>
         <file>rtsv7M4_T_le_v4SPD16_eabi.lib</file>
         <name>_printfi.obj</name>
      </input_file>
      <input_file id="fl-d4">
         <path>C:\ti\ccsv7\tools\compiler\ti-cgt-arm_16.9.6.LTS\lib\</path>
         <kind>archive</kind>
         <file>rtsv7M4_T_le_v4SPD16_eabi.lib</file>
         <name>args_main.obj</name>
      </input_file>
      <input_file id="fl-d5">
         <path>C:\ti\ccsv7\tools\compiler\ti-cgt-arm_16.9.6.LTS\lib\</path>
         <kind>archive</kind>
         <file>rtsv7M4_T_le_v4SPD16_eabi.lib</file>
         <name>atoi.obj</name>
      </input_file>
      <input_file id="fl-d6">
         <path>C:\ti\ccsv7\tools\compiler\ti-cgt-arm_16.9.6.LTS\lib\</path>
         <kind>archive</kind>
         <file>rtsv7M4_T_le_v4SPD16_eabi.lib</file>
         <name>autoinit.obj</name>
      </input_file>
      <input_file id="fl-d7">
         <path>C:\ti\ccsv7\tools\compiler\ti-cgt-arm_16.9.6.LTS\lib\</path>
         <kind>archive</kind>
         <file>rtsv7M4_T_le_v4SPD16_eabi.lib</file>
         <name>cpy_tbl.obj</name>
      </input_file>
      <input_file id="fl-d8">
         <path>C:\ti\ccsv7\tools\compiler\ti-cgt-arm_16.9.6.LTS\lib\</path>
         <kind>archive</kind>
         <file>rtsv7M4_T_le_v4SPD16_eabi.lib</file>
         <name>ctype.obj</name>
      </input_file>
      <input_file id="fl-d9">
         <path>C:\ti\ccsv7\tools\compiler\ti-cgt-arm_16.9.6.LTS\lib\</path>
         <kind>archive</kind>
         <file>rtsv7M4_T_le_v4SPD16_eabi.lib</file>
         <name>fd_add_t2.obj</name>
      </input_file>
      <input_file id="fl-da">
         <path>C:\ti\ccsv7\tools\compiler\ti-cgt-arm_16.9.6.LTS\lib\</path>
         <kind>archive</kind>
         <file>rtsv7M4_T_le_v4SPD16_eabi.lib</file>
         <name>fd_cmp_t2.obj</name>
      </input_file>
      <input_file id="fl-db">
         <path>C:\ti\ccsv7\tools\compiler\ti-cgt-arm_16.9.6.LTS\lib\</path>
         <kind>archive</kind>
         <file>rtsv7M4_T_le_v4SPD16_eabi.lib</file>
         <name>fd_div_t2.obj</name>
      </input_file>
      <input_file id="fl-dc">
         <path>C:\ti\ccsv7\tools\compiler\ti-cgt-arm_16.9.6.LTS\lib\</path>
         <kind>archive</kind>
         <file>rtsv7M4_T_le_v4SPD16_eabi.lib</file>
         <name>fd_mul_t2.obj</name>
      </input_file>
      <input_file id="fl-dd">
         <path>C:\ti\ccsv7\tools\compiler\ti-cgt-arm_16.9.6.LTS\lib\</path>
         <kind>archive</kind>
         <file>rtsv7M4_T_le_v4SPD16_eabi.lib</file>
         <name>fd_toi_t2.obj</name>
      </input_file>
      <input_file id="fl-de">
         <path>C:\ti\ccsv7\tools\compiler\ti-cgt-arm_16.9.6.LTS\lib\</path>
         <kind>archive</kind>
         <file>rtsv7M4_T_le_v4SPD16_eabi.lib</file>
         <name>i_tofd_t2.obj</name>
      </input_file>
      <input_file id="fl-df">
         <path>C:\ti\ccsv7\tools\compiler\ti-cgt-arm_16.9.6.LTS\lib\</path>
         <kind>archive</kind>
         <file>rtsv7M4_T_le_v4SPD16_eabi.lib</file>
         <name>ltoa.obj</name>
      </input_file>
      <input_file id="fl-e0">
         <path>C:\ti\ccsv7\tools\compiler\ti-cgt-arm_16.9.6.LTS\lib\</path>
         <kind>archive</kind>
         <file>rtsv7M4_T_le_v4SPD16_eabi.lib</file>
         <name>memccpy.obj</name>
      </input_file>
      <input_file id="fl-e1">
         <path>C:\ti\ccsv7\tools\compiler\ti-cgt-arm_16.9.6.LTS\lib\</path>
         <kind>archive</kind>
         <file>rtsv7M4_T_le_v4SPD16_eabi.lib</file>
         <name>s_frexp.obj</name>
      </input_file>
      <input_file id="fl-e2">
         <path>C:\ti\ccsv7\tools\compiler\ti-cgt-arm_16.9.6.LTS\lib\</path>
         <kind>archive</kind>
         <file>rtsv7M4_T_le_v4SPD16_eabi.lib</file>
         <name>s_scalbn.obj</name>
      </input_file>
      <input_file id="fl-e3">
         <path>C:\ti\ccsv7\tools\compiler\ti-cgt-arm_16.9.6.LTS\lib\</path>
         <kind>archive</kind>
         <file>rtsv7M4_T_le_v4SPD16_eabi.lib</file>
         <name>startup.obj</name>
      </input_file>
      <input_file id="fl-e4">
         <path>C:\ti\ccsv7\tools\compiler\ti-cgt-arm_16.9.6.LTS\lib\</path>
         <kind>archive</kind>
         <file>rtsv7M4_T_le_v4SPD16_eabi.lib</file>
         <name>strchr.obj</name>
      </input_file>
      <input_file id="fl-e5">
         <path>C:\ti\ccsv7\tools\compiler\ti-cgt-arm_16.9.6.LTS\lib\</path>
         <kind>archive</kind>
         <file>rtsv7M4_T_le_v4SPD16_eabi.lib</file>
         <name>ull_div_t2.obj</name>
      </input_file>
      <input_file id="fl-e6">
         <path>C:\ti\ccsv7\tools\compiler\ti-cgt-arm_16.9.6.LTS\lib\</path>
         <kind>archive</kind>
         <file>rtsv7M4_T_le_v4SPD16_eabi.lib</file>
         <name>errno.obj</name>
      </input_file>
      <input_file id="fl-e7">
         <path>C:\ti\ccsv7\tools\compiler\ti-cgt-arm_16.9.6.LTS\lib\</path>
         <kind>archive</kind>
         <file>rtsv7M4_T_le_v4SPD16_eabi.lib</file>
         <name>s_copysign.obj</name>
      </input_file>
      <input_file id="fl-e8">
         <path>C:\ti\TivaWare_C_Series-2.1.3.156\driverlib\ccs\Debug\</path>
         <kind>archive</kind>
         <file>driverlib.lib</file>
         <name>fpu.obj</name>
      </input_file>
      <input_file id="fl-e9">
         <path>C:\ti\TivaWare_C_Series-2.1.3.156\driverlib\ccs\Debug\</path>
         <kind>archive</kind>
         <file>driverlib.lib</file>
         <name>gpio.obj</name>
      </input_file>
      <input_file id="fl-ea">
         <path>C:\ti\TivaWare_C_Series-2.1.3.156\driverlib\ccs\Debug\</path>
         <kind>archive</kind>
         <file>driverlib.lib</file>
         <name>interrupt.obj</name>
      </input_file>
      <input_file id="fl-eb">
         <path>C:\ti\TivaWare_C_Series-2.1.3.156\driverlib\ccs\Debug\</path>
         <kind>archive</kind>
         <file>driverlib.lib</file>
         <name>sysctl.obj</name>
      </input_file>
      <input_file id="fl-ec">
         <path>C:\ti\TivaWare_C_Series-2.1.3.156\driverlib\ccs\Debug\</path>
         <kind>archive</kind>
         <file>driverlib.lib</file>
         <name>uart.obj</name>
      </input_file>
      <input_file id="fl-ed">
         <path>C:\ti\TivaWare_C_Series-2.1.3.156\driverlib\ccs\Debug\</path>
         <kind>archive</kind>
         <file>driverlib.lib</file>
         <name>cpu.obj</name>
      </input_file>
      <input_file id="fl-ee">
         <path>C:\ti\TivaWare_C_Series-2.1.3.156\grlib\ccs\Debug\</path>
         <kind>archive</kind>
         <file>grlib.lib</file>
         <name>context.obj</name>
      </input_file>
      <input_file id="fl-ef">
         <path>C:\ti\TivaWare_C_Series-2.1.3.156\grlib\ccs\Debug\</path>
         <kind>archive</kind>
         <file>grlib.lib</file>
         <name>rectangle.obj</name>
      </input_file>
      <input_file id="fl-f0">
         <path>C:\ti\TivaWare_C_Series-2.1.3.156\grlib\ccs\Debug\</path>
         <kind>archive</kind>
         <file>grlib.lib</file>
         <name>string.obj</name>
      </input_file>
      <input_file id="fl-f1">
         <path>C:\ti\TivaWare_C_Series-2.1.3.156\grlib\ccs\Debug\</path>
         <kind>archive</kind>
         <file>grlib.lib</file>
         <name>fontfixed6x8.obj</name>
      </input_file>
      <input_file id="fl-f2">
         <path>C:\ti\TivaWare_C_Series-2.1.3.156\grlib\ccs\Debug\</path>
         <kind>archive</kind>
         <file>grlib.lib</file>
         <name>charmap.obj</name>
      </input_file>
      <input_file id="fl-f3">
         <path>C:\ti\TivaWare_C_Series-2.1.3.156\grlib\ccs\Debug\</path>
         <kind>archive</kind>
         <file>grlib.lib</file>
         <name>line.obj</name>
      </input_file>
   </input_file_list>
   <object_component_list>
      <object_component id="oc-f">
         <name>.intvecs</name>
         <load_address>0x0</load_address>
         <run_address>0x0</run_address>
         <size>0x26c</size>
         <input_file_ref idref="fl-3"/>
      </object_component>
      <object_component id="oc-1fe">
         <name>.text</name>
         <load_address>0x26c</load_address>
         <run_address>0x26c</run_address>
         <size>0x113e</size>
         <input_file_ref idref="fl-d3"/>
      </object_component>
      <object_component id="oc-3a8">
         <name>.text:GrFontGlyphRender</name>
         <load_address>0x13aa</load_address>
         <run_address>0x13aa</run_address>
         <size>0x254</size>
         <input_file_ref idref="fl-f0"/>
      </object_component>
      <object_component id="oc-325">
         <name>.text</name>
         <load_address>0x15fe</load_address>
         <run_address>0x15fe</run_address>
         <size>0x1f4</size>
         <input_file_ref idref="fl-e5"/>
      </object_component>
      <object_component id="oc-2f7">
         <name>.text:CFAL96x64x16PixelDrawMultiple</name>
         <load_address>0x17f2</load_address>
         <run_address>0x17f2</run_address>
         <size>0x1be</size>
         <input_file_ref idref="fl-8"/>
      </object_component>
      <object_component id="oc-18f">
         <name>.text:CFAL96x64x16Init</name>
         <load_address>0x19b0</load_address>
         <run_address>0x19b0</run_address>
         <size>0x1b8</size>
         <input_file_ref idref="fl-8"/>
      </object_component>
      <object_component id="oc-354">
         <name>.text</name>
         <load_address>0x1b68</load_address>
         <run_address>0x1b68</run_address>
         <size>0x1b6</size>
         <input_file_ref idref="fl-d9"/>
      </object_component>
      <object_component id="oc-37">
         <name>.text:FaultISR</name>
         <load_address>0x1d1e</load_address>
         <run_address>0x1d1e</run_address>
         <size>0x2</size>
         <input_file_ref idref="fl-3"/>
      </object_component>
      <object_component id="oc-4f">
         <name>.text:IntButtons</name>
         <load_address>0x1d20</load_address>
         <run_address>0x1d20</run_address>
         <size>0x160</size>
         <input_file_ref idref="fl-2"/>
      </object_component>
      <object_component id="oc-117">
         <name>.text:main</name>
         <load_address>0x1e80</load_address>
         <run_address>0x1e80</run_address>
         <size>0x148</size>
         <input_file_ref idref="fl-2"/>
      </object_component>
      <object_component id="oc-33a">
         <name>.text</name>
         <load_address>0x1fc8</load_address>
         <run_address>0x1fc8</run_address>
         <size>0x136</size>
         <input_file_ref idref="fl-db"/>
      </object_component>
      <object_component id="oc-271">
         <name>.text:GPIOPadConfigSet</name>
         <load_address>0x20fe</load_address>
         <run_address>0x20fe</run_address>
         <size>0x132</size>
         <input_file_ref idref="fl-e9"/>
      </object_component>
      <object_component id="oc-29c">
         <name>.text:SysCtlClockGet</name>
         <load_address>0x2230</load_address>
         <run_address>0x2230</run_address>
         <size>0x110</size>
         <input_file_ref idref="fl-eb"/>
      </object_component>
      <object_component id="oc-335">
         <name>.text</name>
         <load_address>0x2340</load_address>
         <run_address>0x2340</run_address>
         <size>0xfc</size>
         <input_file_ref idref="fl-dc"/>
      </object_component>
      <object_component id="oc-35f">
         <name>.text</name>
         <load_address>0x243c</load_address>
         <run_address>0x243c</run_address>
         <size>0xfc</size>
         <input_file_ref idref="fl-e2"/>
      </object_component>
      <object_component id="oc-189">
         <name>.text:SysCtlClockSet</name>
         <load_address>0x2538</load_address>
         <run_address>0x2538</run_address>
         <size>0xf4</size>
         <input_file_ref idref="fl-eb"/>
      </object_component>
      <object_component id="oc-d4">
         <name>.text:displayInfoOnBoard</name>
         <load_address>0x262c</load_address>
         <run_address>0x262c</run_address>
         <size>0xe8</size>
         <input_file_ref idref="fl-5"/>
      </object_component>
      <object_component id="oc-303">
         <name>.text:CFAL96x64x16LineDrawV</name>
         <load_address>0x2714</load_address>
         <run_address>0x2714</run_address>
         <size>0xd8</size>
         <input_file_ref idref="fl-8"/>
      </object_component>
      <object_component id="oc-1c5">
         <name>.text:diplaySplashOnOLED</name>
         <load_address>0x27ec</load_address>
         <run_address>0x27ec</run_address>
         <size>0xd8</size>
         <input_file_ref idref="fl-5"/>
      </object_component>
      <object_component id="oc-24b">
         <name>.text:GrDefaultStringRenderer</name>
         <load_address>0x28c4</load_address>
         <run_address>0x28c4</run_address>
         <size>0xc0</size>
         <input_file_ref idref="fl-f0"/>
      </object_component>
      <object_component id="oc-2fd">
         <name>.text:CFAL96x64x16LineDrawH</name>
         <load_address>0x2984</load_address>
         <run_address>0x2984</run_address>
         <size>0xb8</size>
         <input_file_ref idref="fl-8"/>
      </object_component>
      <object_component id="oc-63">
         <name>.text</name>
         <load_address>0x2a3c</load_address>
         <run_address>0x2a3c</run_address>
         <size>0x9c</size>
         <input_file_ref idref="fl-ca"/>
      </object_component>
      <object_component id="oc-13c">
         <name>.text:GrRectFill</name>
         <load_address>0x2ad8</load_address>
         <run_address>0x2ad8</run_address>
         <size>0x86</size>
         <input_file_ref idref="fl-ef"/>
      </object_component>
      <object_component id="oc-330">
         <name>.text:__aeabi_cdcmple</name>
         <load_address>0x2b5e</load_address>
         <run_address>0x2b5e</run_address>
         <size>0x86</size>
         <input_file_ref idref="fl-da"/>
      </object_component>
      <object_component id="oc-33f">
         <name>.text:__aeabi_cdrcmple</name>
         <load_address>0x2be4</load_address>
         <run_address>0x2be4</run_address>
         <size>0x86</size>
         <input_file_ref idref="fl-da"/>
      </object_component>
      <object_component id="oc-6f">
         <name>.text</name>
         <load_address>0x2c6a</load_address>
         <run_address>0x2c6a</run_address>
         <size>0x7a</size>
         <input_file_ref idref="fl-cb"/>
      </object_component>
      <object_component id="oc-87">
         <name>.text</name>
         <load_address>0x2ce4</load_address>
         <run_address>0x2ce4</run_address>
         <size>0x70</size>
         <input_file_ref idref="fl-d6"/>
      </object_component>
      <object_component id="oc-1b9">
         <name>.text:setupComparator</name>
         <load_address>0x2d54</load_address>
         <run_address>0x2d54</run_address>
         <size>0x70</size>
         <input_file_ref idref="fl-9"/>
      </object_component>
      <object_component id="oc-1ad">
         <name>.text:setupUART</name>
         <load_address>0x2dc4</load_address>
         <run_address>0x2dc4</run_address>
         <size>0x70</size>
         <input_file_ref idref="fl-6"/>
      </object_component>
      <object_component id="oc-1a7">
         <name>.text:ButtonsInit</name>
         <load_address>0x2e34</load_address>
         <run_address>0x2e34</run_address>
         <size>0x6c</size>
         <input_file_ref idref="fl-7"/>
      </object_component>
      <object_component id="oc-19b">
         <name>.text:GrContextInit</name>
         <load_address>0x2ea0</load_address>
         <run_address>0x2ea0</run_address>
         <size>0x68</size>
         <input_file_ref idref="fl-ee"/>
      </object_component>
      <object_component id="oc-150">
         <name>.text:GrStringWidthGet</name>
         <load_address>0x2f08</load_address>
         <run_address>0x2f08</run_address>
         <size>0x68</size>
         <input_file_ref idref="fl-f0"/>
      </object_component>
      <object_component id="oc-2a8">
         <name>.text:IntEnable</name>
         <load_address>0x2f70</load_address>
         <run_address>0x2f70</run_address>
         <size>0x68</size>
         <input_file_ref idref="fl-ea"/>
      </object_component>
      <object_component id="oc-12">
         <name>.text:decompress:lzss</name>
         <load_address>0x2fd8</load_address>
         <run_address>0x2fd8</run_address>
         <size>0x68</size>
         <input_file_ref idref="fl-c6"/>
      </object_component>
      <object_component id="oc-359">
         <name>.text</name>
         <load_address>0x3040</load_address>
         <run_address>0x3040</run_address>
         <size>0x64</size>
         <input_file_ref idref="fl-e1"/>
      </object_component>
      <object_component id="oc-234">
         <name>.text:CFAL96x64x16WriteCommand</name>
         <load_address>0x30a4</load_address>
         <run_address>0x30a4</run_address>
         <size>0x60</size>
         <input_file_ref idref="fl-8"/>
      </object_component>
      <object_component id="oc-3f6">
         <name>.text:CFAL96x64x16WriteData</name>
         <load_address>0x3104</load_address>
         <run_address>0x3104</run_address>
         <size>0x60</size>
         <input_file_ref idref="fl-8"/>
      </object_component>
      <object_component id="oc-1cb">
         <name>.text:printMainMenu</name>
         <load_address>0x3164</load_address>
         <run_address>0x3164</run_address>
         <size>0x60</size>
         <input_file_ref idref="fl-6"/>
      </object_component>
      <object_component id="oc-14a">
         <name>.text</name>
         <load_address>0x31c4</load_address>
         <run_address>0x31c4</run_address>
         <size>0x60</size>
         <input_file_ref idref="fl-ce"/>
      </object_component>
      <object_component id="oc-38c">
         <name>.text:FontWideGlyphDataGet</name>
         <load_address>0x3224</load_address>
         <run_address>0x3224</run_address>
         <size>0x5a</size>
         <input_file_ref idref="fl-f0"/>
      </object_component>
      <object_component id="oc-277">
         <name>.text:GPIOIntTypeSet</name>
         <load_address>0x327e</load_address>
         <run_address>0x327e</run_address>
         <size>0x56</size>
         <input_file_ref idref="fl-e9"/>
      </object_component>
      <object_component id="oc-24">
         <name>.text</name>
         <load_address>0x32d4</load_address>
         <run_address>0x32d4</run_address>
         <size>0x54</size>
         <input_file_ref idref="fl-c5"/>
      </object_component>
      <object_component id="oc-93">
         <name>.text</name>
         <load_address>0x3328</load_address>
         <run_address>0x3328</run_address>
         <size>0x54</size>
         <input_file_ref idref="fl-c9"/>
      </object_component>
      <object_component id="oc-349">
         <name>.text</name>
         <load_address>0x337c</load_address>
         <run_address>0x337c</run_address>
         <size>0x54</size>
         <input_file_ref idref="fl-df"/>
      </object_component>
      <object_component id="oc-2f1">
         <name>.text:CFAL96x64x16PixelDraw</name>
         <load_address>0x33d0</load_address>
         <run_address>0x33d0</run_address>
         <size>0x4e</size>
         <input_file_ref idref="fl-8"/>
      </object_component>
      <object_component id="oc-3d">
         <name>.text:IntDefaultHandler</name>
         <load_address>0x341e</load_address>
         <run_address>0x341e</run_address>
         <size>0x2</size>
         <input_file_ref idref="fl-3"/>
      </object_component>
      <object_component id="oc-ce">
         <name>.text:clearBlack</name>
         <load_address>0x3420</load_address>
         <run_address>0x3420</run_address>
         <size>0x4c</size>
         <input_file_ref idref="fl-5"/>
      </object_component>
      <object_component id="oc-36b">
         <name>.text</name>
         <load_address>0x346c</load_address>
         <run_address>0x346c</run_address>
         <size>0x4c</size>
         <input_file_ref idref="fl-d5"/>
      </object_component>
      <object_component id="oc-109">
         <name>.text</name>
         <load_address>0x34b8</load_address>
         <run_address>0x34b8</run_address>
         <size>0x4c</size>
         <input_file_ref idref="fl-d7"/>
      </object_component>
      <object_component id="oc-258">
         <name>.text:UpdateContextCharMapping</name>
         <load_address>0x3504</load_address>
         <run_address>0x3504</run_address>
         <size>0x4a</size>
         <input_file_ref idref="fl-f0"/>
      </object_component>
      <object_component id="oc-344">
         <name>.text</name>
         <load_address>0x354e</load_address>
         <run_address>0x354e</run_address>
         <size>0x48</size>
         <input_file_ref idref="fl-dd"/>
      </object_component>
      <object_component id="oc-2a2">
         <name>.text:UARTConfigSetExpClk</name>
         <load_address>0x3596</load_address>
         <run_address>0x3596</run_address>
         <size>0x46</size>
         <input_file_ref idref="fl-ec"/>
      </object_component>
      <object_component id="oc-23a">
         <name>.text:CFAL96x64x16RectFill</name>
         <load_address>0x35dc</load_address>
         <run_address>0x35dc</run_address>
         <size>0x44</size>
         <input_file_ref idref="fl-8"/>
      </object_component>
      <object_component id="oc-3c5">
         <name>.text:_GPIOIntNumberGet</name>
         <load_address>0x3620</load_address>
         <run_address>0x3620</run_address>
         <size>0x40</size>
         <input_file_ref idref="fl-e9"/>
      </object_component>
      <object_component id="oc-49">
         <name>.text:IntComp0</name>
         <load_address>0x3660</load_address>
         <run_address>0x3660</run_address>
         <size>0x3c</size>
         <input_file_ref idref="fl-2"/>
      </object_component>
      <object_component id="oc-43">
         <name>.text:IntUART0</name>
         <load_address>0x369c</load_address>
         <run_address>0x369c</run_address>
         <size>0x3c</size>
         <input_file_ref idref="fl-2"/>
      </object_component>
      <object_component id="oc-392">
         <name>.text:FontGlyphDataGet</name>
         <load_address>0x36d8</load_address>
         <run_address>0x36d8</run_address>
         <size>0x3a</size>
         <input_file_ref idref="fl-f0"/>
      </object_component>
      <object_component id="oc-31">
         <name>.text:NmiSR</name>
         <load_address>0x3712</load_address>
         <run_address>0x3712</run_address>
         <size>0x2</size>
         <input_file_ref idref="fl-3"/>
      </object_component>
      <object_component id="oc-265">
         <name>.text:SysCtlPeripheralReady</name>
         <load_address>0x3714</load_address>
         <run_address>0x3714</run_address>
         <size>0x38</size>
         <input_file_ref idref="fl-eb"/>
      </object_component>
      <object_component id="oc-3cb">
         <name>.text:IntRegister</name>
         <load_address>0x374c</load_address>
         <run_address>0x374c</run_address>
         <size>0x34</size>
         <input_file_ref idref="fl-ea"/>
      </object_component>
      <object_component id="oc-25f">
         <name>.text:SysCtlPeripheralEnable</name>
         <load_address>0x3780</load_address>
         <run_address>0x3780</run_address>
         <size>0x34</size>
         <input_file_ref idref="fl-eb"/>
      </object_component>
      <object_component id="oc-2e9">
         <name>.text:UARTSend</name>
         <load_address>0x37b4</load_address>
         <run_address>0x37b4</run_address>
         <size>0x30</size>
         <input_file_ref idref="fl-6"/>
      </object_component>
      <object_component id="oc-20b">
         <name>.text:GrStringNextCharGet</name>
         <load_address>0x37e4</load_address>
         <run_address>0x37e4</run_address>
         <size>0x2e</size>
         <input_file_ref idref="fl-f0"/>
      </object_component>
      <object_component id="oc-34f">
         <name>.text</name>
         <load_address>0x3812</load_address>
         <run_address>0x3812</run_address>
         <size>0x2e</size>
         <input_file_ref idref="fl-de"/>
      </object_component>
      <object_component id="oc-2d4">
         <name>.text:ComparatorIntRegister</name>
         <load_address>0x3840</load_address>
         <run_address>0x3840</run_address>
         <size>0x2c</size>
         <input_file_ref idref="fl-9"/>
      </object_component>
      <object_component id="oc-156">
         <name>.text:GrFontBaselineGet</name>
         <load_address>0x386c</load_address>
         <run_address>0x386c</run_address>
         <size>0x2c</size>
         <input_file_ref idref="fl-f0"/>
      </object_component>
      <object_component id="oc-26b">
         <name>.text:GPIODirModeSet</name>
         <load_address>0x3898</load_address>
         <run_address>0x3898</run_address>
         <size>0x2a</size>
         <input_file_ref idref="fl-e9"/>
      </object_component>
      <object_component id="oc-309">
         <name>.text:CFAL96x64x16ColorTranslate</name>
         <load_address>0x38c2</load_address>
         <run_address>0x38c2</run_address>
         <size>0x28</size>
         <input_file_ref idref="fl-8"/>
      </object_component>
      <object_component id="oc-217">
         <name>.text:GrFontInfoGet</name>
         <load_address>0x38ea</load_address>
         <run_address>0x38ea</run_address>
         <size>0x26</size>
         <input_file_ref idref="fl-f0"/>
      </object_component>
      <object_component id="oc-1b3">
         <name>.text:setupLED</name>
         <load_address>0x3910</load_address>
         <run_address>0x3910</run_address>
         <size>0x24</size>
         <input_file_ref idref="fl-4"/>
      </object_component>
      <object_component id="oc-211">
         <name>.text:GrFontGlyphDataGet</name>
         <load_address>0x3934</load_address>
         <run_address>0x3934</run_address>
         <size>0x22</size>
         <input_file_ref idref="fl-f0"/>
      </object_component>
      <object_component id="oc-7b">
         <name>.text</name>
         <load_address>0x3956</load_address>
         <run_address>0x3956</run_address>
         <size>0x2</size>
         <input_file_ref idref="fl-cc"/>
      </object_component>
      <object_component id="oc-290">
         <name>.text:UARTDisable</name>
         <load_address>0x3958</load_address>
         <run_address>0x3958</run_address>
         <size>0x20</size>
         <input_file_ref idref="fl-ec"/>
      </object_component>
      <object_component id="oc-3b9">
         <name>.text:GrFontCodepageGet</name>
         <load_address>0x3978</load_address>
         <run_address>0x3978</run_address>
         <size>0x1e</size>
         <input_file_ref idref="fl-f0"/>
      </object_component>
      <object_component id="oc-2da">
         <name>.text:ComparatorIntEnable</name>
         <load_address>0x3996</load_address>
         <run_address>0x3996</run_address>
         <size>0x1c</size>
         <input_file_ref idref="fl-9"/>
      </object_component>
      <object_component id="oc-371">
         <name>.text</name>
         <load_address>0x39b2</load_address>
         <run_address>0x39b2</run_address>
         <size>0x1c</size>
         <input_file_ref idref="fl-e0"/>
      </object_component>
      <object_component id="oc-2c8">
         <name>.text:ComparatorConfigure</name>
         <load_address>0x39ce</load_address>
         <run_address>0x39ce</run_address>
         <size>0x1a</size>
         <input_file_ref idref="fl-9"/>
      </object_component>
      <object_component id="oc-27d">
         <name>.text:GPIOIntRegister</name>
         <load_address>0x39e8</load_address>
         <run_address>0x39e8</run_address>
         <size>0x18</size>
         <input_file_ref idref="fl-e9"/>
      </object_component>
      <object_component id="oc-2bb">
         <name>.text:GPIOPinTypeGPIOOutput</name>
         <load_address>0x3a00</load_address>
         <run_address>0x3a00</run_address>
         <size>0x18</size>
         <input_file_ref idref="fl-e9"/>
      </object_component>
      <object_component id="oc-8d">
         <name>.text</name>
         <load_address>0x3a18</load_address>
         <run_address>0x3a18</run_address>
         <size>0x18</size>
         <input_file_ref idref="fl-d4"/>
      </object_component>
      <object_component id="oc-c8">
         <name>.text:ComparatorIntClear</name>
         <load_address>0x3a30</load_address>
         <run_address>0x3a30</run_address>
         <size>0x16</size>
         <input_file_ref idref="fl-9"/>
      </object_component>
      <object_component id="oc-15c">
         <name>.text:GrStringDraw</name>
         <load_address>0x3a46</load_address>
         <run_address>0x3a46</run_address>
         <size>0x16</size>
         <input_file_ref idref="fl-f0"/>
      </object_component>
      <object_component id="oc-365">
         <name>.text</name>
         <load_address>0x3a5c</load_address>
         <run_address>0x3a5c</run_address>
         <size>0x16</size>
         <input_file_ref idref="fl-e4"/>
      </object_component>
      <object_component id="oc-2b4">
         <name>.text:UARTEnable</name>
         <load_address>0x3a72</load_address>
         <run_address>0x3a72</run_address>
         <size>0x14</size>
         <input_file_ref idref="fl-ec"/>
      </object_component>
      <object_component id="oc-10f">
         <name>.text</name>
         <load_address>0x3a86</load_address>
         <run_address>0x3a86</run_address>
         <size>0x2</size>
         <input_file_ref idref="fl-e3"/>
      </object_component>
      <object_component id="oc-1e7">
         <name>.text</name>
         <load_address>0x3a88</load_address>
         <run_address>0x3a88</run_address>
         <size>0x14</size>
         <input_file_ref idref="fl-d2"/>
      </object_component>
      <object_component id="oc-41b">
         <name>.text</name>
         <load_address>0x3a9c</load_address>
         <run_address>0x3a9c</run_address>
         <size>0x14</size>
         <input_file_ref idref="fl-e7"/>
      </object_component>
      <object_component id="oc-32a">
         <name>.text</name>
         <load_address>0x3ab0</load_address>
         <run_address>0x3ab0</run_address>
         <size>0x14</size>
         <input_file_ref idref="fl-d0"/>
      </object_component>
      <object_component id="oc-2c2">
         <name>.text:ComparatorRefSet</name>
         <load_address>0x3ac4</load_address>
         <run_address>0x3ac4</run_address>
         <size>0x12</size>
         <input_file_ref idref="fl-9"/>
      </object_component>
      <object_component id="oc-2ce">
         <name>.text:GPIOPinTypeComparator</name>
         <load_address>0x3ad6</load_address>
         <run_address>0x3ad6</run_address>
         <size>0x12</size>
         <input_file_ref idref="fl-e9"/>
      </object_component>
      <object_component id="oc-296">
         <name>.text:GPIOPinTypeUART</name>
         <load_address>0x3ae8</load_address>
         <run_address>0x3ae8</run_address>
         <size>0x12</size>
         <input_file_ref idref="fl-e9"/>
      </object_component>
      <object_component id="oc-183">
         <name>.text:FPULazyStackingEnable</name>
         <load_address>0x3afc</load_address>
         <run_address>0x3afc</run_address>
         <size>0x10</size>
         <input_file_ref idref="fl-e8"/>
      </object_component>
      <object_component id="oc-195">
         <name>.text:IntMasterDisable</name>
         <load_address>0x3b0c</load_address>
         <run_address>0x3b0c</run_address>
         <size>0x10</size>
         <input_file_ref idref="fl-ea"/>
      </object_component>
      <object_component id="oc-1bf">
         <name>.text:IntMasterEnable</name>
         <load_address>0x3b1c</load_address>
         <run_address>0x3b1c</run_address>
         <size>0x10</size>
         <input_file_ref idref="fl-ea"/>
      </object_component>
      <object_component id="oc-b3">
         <name>.text</name>
         <load_address>0x3b2c</load_address>
         <run_address>0x3b2c</run_address>
         <size>0x10</size>
         <input_file_ref idref="fl-d1"/>
      </object_component>
      <object_component id="oc-ad">
         <name>.text:UARTCharGetNonBlocking</name>
         <load_address>0x3b3c</load_address>
         <run_address>0x3b3c</run_address>
         <size>0xe</size>
         <input_file_ref idref="fl-ec"/>
      </object_component>
      <object_component id="oc-b9">
         <name>.text:UARTCharsAvail</name>
         <load_address>0x3b4a</load_address>
         <run_address>0x3b4a</run_address>
         <size>0xe</size>
         <input_file_ref idref="fl-ec"/>
      </object_component>
      <object_component id="oc-18">
         <name>.text:decompress:none</name>
         <load_address>0x3b58</load_address>
         <run_address>0x3b58</run_address>
         <size>0xe</size>
         <input_file_ref idref="fl-c7"/>
      </object_component>
      <object_component id="oc-244">
         <name>.text:CPUcpsid</name>
         <load_address>0x3b66</load_address>
         <run_address>0x3b66</run_address>
         <size>0xc</size>
         <input_file_ref idref="fl-ed"/>
      </object_component>
      <object_component id="oc-2e1">
         <name>.text:CPUcpsie</name>
         <load_address>0x3b72</load_address>
         <run_address>0x3b72</run_address>
         <size>0xc</size>
         <input_file_ref idref="fl-ed"/>
      </object_component>
      <object_component id="oc-283">
         <name>.text:GPIOIntEnable</name>
         <load_address>0x3b7e</load_address>
         <run_address>0x3b7e</run_address>
         <size>0xc</size>
         <input_file_ref idref="fl-e9"/>
      </object_component>
      <object_component id="oc-1e">
         <name>.text:decompress:ZI</name>
         <load_address>0x3b8a</load_address>
         <run_address>0x3b8a</run_address>
         <size>0xc</size>
         <input_file_ref idref="fl-c8"/>
      </object_component>
      <object_component id="oc-30f">
         <name>.text:CFAL96x64x16Flush</name>
         <load_address>0x3b96</load_address>
         <run_address>0x3b96</run_address>
         <size>0xa</size>
         <input_file_ref idref="fl-8"/>
      </object_component>
      <object_component id="oc-3ee">
         <name>.text:UARTCharPut</name>
         <load_address>0x3ba0</load_address>
         <run_address>0x3ba0</run_address>
         <size>0xa</size>
         <input_file_ref idref="fl-ec"/>
      </object_component>
      <object_component id="oc-a1">
         <name>.text:UARTIntStatus</name>
         <load_address>0x3baa</load_address>
         <run_address>0x3baa</run_address>
         <size>0xa</size>
         <input_file_ref idref="fl-ec"/>
      </object_component>
      <object_component id="oc-3af">
         <name>.text:GrMapISO8859_1_Unicode</name>
         <load_address>0x3bb4</load_address>
         <run_address>0x3bb4</run_address>
         <size>0x8</size>
         <input_file_ref idref="fl-f2"/>
      </object_component>
      <object_component id="oc-2ae">
         <name>.text:UARTIntEnable</name>
         <load_address>0x3bbc</load_address>
         <run_address>0x3bbc</run_address>
         <size>0x8</size>
         <input_file_ref idref="fl-ec"/>
      </object_component>
      <object_component id="oc-db">
         <name>.text:GPIOIntClear</name>
         <load_address>0x3bc4</load_address>
         <run_address>0x3bc4</run_address>
         <size>0x6</size>
         <input_file_ref idref="fl-e9"/>
      </object_component>
      <object_component id="oc-e1">
         <name>.text:GPIOPinRead</name>
         <load_address>0x3bca</load_address>
         <run_address>0x3bca</run_address>
         <size>0x6</size>
         <input_file_ref idref="fl-e9"/>
      </object_component>
      <object_component id="oc-1d1">
         <name>.text:GPIOPinWrite</name>
         <load_address>0x3bd0</load_address>
         <run_address>0x3bd0</run_address>
         <size>0x6</size>
         <input_file_ref idref="fl-e9"/>
      </object_component>
      <object_component id="oc-1a1">
         <name>.text:GrContextFontSet</name>
         <load_address>0x3bd6</load_address>
         <run_address>0x3bd6</run_address>
         <size>0x6</size>
         <input_file_ref idref="fl-f0"/>
      </object_component>
      <object_component id="oc-2b">
         <name>.text:ResetISR</name>
         <load_address>0x3bdc</load_address>
         <run_address>0x3bdc</run_address>
         <size>0x6</size>
         <input_file_ref idref="fl-3"/>
      </object_component>
      <object_component id="oc-231">
         <name>.text:SysCtlDelay</name>
         <load_address>0x3be2</load_address>
         <run_address>0x3be2</run_address>
         <size>0x6</size>
         <input_file_ref idref="fl-eb"/>
      </object_component>
      <object_component id="oc-a7">
         <name>.text:UARTIntClear</name>
         <load_address>0x3be8</load_address>
         <run_address>0x3be8</run_address>
         <size>0x4</size>
         <input_file_ref idref="fl-ec"/>
      </object_component>
      <object_component id="oc-81">
         <name>.text</name>
         <load_address>0x3bec</load_address>
         <run_address>0x3bec</run_address>
         <size>0x4</size>
         <input_file_ref idref="fl-cd"/>
      </object_component>
      <object_component id="oc-318">
         <name>.const:.string:g_pui8FontFixed6x8Data</name>
         <load_address>0x3bf0</load_address>
         <run_address>0x3bf0</run_address>
         <size>0x2f8</size>
         <input_file_ref idref="fl-f1"/>
      </object_component>
      <object_component id="oc-133">
         <name>.const:.string:_ctypes_</name>
         <load_address>0x3ee8</load_address>
         <run_address>0x3ee8</run_address>
         <size>0x101</size>
         <input_file_ref idref="fl-d8"/>
      </object_component>
      <object_component id="oc-1da">
         <name>.const:g_sFontFixed6x8</name>
         <load_address>0x3fec</load_address>
         <run_address>0x3fec</run_address>
         <size>0xc8</size>
         <input_file_ref idref="fl-f1"/>
      </object_component>
      <object_component id="oc-43b">
         <name>.const:g_ppui32GPIOIntMapBlizzard</name>
         <load_address>0x40b4</load_address>
         <run_address>0x40b4</run_address>
         <size>0xc0</size>
         <input_file_ref idref="fl-e9"/>
      </object_component>
      <object_component id="oc-43e">
         <name>.const:g_ppui32GPIOIntMapSnowflake</name>
         <load_address>0x4174</load_address>
         <run_address>0x4174</run_address>
         <size>0xc0</size>
         <input_file_ref idref="fl-e9"/>
      </object_component>
      <object_component id="oc-3df">
         <name>.const</name>
         <load_address>0x4234</load_address>
         <run_address>0x4234</run_address>
         <size>0x70</size>
         <input_file_ref idref="fl-ea"/>
      </object_component>
      <object_component id="oc-3da">
         <name>.const:g_pui32Xtals</name>
         <load_address>0x42a4</load_address>
         <run_address>0x42a4</run_address>
         <size>0x6c</size>
         <input_file_ref idref="fl-eb"/>
      </object_component>
      <object_component id="oc-1d7">
         <name>.const:g_sCFAL96x64x16</name>
         <load_address>0x4310</load_address>
         <run_address>0x4310</run_address>
         <size>0x28</size>
         <input_file_ref idref="fl-8"/>
      </object_component>
      <object_component id="oc-251">
         <name>.const</name>
         <load_address>0x4338</load_address>
         <run_address>0x4338</run_address>
         <size>0x10</size>
         <input_file_ref idref="fl-ee"/>
      </object_component>
      <object_component id="oc-48f">
         <name>.cinit..data.load</name>
         <load_address>0x4348</load_address>
         <run_address>0x4348</run_address>
         <size>0x33</size>
      </object_component>
      <object_component id="oc-48c">
         <name>__TI_handler_table</name>
         <load_address>0x437c</load_address>
         <run_address>0x437c</run_address>
         <size>0xc</size>
      </object_component>
      <object_component id="oc-490">
         <name>.cinit..bss.load</name>
         <load_address>0x4388</load_address>
         <run_address>0x4388</run_address>
         <size>0x8</size>
      </object_component>
      <object_component id="oc-48e">
         <name>.cinit..vtable.load</name>
         <load_address>0x4390</load_address>
         <run_address>0x4390</run_address>
         <size>0x8</size>
      </object_component>
      <object_component id="oc-48d">
         <name>__TI_cinit_table</name>
         <load_address>0x4398</load_address>
         <run_address>0x4398</run_address>
         <size>0x18</size>
      </object_component>
      <object_component id="oc-442">
         <name>.vtable</name>
         <uninitialized>true</uninitialized>
         <run_address>0x20000000</run_address>
         <size>0x26c</size>
         <input_file_ref idref="fl-ea"/>
      </object_component>
      <object_component id="oc-bf">
         <name>.data</name>
         <load_address>0x2000066c</load_address>
         <run_address>0x2000066c</run_address>
         <size>0x14</size>
         <input_file_ref idref="fl-2"/>
      </object_component>
      <object_component id="oc-289">
         <name>.data</name>
         <load_address>0x200006b0</load_address>
         <run_address>0x200006b0</run_address>
         <size>0x3</size>
         <input_file_ref idref="fl-7"/>
      </object_component>
      <object_component id="oc-240">
         <name>.data:g_ui8DisplayInitCommands</name>
         <load_address>0x20000680</load_address>
         <run_address>0x20000680</run_address>
         <size>0x13</size>
         <input_file_ref idref="fl-8"/>
      </object_component>
      <object_component id="oc-11f">
         <name>.data:$O1$$</name>
         <load_address>0x20000694</load_address>
         <run_address>0x20000694</run_address>
         <size>0xc</size>
         <input_file_ref idref="fl-c9"/>
      </object_component>
      <object_component id="oc-99">
         <name>.data</name>
         <load_address>0x200006ac</load_address>
         <run_address>0x200006ac</run_address>
         <size>0x4</size>
         <input_file_ref idref="fl-cf"/>
      </object_component>
      <object_component id="oc-122">
         <name>.data:$O1$$</name>
         <load_address>0x200006a0</load_address>
         <run_address>0x200006a0</run_address>
         <size>0x8</size>
         <input_file_ref idref="fl-d2"/>
      </object_component>
      <object_component id="oc-421">
         <name>.data</name>
         <load_address>0x200006a8</load_address>
         <run_address>0x200006a8</run_address>
         <size>0x4</size>
         <input_file_ref idref="fl-e6"/>
      </object_component>
      <object_component id="oc-142">
         <name>.common:sContext</name>
         <uninitialized>true</uninitialized>
         <run_address>0x200006b4</run_address>
         <size>0x2c</size>
      </object_component>
      <object_component id="oc-e7">
         <name>.common:leftButton</name>
         <uninitialized>true</uninitialized>
         <run_address>0x200006e8</run_address>
         <size>0x4</size>
      </object_component>
      <object_component id="oc-ea">
         <name>.common:rightButton</name>
         <uninitialized>true</uninitialized>
         <run_address>0x200006ec</run_address>
         <size>0x4</size>
      </object_component>
      <object_component id="oc-eb">
         <name>.common:upButton</name>
         <uninitialized>true</uninitialized>
         <run_address>0x200006f4</run_address>
         <size>0x4</size>
      </object_component>
      <object_component id="oc-ec">
         <name>.common:downButton</name>
         <uninitialized>true</uninitialized>
         <run_address>0x200006e0</run_address>
         <size>0x4</size>
      </object_component>
      <object_component id="oc-ed">
         <name>.common:selectButton</name>
         <uninitialized>true</uninitialized>
         <run_address>0x200006f0</run_address>
         <size>0x4</size>
      </object_component>
      <object_component id="oc-254">
         <name>.common:g_psGrLibDefaults</name>
         <uninitialized>true</uninitialized>
         <run_address>0x200006e4</run_address>
         <size>0x4</size>
      </object_component>
      <object_component id="oc-2a">
         <name>.stack</name>
         <uninitialized>true</uninitialized>
         <run_address>0x2000026c</run_address>
         <size>0x0</size>
         <input_file_ref idref="fl-c5"/>
      </object_component>
      <object_component id="oc-491">
         <name>.stack</name>
         <uninitialized>true</uninitialized>
         <run_address>0x2000026c</run_address>
         <size>0x0</size>
      </object_component>
      <object_component id="oc-e8">
         <name>.debug_info</name>
         <load_address>0x0</load_address>
         <run_address>0x0</run_address>
         <size>0x9a2</size>
         <input_file_ref idref="fl-2"/>
      </object_component>
      <object_component id="oc-c0">
         <name>.debug_info</name>
         <load_address>0x9a2</load_address>
         <run_address>0x9a2</run_address>
         <size>0x19b</size>
         <input_file_ref idref="fl-2"/>
      </object_component>
      <object_component id="oc-50">
         <name>.debug_info</name>
         <load_address>0xb3d</load_address>
         <run_address>0xb3d</run_address>
         <size>0x268</size>
         <input_file_ref idref="fl-2"/>
      </object_component>
      <object_component id="oc-4a">
         <name>.debug_info</name>
         <load_address>0xda5</load_address>
         <run_address>0xda5</run_address>
         <size>0x167</size>
         <input_file_ref idref="fl-2"/>
      </object_component>
      <object_component id="oc-44">
         <name>.debug_info</name>
         <load_address>0xf0c</load_address>
         <run_address>0xf0c</run_address>
         <size>0x1a9</size>
         <input_file_ref idref="fl-2"/>
      </object_component>
      <object_component id="oc-119">
         <name>.debug_info</name>
         <load_address>0x10b5</load_address>
         <run_address>0x10b5</run_address>
         <size>0x330</size>
         <input_file_ref idref="fl-2"/>
      </object_component>
      <object_component id="oc-16d">
         <name>.debug_info</name>
         <load_address>0x13e5</load_address>
         <run_address>0x13e5</run_address>
         <size>0x97</size>
         <input_file_ref idref="fl-2"/>
      </object_component>
      <object_component id="oc-163">
         <name>.debug_info</name>
         <load_address>0x147c</load_address>
         <run_address>0x147c</run_address>
         <size>0x5a</size>
         <input_file_ref idref="fl-2"/>
      </object_component>
      <object_component id="oc-144">
         <name>.debug_info</name>
         <load_address>0x14d6</load_address>
         <run_address>0x14d6</run_address>
         <size>0x6bd</size>
         <input_file_ref idref="fl-2"/>
      </object_component>
      <object_component id="oc-12b">
         <name>.debug_info</name>
         <load_address>0x1b93</load_address>
         <run_address>0x1b93</run_address>
         <size>0x8b</size>
         <input_file_ref idref="fl-2"/>
      </object_component>
      <object_component id="oc-c3">
         <name>.debug_info</name>
         <load_address>0x1c1e</load_address>
         <run_address>0x1c1e</run_address>
         <size>0x18b</size>
         <input_file_ref idref="fl-2"/>
      </object_component>
      <object_component id="oc-57">
         <name>.debug_info</name>
         <load_address>0x1da9</load_address>
         <run_address>0x1da9</run_address>
         <size>0x2e3</size>
         <input_file_ref idref="fl-3"/>
      </object_component>
      <object_component id="oc-10">
         <name>.debug_info</name>
         <load_address>0x208c</load_address>
         <run_address>0x208c</run_address>
         <size>0xe8</size>
         <input_file_ref idref="fl-3"/>
      </object_component>
      <object_component id="oc-2c">
         <name>.debug_info</name>
         <load_address>0x2174</load_address>
         <run_address>0x2174</run_address>
         <size>0x118</size>
         <input_file_ref idref="fl-3"/>
      </object_component>
      <object_component id="oc-32">
         <name>.debug_info</name>
         <load_address>0x228c</load_address>
         <run_address>0x228c</run_address>
         <size>0x109</size>
         <input_file_ref idref="fl-3"/>
      </object_component>
      <object_component id="oc-38">
         <name>.debug_info</name>
         <load_address>0x2395</load_address>
         <run_address>0x2395</run_address>
         <size>0x10f</size>
         <input_file_ref idref="fl-3"/>
      </object_component>
      <object_component id="oc-3f">
         <name>.debug_info</name>
         <load_address>0x24a4</load_address>
         <run_address>0x24a4</run_address>
         <size>0x121</size>
         <input_file_ref idref="fl-3"/>
      </object_component>
      <object_component id="oc-5e">
         <name>.debug_info</name>
         <load_address>0x25c5</load_address>
         <run_address>0x25c5</run_address>
         <size>0x84</size>
         <input_file_ref idref="fl-3"/>
      </object_component>
      <object_component id="oc-38a">
         <name>.debug_info</name>
         <load_address>0x2649</load_address>
         <run_address>0x2649</run_address>
         <size>0x32a</size>
         <input_file_ref idref="fl-4"/>
      </object_component>
      <object_component id="oc-1b6">
         <name>.debug_info</name>
         <load_address>0x2973</load_address>
         <run_address>0x2973</run_address>
         <size>0x179</size>
         <input_file_ref idref="fl-4"/>
      </object_component>
      <object_component id="oc-206">
         <name>.debug_info</name>
         <load_address>0x2aec</load_address>
         <run_address>0x2aec</run_address>
         <size>0x4e</size>
         <input_file_ref idref="fl-4"/>
      </object_component>
      <object_component id="oc-149">
         <name>.debug_info</name>
         <load_address>0x2b3a</load_address>
         <run_address>0x2b3a</run_address>
         <size>0x644</size>
         <input_file_ref idref="fl-5"/>
      </object_component>
      <object_component id="oc-cf">
         <name>.debug_info</name>
         <load_address>0x317e</load_address>
         <run_address>0x317e</run_address>
         <size>0x182</size>
         <input_file_ref idref="fl-5"/>
      </object_component>
      <object_component id="oc-d5">
         <name>.debug_info</name>
         <load_address>0x3300</load_address>
         <run_address>0x3300</run_address>
         <size>0x38d</size>
         <input_file_ref idref="fl-5"/>
      </object_component>
      <object_component id="oc-1c6">
         <name>.debug_info</name>
         <load_address>0x368d</load_address>
         <run_address>0x368d</run_address>
         <size>0x24f</size>
         <input_file_ref idref="fl-5"/>
      </object_component>
      <object_component id="oc-3f5">
         <name>.debug_info</name>
         <load_address>0x38dc</load_address>
         <run_address>0x38dc</run_address>
         <size>0x4f6</size>
         <input_file_ref idref="fl-6"/>
      </object_component>
      <object_component id="oc-1ae">
         <name>.debug_info</name>
         <load_address>0x3dd2</load_address>
         <run_address>0x3dd2</run_address>
         <size>0x255</size>
         <input_file_ref idref="fl-6"/>
      </object_component>
      <object_component id="oc-2ea">
         <name>.debug_info</name>
         <load_address>0x4027</load_address>
         <run_address>0x4027</run_address>
         <size>0x1be</size>
         <input_file_ref idref="fl-6"/>
      </object_component>
      <object_component id="oc-1cd">
         <name>.debug_info</name>
         <load_address>0x41e5</load_address>
         <run_address>0x41e5</run_address>
         <size>0x179</size>
         <input_file_ref idref="fl-6"/>
      </object_component>
      <object_component id="oc-100">
         <name>.debug_info</name>
         <load_address>0x435e</load_address>
         <run_address>0x435e</run_address>
         <size>0x2c</size>
         <input_file_ref idref="fl-6"/>
      </object_component>
      <object_component id="oc-3d7">
         <name>.debug_info</name>
         <load_address>0x438a</load_address>
         <run_address>0x438a</run_address>
         <size>0x486</size>
         <input_file_ref idref="fl-7"/>
      </object_component>
      <object_component id="oc-28a">
         <name>.debug_info</name>
         <load_address>0x4810</load_address>
         <run_address>0x4810</run_address>
         <size>0xfd</size>
         <input_file_ref idref="fl-7"/>
      </object_component>
      <object_component id="oc-28c">
         <name>.debug_info</name>
         <load_address>0x490d</load_address>
         <run_address>0x490d</run_address>
         <size>0x262</size>
         <input_file_ref idref="fl-7"/>
      </object_component>
      <object_component id="oc-1ab">
         <name>.debug_info</name>
         <load_address>0x4b6f</load_address>
         <run_address>0x4b6f</run_address>
         <size>0x20b</size>
         <input_file_ref idref="fl-7"/>
      </object_component>
      <object_component id="oc-317">
         <name>.debug_info</name>
         <load_address>0x4d7a</load_address>
         <run_address>0x4d7a</run_address>
         <size>0x4ea</size>
         <input_file_ref idref="fl-8"/>
      </object_component>
      <object_component id="oc-241">
         <name>.debug_info</name>
         <load_address>0x5264</load_address>
         <run_address>0x5264</run_address>
         <size>0x143</size>
         <input_file_ref idref="fl-8"/>
      </object_component>
      <object_component id="oc-1d8">
         <name>.debug_info</name>
         <load_address>0x53a7</load_address>
         <run_address>0x53a7</run_address>
         <size>0x133</size>
         <input_file_ref idref="fl-8"/>
      </object_component>
      <object_component id="oc-235">
         <name>.debug_info</name>
         <load_address>0x54da</load_address>
         <run_address>0x54da</run_address>
         <size>0x27a</size>
         <input_file_ref idref="fl-8"/>
      </object_component>
      <object_component id="oc-3f7">
         <name>.debug_info</name>
         <load_address>0x5754</load_address>
         <run_address>0x5754</run_address>
         <size>0x278</size>
         <input_file_ref idref="fl-8"/>
      </object_component>
      <object_component id="oc-2f2">
         <name>.debug_info</name>
         <load_address>0x59cc</load_address>
         <run_address>0x59cc</run_address>
         <size>0x315</size>
         <input_file_ref idref="fl-8"/>
      </object_component>
      <object_component id="oc-2f8">
         <name>.debug_info</name>
         <load_address>0x5ce1</load_address>
         <run_address>0x5ce1</run_address>
         <size>0x461</size>
         <input_file_ref idref="fl-8"/>
      </object_component>
      <object_component id="oc-2fe">
         <name>.debug_info</name>
         <load_address>0x6142</load_address>
         <run_address>0x6142</run_address>
         <size>0x33f</size>
         <input_file_ref idref="fl-8"/>
      </object_component>
      <object_component id="oc-304">
         <name>.debug_info</name>
         <load_address>0x6481</load_address>
         <run_address>0x6481</run_address>
         <size>0x35e</size>
         <input_file_ref idref="fl-8"/>
      </object_component>
      <object_component id="oc-23b">
         <name>.debug_info</name>
         <load_address>0x67df</load_address>
         <run_address>0x67df</run_address>
         <size>0x2cd</size>
         <input_file_ref idref="fl-8"/>
      </object_component>
      <object_component id="oc-30a">
         <name>.debug_info</name>
         <load_address>0x6aac</load_address>
         <run_address>0x6aac</run_address>
         <size>0x28c</size>
         <input_file_ref idref="fl-8"/>
      </object_component>
      <object_component id="oc-310">
         <name>.debug_info</name>
         <load_address>0x6d38</load_address>
         <run_address>0x6d38</run_address>
         <size>0x23f</size>
         <input_file_ref idref="fl-8"/>
      </object_component>
      <object_component id="oc-190">
         <name>.debug_info</name>
         <load_address>0x6f77</load_address>
         <run_address>0x6f77</run_address>
         <size>0x2ed</size>
         <input_file_ref idref="fl-8"/>
      </object_component>
      <object_component id="oc-3eb">
         <name>.debug_info</name>
         <load_address>0x7264</load_address>
         <run_address>0x7264</run_address>
         <size>0x3ef</size>
         <input_file_ref idref="fl-9"/>
      </object_component>
      <object_component id="oc-2cb">
         <name>.debug_info</name>
         <load_address>0x7653</load_address>
         <run_address>0x7653</run_address>
         <size>0x225</size>
         <input_file_ref idref="fl-9"/>
      </object_component>
      <object_component id="oc-2c4">
         <name>.debug_info</name>
         <load_address>0x7878</load_address>
         <run_address>0x7878</run_address>
         <size>0x1e0</size>
         <input_file_ref idref="fl-9"/>
      </object_component>
      <object_component id="oc-2d7">
         <name>.debug_info</name>
         <load_address>0x7a58</load_address>
         <run_address>0x7a58</run_address>
         <size>0x24c</size>
         <input_file_ref idref="fl-9"/>
      </object_component>
      <object_component id="oc-2dc">
         <name>.debug_info</name>
         <load_address>0x7ca4</load_address>
         <run_address>0x7ca4</run_address>
         <size>0x1ed</size>
         <input_file_ref idref="fl-9"/>
      </object_component>
      <object_component id="oc-c9">
         <name>.debug_info</name>
         <load_address>0x7e91</load_address>
         <run_address>0x7e91</run_address>
         <size>0x1eb</size>
         <input_file_ref idref="fl-9"/>
      </object_component>
      <object_component id="oc-1bb">
         <name>.debug_info</name>
         <load_address>0x807c</load_address>
         <run_address>0x807c</run_address>
         <size>0x26a</size>
         <input_file_ref idref="fl-9"/>
      </object_component>
      <object_component id="oc-25">
         <name>.debug_info</name>
         <load_address>0x82e6</load_address>
         <run_address>0x82e6</run_address>
         <size>0x160</size>
         <input_file_ref idref="fl-c5"/>
      </object_component>
      <object_component id="oc-f6">
         <name>.debug_info</name>
         <load_address>0x8446</load_address>
         <run_address>0x8446</run_address>
         <size>0x293</size>
         <input_file_ref idref="fl-c6"/>
      </object_component>
      <object_component id="oc-16">
         <name>.debug_info</name>
         <load_address>0x86d9</load_address>
         <run_address>0x86d9</run_address>
         <size>0x245</size>
         <input_file_ref idref="fl-c6"/>
      </object_component>
      <object_component id="oc-59">
         <name>.debug_info</name>
         <load_address>0x891e</load_address>
         <run_address>0x891e</run_address>
         <size>0x60</size>
         <input_file_ref idref="fl-c6"/>
      </object_component>
      <object_component id="oc-f1">
         <name>.debug_info</name>
         <load_address>0x897e</load_address>
         <run_address>0x897e</run_address>
         <size>0x46</size>
         <input_file_ref idref="fl-c6"/>
      </object_component>
      <object_component id="oc-6e">
         <name>.debug_info</name>
         <load_address>0x89c4</load_address>
         <run_address>0x89c4</run_address>
         <size>0x2da</size>
         <input_file_ref idref="fl-c7"/>
      </object_component>
      <object_component id="oc-19">
         <name>.debug_info</name>
         <load_address>0x8c9e</load_address>
         <run_address>0x8c9e</run_address>
         <size>0x1df</size>
         <input_file_ref idref="fl-c7"/>
      </object_component>
      <object_component id="oc-69">
         <name>.debug_info</name>
         <load_address>0x8e7d</load_address>
         <run_address>0x8e7d</run_address>
         <size>0x46</size>
         <input_file_ref idref="fl-c7"/>
      </object_component>
      <object_component id="oc-f8">
         <name>.debug_info</name>
         <load_address>0x8ec3</load_address>
         <run_address>0x8ec3</run_address>
         <size>0x2c</size>
         <input_file_ref idref="fl-c7"/>
      </object_component>
      <object_component id="oc-7a">
         <name>.debug_info</name>
         <load_address>0x8eef</load_address>
         <run_address>0x8eef</run_address>
         <size>0x2c9</size>
         <input_file_ref idref="fl-c8"/>
      </object_component>
      <object_component id="oc-22">
         <name>.debug_info</name>
         <load_address>0x91b8</load_address>
         <run_address>0x91b8</run_address>
         <size>0x1aa</size>
         <input_file_ref idref="fl-c8"/>
      </object_component>
      <object_component id="oc-75">
         <name>.debug_info</name>
         <load_address>0x9362</load_address>
         <run_address>0x9362</run_address>
         <size>0x46</size>
         <input_file_ref idref="fl-c8"/>
      </object_component>
      <object_component id="oc-126">
         <name>.debug_info</name>
         <load_address>0x93a8</load_address>
         <run_address>0x93a8</run_address>
         <size>0x3ce</size>
         <input_file_ref idref="fl-c9"/>
      </object_component>
      <object_component id="oc-120">
         <name>.debug_info</name>
         <load_address>0x9776</load_address>
         <run_address>0x9776</run_address>
         <size>0x185</size>
         <input_file_ref idref="fl-c9"/>
      </object_component>
      <object_component id="oc-94">
         <name>.debug_info</name>
         <load_address>0x98fb</load_address>
         <run_address>0x98fb</run_address>
         <size>0x214</size>
         <input_file_ref idref="fl-c9"/>
      </object_component>
      <object_component id="oc-66">
         <name>.debug_info</name>
         <load_address>0x9b0f</load_address>
         <run_address>0x9b0f</run_address>
         <size>0x111</size>
         <input_file_ref idref="fl-ca"/>
      </object_component>
      <object_component id="oc-71">
         <name>.debug_info</name>
         <load_address>0x9c20</load_address>
         <run_address>0x9c20</run_address>
         <size>0x13f</size>
         <input_file_ref idref="fl-cb"/>
      </object_component>
      <object_component id="oc-7c">
         <name>.debug_info</name>
         <load_address>0x9d5f</load_address>
         <run_address>0x9d5f</run_address>
         <size>0x138</size>
         <input_file_ref idref="fl-cc"/>
      </object_component>
      <object_component id="oc-85">
         <name>.debug_info</name>
         <load_address>0x9e97</load_address>
         <run_address>0x9e97</run_address>
         <size>0x148</size>
         <input_file_ref idref="fl-cd"/>
      </object_component>
      <object_component id="oc-205">
         <name>.debug_info</name>
         <load_address>0x9fdf</load_address>
         <run_address>0x9fdf</run_address>
         <size>0x355</size>
         <input_file_ref idref="fl-ce"/>
      </object_component>
      <object_component id="oc-14c">
         <name>.debug_info</name>
         <load_address>0xa334</load_address>
         <run_address>0xa334</run_address>
         <size>0x2e4</size>
         <input_file_ref idref="fl-ce"/>
      </object_component>
      <object_component id="oc-383">
         <name>.debug_info</name>
         <load_address>0xa618</load_address>
         <run_address>0xa618</run_address>
         <size>0x2c</size>
         <input_file_ref idref="fl-ce"/>
      </object_component>
      <object_component id="oc-9a">
         <name>.debug_info</name>
         <load_address>0xa644</load_address>
         <run_address>0xa644</run_address>
         <size>0x109</size>
         <input_file_ref idref="fl-cf"/>
      </object_component>
      <object_component id="oc-40a">
         <name>.debug_info</name>
         <load_address>0xa74d</load_address>
         <run_address>0xa74d</run_address>
         <size>0x284</size>
         <input_file_ref idref="fl-d0"/>
      </object_component>
      <object_component id="oc-32b">
         <name>.debug_info</name>
         <load_address>0xa9d1</load_address>
         <run_address>0xa9d1</run_address>
         <size>0x22a</size>
         <input_file_ref idref="fl-d0"/>
      </object_component>
      <object_component id="oc-137">
         <name>.debug_info</name>
         <load_address>0xabfb</load_address>
         <run_address>0xabfb</run_address>
         <size>0x2ab</size>
         <input_file_ref idref="fl-d1"/>
      </object_component>
      <object_component id="oc-b7">
         <name>.debug_info</name>
         <load_address>0xaea6</load_address>
         <run_address>0xaea6</run_address>
         <size>0x149</size>
         <input_file_ref idref="fl-d1"/>
      </object_component>
      <object_component id="oc-1ef">
         <name>.debug_info</name>
         <load_address>0xafef</load_address>
         <run_address>0xafef</run_address>
         <size>0x2be</size>
         <input_file_ref idref="fl-d2"/>
      </object_component>
      <object_component id="oc-123">
         <name>.debug_info</name>
         <load_address>0xb2ad</load_address>
         <run_address>0xb2ad</run_address>
         <size>0x113</size>
         <input_file_ref idref="fl-d2"/>
      </object_component>
      <object_component id="oc-1e9">
         <name>.debug_info</name>
         <load_address>0xb3c0</load_address>
         <run_address>0xb3c0</run_address>
         <size>0x21f</size>
         <input_file_ref idref="fl-d2"/>
      </object_component>
      <object_component id="oc-378">
         <name>.debug_info</name>
         <load_address>0xb5df</load_address>
         <run_address>0xb5df</run_address>
         <size>0x51f</size>
         <input_file_ref idref="fl-d3"/>
      </object_component>
      <object_component id="oc-200">
         <name>.debug_info</name>
         <load_address>0xbafe</load_address>
         <run_address>0xbafe</run_address>
         <size>0x1543</size>
         <input_file_ref idref="fl-d3"/>
      </object_component>
      <object_component id="oc-379">
         <name>.debug_info</name>
         <load_address>0xd041</load_address>
         <run_address>0xd041</run_address>
         <size>0x86</size>
         <input_file_ref idref="fl-d3"/>
      </object_component>
      <object_component id="oc-42e">
         <name>.debug_info</name>
         <load_address>0xd0c7</load_address>
         <run_address>0xd0c7</run_address>
         <size>0x46</size>
         <input_file_ref idref="fl-d3"/>
      </object_component>
      <object_component id="oc-37e">
         <name>.debug_info</name>
         <load_address>0xd10d</load_address>
         <run_address>0xd10d</run_address>
         <size>0x39</size>
         <input_file_ref idref="fl-d3"/>
      </object_component>
      <object_component id="oc-11e">
         <name>.debug_info</name>
         <load_address>0xd146</load_address>
         <run_address>0xd146</run_address>
         <size>0x300</size>
         <input_file_ref idref="fl-d4"/>
      </object_component>
      <object_component id="oc-8f">
         <name>.debug_info</name>
         <load_address>0xd446</load_address>
         <run_address>0xd446</run_address>
         <size>0x167</size>
         <input_file_ref idref="fl-d4"/>
      </object_component>
      <object_component id="oc-1e0">
         <name>.debug_info</name>
         <load_address>0xd5ad</load_address>
         <run_address>0xd5ad</run_address>
         <size>0x5e</size>
         <input_file_ref idref="fl-d4"/>
      </object_component>
      <object_component id="oc-429">
         <name>.debug_info</name>
         <load_address>0xd60b</load_address>
         <run_address>0xd60b</run_address>
         <size>0x2ae</size>
         <input_file_ref idref="fl-d5"/>
      </object_component>
      <object_component id="oc-36d">
         <name>.debug_info</name>
         <load_address>0xd8b9</load_address>
         <run_address>0xd8b9</run_address>
         <size>0x171</size>
         <input_file_ref idref="fl-d5"/>
      </object_component>
      <object_component id="oc-116">
         <name>.debug_info</name>
         <load_address>0xda2a</load_address>
         <run_address>0xda2a</run_address>
         <size>0x483</size>
         <input_file_ref idref="fl-d6"/>
      </object_component>
      <object_component id="oc-88">
         <name>.debug_info</name>
         <load_address>0xdead</load_address>
         <run_address>0xdead</run_address>
         <size>0x190</size>
         <input_file_ref idref="fl-d6"/>
      </object_component>
      <object_component id="oc-179">
         <name>.debug_info</name>
         <load_address>0xe03d</load_address>
         <run_address>0xe03d</run_address>
         <size>0x39</size>
         <input_file_ref idref="fl-d6"/>
      </object_component>
      <object_component id="oc-22b">
         <name>.debug_info</name>
         <load_address>0xe076</load_address>
         <run_address>0xe076</run_address>
         <size>0x39</size>
         <input_file_ref idref="fl-d6"/>
      </object_component>
      <object_component id="oc-17e">
         <name>.debug_info</name>
         <load_address>0xe0af</load_address>
         <run_address>0xe0af</run_address>
         <size>0xcd</size>
         <input_file_ref idref="fl-d6"/>
      </object_component>
      <object_component id="oc-175">
         <name>.debug_info</name>
         <load_address>0xe17c</load_address>
         <run_address>0xe17c</run_address>
         <size>0x37a</size>
         <input_file_ref idref="fl-d7"/>
      </object_component>
      <object_component id="oc-10a">
         <name>.debug_info</name>
         <load_address>0xe4f6</load_address>
         <run_address>0xe4f6</run_address>
         <size>0x183</size>
         <input_file_ref idref="fl-d7"/>
      </object_component>
      <object_component id="oc-226">
         <name>.debug_info</name>
         <load_address>0xe679</load_address>
         <run_address>0xe679</run_address>
         <size>0x2c</size>
         <input_file_ref idref="fl-d7"/>
      </object_component>
      <object_component id="oc-1f7">
         <name>.debug_info</name>
         <load_address>0xe6a5</load_address>
         <run_address>0xe6a5</run_address>
         <size>0xee</size>
         <input_file_ref idref="fl-d8"/>
      </object_component>
      <object_component id="oc-134">
         <name>.debug_info</name>
         <load_address>0xe793</load_address>
         <run_address>0xe793</run_address>
         <size>0xfa</size>
         <input_file_ref idref="fl-d8"/>
      </object_component>
      <object_component id="oc-355">
         <name>.debug_info</name>
         <load_address>0xe88d</load_address>
         <run_address>0xe88d</run_address>
         <size>0x144</size>
         <input_file_ref idref="fl-d9"/>
      </object_component>
      <object_component id="oc-332">
         <name>.debug_info</name>
         <load_address>0xe9d1</load_address>
         <run_address>0xe9d1</run_address>
         <size>0x120</size>
         <input_file_ref idref="fl-da"/>
      </object_component>
      <object_component id="oc-341">
         <name>.debug_info</name>
         <load_address>0xeaf1</load_address>
         <run_address>0xeaf1</run_address>
         <size>0x122</size>
         <input_file_ref idref="fl-da"/>
      </object_component>
      <object_component id="oc-33b">
         <name>.debug_info</name>
         <load_address>0xec13</load_address>
         <run_address>0xec13</run_address>
         <size>0x132</size>
         <input_file_ref idref="fl-db"/>
      </object_component>
      <object_component id="oc-336">
         <name>.debug_info</name>
         <load_address>0xed45</load_address>
         <run_address>0xed45</run_address>
         <size>0x132</size>
         <input_file_ref idref="fl-dc"/>
      </object_component>
      <object_component id="oc-345">
         <name>.debug_info</name>
         <load_address>0xee77</load_address>
         <run_address>0xee77</run_address>
         <size>0x126</size>
         <input_file_ref idref="fl-dd"/>
      </object_component>
      <object_component id="oc-352">
         <name>.debug_info</name>
         <load_address>0xef9d</load_address>
         <run_address>0xef9d</run_address>
         <size>0x124</size>
         <input_file_ref idref="fl-de"/>
      </object_component>
      <object_component id="oc-411">
         <name>.debug_info</name>
         <load_address>0xf0c1</load_address>
         <run_address>0xf0c1</run_address>
         <size>0x2e6</size>
         <input_file_ref idref="fl-df"/>
      </object_component>
      <object_component id="oc-34a">
         <name>.debug_info</name>
         <load_address>0xf3a7</load_address>
         <run_address>0xf3a7</run_address>
         <size>0x1c2</size>
         <input_file_ref idref="fl-df"/>
      </object_component>
      <object_component id="oc-42b">
         <name>.debug_info</name>
         <load_address>0xf569</load_address>
         <run_address>0xf569</run_address>
         <size>0x28b</size>
         <input_file_ref idref="fl-e0"/>
      </object_component>
      <object_component id="oc-374">
         <name>.debug_info</name>
         <load_address>0xf7f4</load_address>
         <run_address>0xf7f4</run_address>
         <size>0x1ab</size>
         <input_file_ref idref="fl-e0"/>
      </object_component>
      <object_component id="oc-415">
         <name>.debug_info</name>
         <load_address>0xf99f</load_address>
         <run_address>0xf99f</run_address>
         <size>0x2d9</size>
         <input_file_ref idref="fl-e1"/>
      </object_component>
      <object_component id="oc-35b">
         <name>.debug_info</name>
[...]
         <name>displayInfoOnBoard</name>
         <value>0x262d</value>
         <object_component_ref idref="oc-d4"/>
      </symbol>
      <symbol id="sm-132">
         <name>diplaySplashOnOLED</name>
         <value>0x27ed</value>
         <object_component_ref idref="oc-1c5"/>
      </symbol>
      <symbol id="sm-161">
         <name>setupUART</name>
         <value>0x2dc5</value>
         <object_component_ref idref="oc-1ad"/>
      </symbol>
      <symbol id="sm-162">
         <name>UARTSend</name>
         <value>0x37b5</value>
         <object_component_ref idref="oc-2e9"/>
      </symbol>
      <symbol id="sm-163">
         <name>printMainMenu</name>
         <value>0x3165</value>
         <object_component_ref idref="oc-1cb"/>
      </symbol>
      <symbol id="sm-187">
         <name>ButtonsInit</name>
         <value>0x2e35</value>
         <object_component_ref idref="oc-1a7"/>
      </symbol>
      <symbol id="sm-239">
         <name>g_sCFAL96x64x16</name>
         <value>0x4310</value>
         <object_component_ref idref="oc-1d7"/>
      </symbol>
      <symbol id="sm-23a">
         <name>CFAL96x64x16Init</name>
         <value>0x19b1</value>
         <object_component_ref idref="oc-18f"/>
      </symbol>
      <symbol id="sm-276">
         <name>ComparatorIntClear</name>
         <value>0x3a31</value>
         <object_component_ref idref="oc-c8"/>
      </symbol>
      <symbol id="sm-277">
         <name>ComparatorIntEnable</name>
         <value>0x3997</value>
         <object_component_ref idref="oc-2da"/>
      </symbol>
      <symbol id="sm-278">
         <name>ComparatorRefSet</name>
         <value>0x3ac5</value>
         <object_component_ref idref="oc-2c2"/>
      </symbol>
      <symbol id="sm-279">
         <name>setupComparator</name>
         <value>0x2d55</value>
         <object_component_ref idref="oc-1b9"/>
      </symbol>
      <symbol id="sm-27a">
         <name>ComparatorConfigure</name>
         <value>0x39cf</value>
         <object_component_ref idref="oc-2c8"/>
      </symbol>
      <symbol id="sm-27b">
         <name>ComparatorIntRegister</name>
         <value>0x3841</value>
         <object_component_ref idref="oc-2d4"/>
      </symbol>
      <symbol id="sm-28c">
         <name>_c_int00</name>
         <value>0x32d5</value>
         <object_component_ref idref="oc-24"/>
      </symbol>
      <symbol id="sm-28d">
         <name>__stack</name>
         <value>0x2000026c</value>
         <object_component_ref idref="oc-2a"/>
      </symbol>
      <symbol id="sm-2ab">
         <name>__TI_decompress_lzss</name>
         <value>0x2fd9</value>
         <object_component_ref idref="oc-12"/>
      </symbol>
      <symbol id="sm-2c2">
         <name>__TI_decompress_none</name>
         <value>0x3b59</value>
         <object_component_ref idref="oc-18"/>
      </symbol>
      <symbol id="sm-2d4">
         <name>__TI_zero_init</name>
         <value>0x3b8b</value>
         <object_component_ref idref="oc-1e"/>
      </symbol>
      <symbol id="sm-2f5">
         <name>C$$EXIT</name>
         <value>0x3329</value>
         <object_component_ref idref="oc-93"/>
      </symbol>
      <symbol id="sm-2f6">
         <name>abort</name>
         <value>0x332d</value>
         <object_component_ref idref="oc-93"/>
      </symbol>
      <symbol id="sm-2f7">
         <name>exit</name>
         <value>0x3335</value>
         <object_component_ref idref="oc-93"/>
      </symbol>
      <symbol id="sm-2f8">
         <name>__TI_dtors_ptr</name>
         <value>0x20000698</value>
         <object_component_ref idref="oc-11f"/>
      </symbol>
      <symbol id="sm-2f9">
         <name>__TI_cleanup_ptr</name>
         <value>0x20000694</value>
         <object_component_ref idref="oc-11f"/>
      </symbol>
      <symbol id="sm-2fa">
         <name>__TI_enable_exit_profile_output</name>
         <value>0x2000069c</value>
         <object_component_ref idref="oc-11f"/>
      </symbol>
      <symbol id="sm-315">
         <name>memcpy</name>
         <value>0x2a3d</value>
         <object_component_ref idref="oc-63"/>
      </symbol>
      <symbol id="sm-316">
         <name>__aeabi_memcpy</name>
         <value>0x2a3d</value>
         <object_component_ref idref="oc-63"/>
      </symbol>
      <symbol id="sm-317">
         <name>__aeabi_memcpy8</name>
         <value>0x2a3d</value>
         <object_component_ref idref="oc-63"/>
      </symbol>
      <symbol id="sm-318">
         <name>__aeabi_memcpy4</name>
         <value>0x2a3d</value>
         <object_component_ref idref="oc-63"/>
      </symbol>
      <symbol id="sm-327">
         <name>__aeabi_memset</name>
         <value>0x2c6d</value>
         <object_component_ref idref="oc-6f"/>
      </symbol>
      <symbol id="sm-328">
         <name>memset</name>
         <value>0x2c73</value>
         <object_component_ref idref="oc-6f"/>
      </symbol>
      <symbol id="sm-329">
         <name>__aeabi_memset8</name>
         <value>0x2c6d</value>
         <object_component_ref idref="oc-6f"/>
      </symbol>
      <symbol id="sm-32a">
         <name>__aeabi_memset4</name>
         <value>0x2c6d</value>
         <object_component_ref idref="oc-6f"/>
      </symbol>
      <symbol id="sm-32b">
         <name>__aeabi_memclr8</name>
         <value>0x2c6b</value>
         <object_component_ref idref="oc-6f"/>
      </symbol>
      <symbol id="sm-32c">
         <name>__aeabi_memclr4</name>
         <value>0x2c6b</value>
         <object_component_ref idref="oc-6f"/>
      </symbol>
      <symbol id="sm-32d">
         <name>__aeabi_memclr</name>
         <value>0x2c6b</value>
         <object_component_ref idref="oc-6f"/>
      </symbol>
      <symbol id="sm-337">
         <name>__mpu_init</name>
         <value>0x3957</value>
         <object_component_ref idref="oc-7b"/>
      </symbol>
      <symbol id="sm-341">
         <name>_system_pre_init</name>
         <value>0x3bed</value>
         <object_component_ref idref="oc-81"/>
      </symbol>
      <symbol id="sm-35a">
         <name>sprintf</name>
         <value>0x31c5</value>
         <object_component_ref idref="oc-14a"/>
      </symbol>
      <symbol id="sm-362">
         <name>main_func_sp</name>
         <value>0x200006ac</value>
         <object_component_ref idref="oc-99"/>
      </symbol>
      <symbol id="sm-370">
         <name>strlen</name>
         <value>0x3ab1</value>
         <object_component_ref idref="oc-32a"/>
      </symbol>
      <symbol id="sm-37f">
         <name>tolower</name>
         <value>0x3b2d</value>
         <object_component_ref idref="oc-b3"/>
      </symbol>
      <symbol id="sm-398">
         <name>_nop</name>
         <value>0x3a97</value>
         <object_component_ref idref="oc-1e7"/>
      </symbol>
      <symbol id="sm-399">
         <name>_lock</name>
         <value>0x200006a0</value>
         <object_component_ref idref="oc-122"/>
      </symbol>
      <symbol id="sm-39a">
         <name>_unlock</name>
         <value>0x200006a4</value>
         <object_component_ref idref="oc-122"/>
      </symbol>
      <symbol id="sm-39b">
         <name>_register_lock</name>
         <value>0x3a8f</value>
         <object_component_ref idref="oc-1e7"/>
      </symbol>
      <symbol id="sm-39c">
         <name>_register_unlock</name>
         <value>0x3a89</value>
         <object_component_ref idref="oc-1e7"/>
      </symbol>
      <symbol id="sm-49d">
         <name>__TI_printfi</name>
         <value>0xab1</value>
         <object_component_ref idref="oc-1fe"/>
      </symbol>
      <symbol id="sm-4b1">
         <name>_args_main</name>
         <value>0x3a19</value>
         <object_component_ref idref="oc-8d"/>
      </symbol>
      <symbol id="sm-4c7">
         <name>atoi</name>
         <value>0x346d</value>
         <object_component_ref idref="oc-36b"/>
      </symbol>
      <symbol id="sm-4f1">
         <name>__TI_auto_init</name>
         <value>0x2ce5</value>
         <object_component_ref idref="oc-87"/>
      </symbol>
      <symbol id="sm-50b">
         <name>copy_in</name>
         <value>0x34b9</value>
         <object_component_ref idref="oc-109"/>
      </symbol>
      <symbol id="sm-516">
         <name>_ctypes_</name>
         <value>0x3ee8</value>
         <object_component_ref idref="oc-133"/>
      </symbol>
      <symbol id="sm-52d">
         <name>__aeabi_dsub</name>
         <value>0x1b69</value>
         <object_component_ref idref="oc-354"/>
      </symbol>
      <symbol id="sm-52e">
         <name>__aeabi_dadd</name>
         <value>0x1b73</value>
         <object_component_ref idref="oc-354"/>
      </symbol>
      <symbol id="sm-550">
         <name>__aeabi_cdcmpeq</name>
         <value>0x2b5f</value>
         <object_component_ref idref="oc-330"/>
      </symbol>
      <symbol id="sm-551">
         <name>__aeabi_cdcmple</name>
         <value>0x2b5f</value>
         <object_component_ref idref="oc-330"/>
      </symbol>
      <symbol id="sm-552">
         <name>__aeabi_cdrcmple</name>
         <value>0x2be5</value>
         <object_component_ref idref="oc-33f"/>
      </symbol>
      <symbol id="sm-566">
         <name>__aeabi_ddiv</name>
         <value>0x1fc9</value>
         <object_component_ref idref="oc-33a"/>
      </symbol>
      <symbol id="sm-571">
         <name>__aeabi_dmul</name>
         <value>0x2341</value>
         <object_component_ref idref="oc-335"/>
      </symbol>
      <symbol id="sm-57b">
         <name>__aeabi_d2iz</name>
         <value>0x354f</value>
         <object_component_ref idref="oc-344"/>
      </symbol>
      <symbol id="sm-585">
         <name>__aeabi_i2d</name>
         <value>0x3813</value>
         <object_component_ref idref="oc-34f"/>
      </symbol>
      <symbol id="sm-594">
         <name>ltoa</name>
         <value>0x337d</value>
         <object_component_ref idref="oc-349"/>
      </symbol>
      <symbol id="sm-5a4">
         <name>memccpy</name>
         <value>0x39b3</value>
         <object_component_ref idref="oc-371"/>
      </symbol>
      <symbol id="sm-5bf">
         <name>frexpl</name>
         <value>0x3041</value>
         <object_component_ref idref="oc-359"/>
      </symbol>
      <symbol id="sm-5c0">
         <name>frexp</name>
         <value>0x3041</value>
         <object_component_ref idref="oc-359"/>
      </symbol>
      <symbol id="sm-5dd">
         <name>scalbn</name>
         <value>0x243d</value>
         <object_component_ref idref="oc-35f"/>
      </symbol>
      <symbol id="sm-5de">
         <name>scalbnl</name>
         <value>0x243d</value>
         <object_component_ref idref="oc-35f"/>
      </symbol>
      <symbol id="sm-5df">
         <name>ldexpl</name>
         <value>0x243d</value>
         <object_component_ref idref="oc-35f"/>
      </symbol>
      <symbol id="sm-5e0">
         <name>ldexp</name>
         <value>0x243d</value>
         <object_component_ref idref="oc-35f"/>
      </symbol>
      <symbol id="sm-5ea">
         <name>_system_post_cinit</name>
         <value>0x3a87</value>
         <object_component_ref idref="oc-10f"/>
      </symbol>
      <symbol id="sm-5fa">
         <name>strchr</name>
         <value>0x3a5d</value>
         <object_component_ref idref="oc-365"/>
      </symbol>
      <symbol id="sm-616">
         <name>__aeabi_uldivmod</name>
         <value>0x15ff</value>
         <object_component_ref idref="oc-325"/>
      </symbol>
      <symbol id="sm-61e">
         <name>errno</name>
         <value>0x200006a8</value>
         <object_component_ref idref="oc-421"/>
      </symbol>
      <symbol id="sm-628">
         <name>copysign</name>
         <value>0x3a9d</value>
         <object_component_ref idref="oc-41b"/>
      </symbol>
      <symbol id="sm-629">
         <name>copysignl</name>
         <value>0x3a9d</value>
         <object_component_ref idref="oc-41b"/>
      </symbol>
      <symbol id="sm-635">
         <name>FPULazyStackingEnable</name>
         <value>0x3afd</value>
         <object_component_ref idref="oc-183"/>
      </symbol>
      <symbol id="sm-6b3">
         <name>GPIOIntRegister</name>
         <value>0x39e9</value>
         <object_component_ref idref="oc-27d"/>
      </symbol>
      <symbol id="sm-6b4">
         <name>GPIOIntEnable</name>
         <value>0x3b7f</value>
         <object_component_ref idref="oc-283"/>
      </symbol>
      <symbol id="sm-6b5">
         <name>GPIOIntTypeSet</name>
         <value>0x327f</value>
         <object_component_ref idref="oc-277"/>
      </symbol>
      <symbol id="sm-6b6">
         <name>GPIOPinTypeComparator</name>
         <value>0x3ad7</value>
         <object_component_ref idref="oc-2ce"/>
      </symbol>
      <symbol id="sm-6b7">
         <name>GPIOIntClear</name>
         <value>0x3bc5</value>
         <object_component_ref idref="oc-db"/>
      </symbol>
      <symbol id="sm-6b8">
         <name>GPIOPinTypeUART</name>
         <value>0x3ae9</value>
         <object_component_ref idref="oc-296"/>
      </symbol>
      <symbol id="sm-6b9">
         <name>GPIOPinTypeGPIOOutput</name>
         <value>0x3a01</value>
         <object_component_ref idref="oc-2bb"/>
      </symbol>
      <symbol id="sm-6ba">
         <name>GPIOPinRead</name>
         <value>0x3bcb</value>
         <object_component_ref idref="oc-e1"/>
      </symbol>
      <symbol id="sm-6bb">
         <name>GPIODirModeSet</name>
         <value>0x3899</value>
         <object_component_ref idref="oc-26b"/>
      </symbol>
      <symbol id="sm-6bc">
         <name>GPIOPinWrite</name>
         <value>0x3bd1</value>
         <object_component_ref idref="oc-1d1"/>
      </symbol>
      <symbol id="sm-6bd">
         <name>GPIOPadConfigSet</name>
         <value>0x20ff</value>
         <object_component_ref idref="oc-271"/>
      </symbol>
      <symbol id="sm-708">
         <name>IntEnable</name>
         <value>0x2f71</value>
         <object_component_ref idref="oc-2a8"/>
      </symbol>
      <symbol id="sm-709">
         <name>IntRegister</name>
         <value>0x374d</value>
         <object_component_ref idref="oc-3cb"/>
      </symbol>
      <symbol id="sm-70a">
         <name>IntMasterDisable</name>
         <value>0x3b0d</value>
         <object_component_ref idref="oc-195"/>
      </symbol>
      <symbol id="sm-70b">
         <name>g_pfnRAMVectors</name>
         <value>0x20000000</value>
         <object_component_ref idref="oc-442"/>
      </symbol>
      <symbol id="sm-70c">
         <name>IntMasterEnable</name>
         <value>0x3b1d</value>
         <object_component_ref idref="oc-1bf"/>
      </symbol>
      <symbol id="sm-769">
         <name>SysCtlClockSet</name>
         <value>0x2539</value>
         <object_component_ref idref="oc-189"/>
      </symbol>
      <symbol id="sm-76a">
         <name>SysCtlDelay</name>
         <value>0x3be3</value>
         <object_component_ref idref="oc-231"/>
      </symbol>
      <symbol id="sm-76b">
         <name>SysCtlPeripheralEnable</name>
         <value>0x3781</value>
         <object_component_ref idref="oc-25f"/>
      </symbol>
      <symbol id="sm-76c">
         <name>SysCtlClockGet</name>
         <value>0x2231</value>
         <object_component_ref idref="oc-29c"/>
      </symbol>
      <symbol id="sm-76d">
         <name>SysCtlPeripheralReady</name>
         <value>0x3715</value>
         <object_component_ref idref="oc-265"/>
      </symbol>
      <symbol id="sm-7bf">
         <name>UARTConfigSetExpClk</name>
         <value>0x3597</value>
         <object_component_ref idref="oc-2a2"/>
      </symbol>
      <symbol id="sm-7c0">
         <name>UARTDisable</name>
         <value>0x3959</value>
         <object_component_ref idref="oc-290"/>
      </symbol>
      <symbol id="sm-7c1">
         <name>UARTIntEnable</name>
         <value>0x3bbd</value>
         <object_component_ref idref="oc-2ae"/>
      </symbol>
      <symbol id="sm-7c2">
         <name>UARTCharsAvail</name>
         <value>0x3b4b</value>
         <object_component_ref idref="oc-b9"/>
      </symbol>
      <symbol id="sm-7c3">
         <name>UARTCharGetNonBlocking</name>
         <value>0x3b3d</value>
         <object_component_ref idref="oc-ad"/>
      </symbol>
      <symbol id="sm-7c4">
         <name>UARTCharPut</name>
         <value>0x3ba1</value>
         <object_component_ref idref="oc-3ee"/>
      </symbol>
      <symbol id="sm-7c5">
         <name>UARTEnable</name>
         <value>0x3a73</value>
         <object_component_ref idref="oc-2b4"/>
      </symbol>
      <symbol id="sm-7c6">
         <name>UARTIntClear</name>
         <value>0x3be9</value>
         <object_component_ref idref="oc-a7"/>
      </symbol>
      <symbol id="sm-7c7">
         <name>UARTIntStatus</name>
         <value>0x3bab</value>
         <object_component_ref idref="oc-a1"/>
      </symbol>
      <symbol id="sm-7d9">
         <name>CPUcpsie</name>
         <value>0x3b73</value>
         <object_component_ref idref="oc-2e1"/>
      </symbol>
      <symbol id="sm-7da">
         <name>CPUcpsid</name>
         <value>0x3b67</value>
         <object_component_ref idref="oc-244"/>
      </symbol>
      <symbol id="sm-7f5">
         <name>GrContextInit</name>
         <value>0x2ea1</value>
         <object_component_ref idref="oc-19b"/>
      </symbol>
      <symbol id="sm-7f6">
         <name>g_psDefaultCodePointMapTable</name>
         <value>0x4338</value>
         <object_component_ref idref="oc-251"/>
      </symbol>
      <symbol id="sm-804">
         <name>GrRectFill</name>
         <value>0x2ad9</value>
         <object_component_ref idref="oc-13c"/>
      </symbol>
      <symbol id="sm-8a7">
         <name>GrFontInfoGet</name>
         <value>0x38eb</value>
         <object_component_ref idref="oc-217"/>
      </symbol>
      <symbol id="sm-8a8">
         <name>GrDefaultStringRenderer</name>
         <value>0x28c5</value>
         <object_component_ref idref="oc-24b"/>
      </symbol>
      <symbol id="sm-8a9">
         <name>GrFontGlyphRender</name>
         <value>0x13ab</value>
         <object_component_ref idref="oc-3a8"/>
      </symbol>
      <symbol id="sm-8aa">
         <name>GrContextFontSet</name>
         <value>0x3bd7</value>
         <object_component_ref idref="oc-1a1"/>
      </symbol>
      <symbol id="sm-8ab">
         <name>GrFontGlyphDataGet</name>
         <value>0x3935</value>
         <object_component_ref idref="oc-211"/>
      </symbol>
      <symbol id="sm-8ac">
         <name>GrStringDraw</name>
         <value>0x3a47</value>
         <object_component_ref idref="oc-15c"/>
      </symbol>
      <symbol id="sm-8ad">
         <name>GrFontCodepageGet</name>
         <value>0x3979</value>
         <object_component_ref idref="oc-3b9"/>
      </symbol>
      <symbol id="sm-8ae">
         <name>GrStringNextCharGet</name>
         <value>0x37e5</value>
         <object_component_ref idref="oc-20b"/>
      </symbol>
      <symbol id="sm-8af">
         <name>GrStringWidthGet</name>
         <value>0x2f09</value>
         <object_component_ref idref="oc-150"/>
      </symbol>
      <symbol id="sm-8b0">
         <name>GrFontBaselineGet</name>
         <value>0x386d</value>
         <object_component_ref idref="oc-156"/>
      </symbol>
      <symbol id="sm-8c2">
         <name>g_sFontFixed6x8</name>
         <value>0x3fec</value>
         <object_component_ref idref="oc-1da"/>
      </symbol>
      <symbol id="sm-8cf">
         <name>GrMapISO8859_1_Unicode</name>
         <value>0x3bb5</value>
         <object_component_ref idref="oc-3af"/>
      </symbol>
      <symbol id="sm-8d1">
         <name>__TI_static_base__</name>
         <value>0x0</value>
      </symbol>
      <symbol id="sm-8d4">
         <name>SHT$$INIT_ARRAY$$Limit</name>
         <value>0x0</value>
      </symbol>
      <symbol id="sm-8d5">
         <name>SHT$$INIT_ARRAY$$Base</name>
         <value>0x0</value>
      </symbol>
   </symbol_table>
   <title>Link successful</title>
</link_info>
