<?xml version="1.0"?>
<link_info>
   <banner>TI ARM Linker PC v16.9.6.LTS</banner>
   <copyright>Copyright (c) 1996-2017 Texas Instruments Incorporated</copyright>
   <link_time>0x5a9ef947</link_time>
   <link_errors>0x0</link_errors>
   <output_file>CEC322_Link_Lab06.out</output_file>
   <entry_point>
      <name>_c_int00</name>
      <address>0x33bd</address>
   </entry_point>
   <input_file_list>
      <input_file id="fl-2">
         <path>.\</path>
         <kind>object</kind>
         <file>Lab6_Motor.obj</file>
         <name>Lab6_Motor.obj</name>
      </input_file>
      <input_file id="fl-3">
         <path>.\</path>
         <kind>object</kind>
         <file>startup_ccs.obj</file>
         <name>startup_ccs.obj</name>
      </input_file>
      <input_file id="fl-4">
         <path>.\drivers\ADC\</path>
         <kind>object</kind>
         <file>personalADC.obj</file>
         <name>personalADC.obj</name>
      </input_file>
      <input_file id="fl-5">
         <path>.\drivers\LED\</path>
         <kind>object</kind>
         <file>LED.obj</file>
         <name>LED.obj</name>
      </input_file>
      <input_file id="fl-6">
         <path>.\drivers\OLED\</path>
         <kind>object</kind>
         <file>displays.obj</file>
         <name>displays.obj</name>
      </input_file>
      <input_file id="fl-7">
         <path>.\drivers\Timers\</path>
         <kind>object</kind>
         <file>personalTimers.obj</file>
         <name>personalTimers.obj</name>
      </input_file>
      <input_file id="fl-8">
         <path>.\drivers\UART\</path>
         <kind>object</kind>
         <file>personalUART.obj</file>
         <name>personalUART.obj</name>
      </input_file>
      <input_file id="fl-9">
         <path>.\drivers\</path>
         <kind>object</kind>
         <file>cfal96x64x16.obj</file>
         <name>cfal96x64x16.obj</name>
      </input_file>
      <input_file id="fl-a">
         <path>.\drivers\stepperMotor\</path>
         <kind>object</kind>
         <file>stepperMotor.obj</file>
         <name>stepperMotor.obj</name>
      </input_file>
      <input_file id="fl-10">
         <kind>object</kind>
         <file>&lt;internal&gt;</file>
         <name>&lt;internal&gt;</name>
      </input_file>
      <input_file id="fl-c6">
         <path>C:\ti\ccsv7\tools\compiler\ti-cgt-arm_16.9.6.LTS\lib\</path>
         <kind>archive</kind>
         <file>rtsv7M4_T_le_v4SPD16_eabi.lib</file>
         <name>boot.obj</name>
      </input_file>
      <input_file id="fl-c7">
         <path>C:\ti\ccsv7\tools\compiler\ti-cgt-arm_16.9.6.LTS\lib\</path>
         <kind>archive</kind>
         <file>rtsv7M4_T_le_v4SPD16_eabi.lib</file>
         <name>copy_decompress_lzss.obj</name>
      </input_file>
      <input_file id="fl-c8">
         <path>C:\ti\ccsv7\tools\compiler\ti-cgt-arm_16.9.6.LTS\lib\</path>
         <kind>archive</kind>
         <file>rtsv7M4_T_le_v4SPD16_eabi.lib</file>
         <name>copy_decompress_none.obj</name>
      </input_file>
      <input_file id="fl-c9">
         <path>C:\ti\ccsv7\tools\compiler\ti-cgt-arm_16.9.6.LTS\lib\</path>
         <kind>archive</kind>
         <file>rtsv7M4_T_le_v4SPD16_eabi.lib</file>
         <name>copy_zero_init.obj</name>
      </input_file>
      <input_file id="fl-ca">
         <path>C:\ti\ccsv7\tools\compiler\ti-cgt-arm_16.9.6.LTS\lib\</path>
         <kind>archive</kind>
         <file>rtsv7M4_T_le_v4SPD16_eabi.lib</file>
         <name>exit.obj</name>
      </input_file>
      <input_file id="fl-cb">
         <path>C:\ti\ccsv7\tools\compiler\ti-cgt-arm_16.9.6.LTS\lib\</path>
         <kind>archive</kind>
         <file>rtsv7M4_T_le_v4SPD16_eabi.lib</file>
         <name>memcpy_t2.obj</name>
      </input_file>
      <input_file id="fl-cc">
         <path>C:\ti\ccsv7\tools\compiler\ti-cgt-arm_16.9.6.LTS\lib\</path>
         <kind>archive</kind>
         <file>rtsv7M4_T_le_v4SPD16_eabi.lib</file>
         <name>memset_t2.obj</name>
      </input_file>
      <input_file id="fl-cd">
         <path>C:\ti\ccsv7\tools\compiler\ti-cgt-arm_16.9.6.LTS\lib\</path>
         <kind>archive</kind>
         <file>rtsv7M4_T_le_v4SPD16_eabi.lib</file>
         <name>mpu_init.obj</name>
      </input_file>
      <input_file id="fl-ce">
         <path>C:\ti\ccsv7\tools\compiler\ti-cgt-arm_16.9.6.LTS\lib\</path>
         <kind>archive</kind>
         <file>rtsv7M4_T_le_v4SPD16_eabi.lib</file>
         <name>pre_init.obj</name>
      </input_file>
      <input_file id="fl-cf">
         <path>C:\ti\ccsv7\tools\compiler\ti-cgt-arm_16.9.6.LTS\lib\</path>
         <kind>archive</kind>
         <file>rtsv7M4_T_le_v4SPD16_eabi.lib</file>
         <name>sprintf.obj</name>
      </input_file>
      <input_file id="fl-d0">
         <path>C:\ti\ccsv7\tools\compiler\ti-cgt-arm_16.9.6.LTS\lib\</path>
         <kind>archive</kind>
         <file>rtsv7M4_T_le_v4SPD16_eabi.lib</file>
         <name>stkdepth_vars.obj</name>
      </input_file>
      <input_file id="fl-d1">
         <path>C:\ti\ccsv7\tools\compiler\ti-cgt-arm_16.9.6.LTS\lib\</path>
         <kind>archive</kind>
         <file>rtsv7M4_T_le_v4SPD16_eabi.lib</file>
         <name>strlen.obj</name>
      </input_file>
      <input_file id="fl-d2">
         <path>C:\ti\ccsv7\tools\compiler\ti-cgt-arm_16.9.6.LTS\lib\</path>
         <kind>archive</kind>
         <file>rtsv7M4_T_le_v4SPD16_eabi.lib</file>
         <name>tolower.obj</name>
      </input_file>
      <input_file id="fl-d3">
         <path>C:\ti\ccsv7\tools\compiler\ti-cgt-arm_16.9.6.LTS\lib\</path>
         <kind>archive</kind>
         <file>rtsv7M4_T_le_v4SPD16_eabi.lib</file>
         <name>_lock.obj</name>
      </input_file>
      <input_file id="fl-d4">
         <path>C:\ti\ccsv7\tools\compiler\ti-cgt-arm_16.9.6.LTS\lib\</path>
         <kind>archive</kind>
         <file>rtsv7M4_T_le_v4SPD16_eabi.lib</file>
         <name>_printfi.obj</name>
      </input_file>
      <input_file id="fl-d5">
         <path>C:\ti\ccsv7\tools\compiler\ti-cgt-arm_16.9.6.LTS\lib\</path>
         <kind>archive</kind>
         <file>rtsv7M4_T_le_v4SPD16_eabi.lib</file>
         <name>args_main.obj</name>
      </input_file>
      <input_file id="fl-d6">
         <path>C:\ti\ccsv7\tools\compiler\ti-cgt-arm_16.9.6.LTS\lib\</path>
         <kind>archive</kind>
         <file>rtsv7M4_T_le_v4SPD16_eabi.lib</file>
         <name>atoi.obj</name>
      </input_file>
      <input_file id="fl-d7">
         <path>C:\ti\ccsv7\tools\compiler\ti-cgt-arm_16.9.6.LTS\lib\</path>
         <kind>archive</kind>
         <file>rtsv7M4_T_le_v4SPD16_eabi.lib</file>
         <name>autoinit.obj</name>
      </input_file>
      <input_file id="fl-d8">
         <path>C:\ti\ccsv7\tools\compiler\ti-cgt-arm_16.9.6.LTS\lib\</path>
         <kind>archive</kind>
         <file>rtsv7M4_T_le_v4SPD16_eabi.lib</file>
         <name>cpy_tbl.obj</name>
      </input_file>
      <input_file id="fl-d9">
         <path>C:\ti\ccsv7\tools\compiler\ti-cgt-arm_16.9.6.LTS\lib\</path>
         <kind>archive</kind>
         <file>rtsv7M4_T_le_v4SPD16_eabi.lib</file>
         <name>ctype.obj</name>
      </input_file>
      <input_file id="fl-da">
         <path>C:\ti\ccsv7\tools\compiler\ti-cgt-arm_16.9.6.LTS\lib\</path>
         <kind>archive</kind>
         <file>rtsv7M4_T_le_v4SPD16_eabi.lib</file>
         <name>fd_add_t2.obj</name>
      </input_file>
      <input_file id="fl-db">
         <path>C:\ti\ccsv7\tools\compiler\ti-cgt-arm_16.9.6.LTS\lib\</path>
         <kind>archive</kind>
         <file>rtsv7M4_T_le_v4SPD16_eabi.lib</file>
         <name>fd_cmp_t2.obj</name>
      </input_file>
      <input_file id="fl-dc">
         <path>C:\ti\ccsv7\tools\compiler\ti-cgt-arm_16.9.6.LTS\lib\</path>
         <kind>archive</kind>
         <file>rtsv7M4_T_le_v4SPD16_eabi.lib</file>
         <name>fd_div_t2.obj</name>
      </input_file>
      <input_file id="fl-dd">
         <path>C:\ti\ccsv7\tools\compiler\ti-cgt-arm_16.9.6.LTS\lib\</path>
         <kind>archive</kind>
         <file>rtsv7M4_T_le_v4SPD16_eabi.lib</file>
         <name>fd_mul_t2.obj</name>
      </input_file>
      <input_file id="fl-de">
         <path>C:\ti\ccsv7\tools\compiler\ti-cgt-arm_16.9.6.LTS\lib\</path>
         <kind>archive</kind>
         <file>rtsv7M4_T_le_v4SPD16_eabi.lib</file>
         <name>fd_toi_t2.obj</name>
      </input_file>
      <input_file id="fl-df">
         <path>C:\ti\ccsv7\tools\compiler\ti-cgt-arm_16.9.6.LTS\lib\</path>
         <kind>archive</kind>
         <file>rtsv7M4_T_le_v4SPD16_eabi.lib</file>
         <name>i_tofd_t2.obj</name>
      </input_file>
      <input_file id="fl-e0">
         <path>C:\ti\ccsv7\tools\compiler\ti-cgt-arm_16.9.6.LTS\lib\</path>
         <kind>archive</kind>
         <file>rtsv7M4_T_le_v4SPD16_eabi.lib</file>
         <name>ltoa.obj</name>
      </input_file>
      <input_file id="fl-e1">
         <path>C:\ti\ccsv7\tools\compiler\ti-cgt-arm_16.9.6.LTS\lib\</path>
         <kind>archive</kind>
         <file>rtsv7M4_T_le_v4SPD16_eabi.lib</file>
         <name>memccpy.obj</name>
      </input_file>
      <input_file id="fl-e2">
         <path>C:\ti\ccsv7\tools\compiler\ti-cgt-arm_16.9.6.LTS\lib\</path>
         <kind>archive</kind>
         <file>rtsv7M4_T_le_v4SPD16_eabi.lib</file>
         <name>s_frexp.obj</name>
      </input_file>
      <input_file id="fl-e3">
         <path>C:\ti\ccsv7\tools\compiler\ti-cgt-arm_16.9.6.LTS\lib\</path>
         <kind>archive</kind>
         <file>rtsv7M4_T_le_v4SPD16_eabi.lib</file>
         <name>s_scalbn.obj</name>
      </input_file>
      <input_file id="fl-e4">
         <path>C:\ti\ccsv7\tools\compiler\ti-cgt-arm_16.9.6.LTS\lib\</path>
         <kind>archive</kind>
         <file>rtsv7M4_T_le_v4SPD16_eabi.lib</file>
         <name>startup.obj</name>
      </input_file>
      <input_file id="fl-e5">
         <path>C:\ti\ccsv7\tools\compiler\ti-cgt-arm_16.9.6.LTS\lib\</path>
         <kind>archive</kind>
         <file>rtsv7M4_T_le_v4SPD16_eabi.lib</file>
         <name>strchr.obj</name>
      </input_file>
      <input_file id="fl-e6">
         <path>C:\ti\ccsv7\tools\compiler\ti-cgt-arm_16.9.6.LTS\lib\</path>
         <kind>archive</kind>
         <file>rtsv7M4_T_le_v4SPD16_eabi.lib</file>
         <name>ull_div_t2.obj</name>
      </input_file>
      <input_file id="fl-e7">
         <path>C:\ti\ccsv7\tools\compiler\ti-cgt-arm_16.9.6.LTS\lib\</path>
         <kind>archive</kind>
         <file>rtsv7M4_T_le_v4SPD16_eabi.lib</file>
         <name>errno.obj</name>
      </input_file>
      <input_file id="fl-e8">
         <path>C:\ti\ccsv7\tools\compiler\ti-cgt-arm_16.9.6.LTS\lib\</path>
         <kind>archive</kind>
         <file>rtsv7M4_T_le_v4SPD16_eabi.lib</file>
         <name>s_copysign.obj</name>
      </input_file>
      <input_file id="fl-e9">
         <path>C:\ti\TivaWare_C_Series-2.1.3.156\driverlib\ccs\Debug\</path>
         <kind>archive</kind>
         <file>driverlib.lib</file>
         <name>adc.obj</name>
      </input_file>
      <input_file id="fl-ea">
         <path>C:\ti\TivaWare_C_Series-2.1.3.156\driverlib\ccs\Debug\</path>
         <kind>archive</kind>
         <file>driverlib.lib</file>
         <name>fpu.obj</name>
      </input_file>
      <input_file id="fl-eb">
         <path>C:\ti\TivaWare_C_Series-2.1.3.156\driverlib\ccs\Debug\</path>
         <kind>archive</kind>
         <file>driverlib.lib</file>
         <name>gpio.obj</name>
      </input_file>
      <input_file id="fl-ec">
         <path>C:\ti\TivaWare_C_Series-2.1.3.156\driverlib\ccs\Debug\</path>
         <kind>archive</kind>
         <file>driverlib.lib</file>
         <name>interrupt.obj</name>
      </input_file>
      <input_file id="fl-ed">
         <path>C:\ti\TivaWare_C_Series-2.1.3.156\driverlib\ccs\Debug\</path>
         <kind>archive</kind>
         <file>driverlib.lib</file>
         <name>sysctl.obj</name>
      </input_file>
      <input_file id="fl-ee">
         <path>C:\ti\TivaWare_C_Series-2.1.3.156\driverlib\ccs\Debug\</path>
         <kind>archive</kind>
         <file>driverlib.lib</file>
         <name>timer.obj</name>
      </input_file>
      <input_file id="fl-ef">
         <path>C:\ti\TivaWare_C_Series-2.1.3.156\driverlib\ccs\Debug\</path>
         <kind>archive</kind>
         <file>driverlib.lib</file>
         <name>uart.obj</name>
      </input_file>
      <input_file id="fl-f0">
         <path>C:\ti\TivaWare_C_Series-2.1.3.156\driverlib\ccs\Debug\</path>
         <kind>archive</kind>
         <file>driverlib.lib</file>
         <name>cpu.obj</name>
      </input_file>
      <input_file id="fl-f1">
         <path>C:\ti\TivaWare_C_Series-2.1.3.156\grlib\ccs\Debug\</path>
         <kind>archive</kind>
         <file>grlib.lib</file>
         <name>context.obj</name>
      </input_file>
      <input_file id="fl-f2">
         <path>C:\ti\TivaWare_C_Series-2.1.3.156\grlib\ccs\Debug\</path>
         <kind>archive</kind>
         <file>grlib.lib</file>
         <name>rectangle.obj</name>
      </input_file>
      <input_file id="fl-f3">
         <path>C:\ti\TivaWare_C_Series-2.1.3.156\grlib\ccs\Debug\</path>
         <kind>archive</kind>
         <file>grlib.lib</file>
         <name>string.obj</name>
      </input_file>
      <input_file id="fl-f4">
         <path>C:\ti\TivaWare_C_Series-2.1.3.156\grlib\ccs\Debug\</path>
         <kind>archive</kind>
         <file>grlib.lib</file>
         <name>fontfixed6x8.obj</name>
      </input_file>
      <input_file id="fl-f5">
         <path>C:\ti\TivaWare_C_Series-2.1.3.156\grlib\ccs\Debug\</path>
         <kind>archive</kind>
         <file>grlib.lib</file>
         <name>charmap.obj</name>
      </input_file>
      <input_file id="fl-f6">
         <path>C:\ti\TivaWare_C_Series-2.1.3.156\grlib\ccs\Debug\</path>
         <kind>archive</kind>
         <file>grlib.lib</file>
         <name>line.obj</name>
      </input_file>
   </input_file_list>
   <object_component_list>
      <object_component id="oc-f">
         <name>.intvecs</name>
         <load_address>0x0</load_address>
         <run_address>0x0</run_address>
         <size>0x26c</size>
         <input_file_ref idref="fl-3"/>
      </object_component>
      <object_component id="oc-3e5">
         <name>.text</name>
         <load_address>0x26c</load_address>
         <run_address>0x26c</run_address>
         <size>0x113e</size>
         <input_file_ref idref="fl-d4"/>
      </object_component>
      <object_component id="oc-2f9">
         <name>.text:GrFontGlyphRender</name>
         <load_address>0x13aa</load_address>
         <run_address>0x13aa</run_address>
         <size>0x254</size>
         <input_file_ref idref="fl-f3"/>
      </object_component>
      <object_component id="oc-3f9">
         <name>.text</name>
         <load_address>0x15fe</load_address>
         <run_address>0x15fe</run_address>
         <size>0x1f4</size>
         <input_file_ref idref="fl-e6"/>
      </object_component>
      <object_component id="oc-2af">
         <name>.text:CFAL96x64x16PixelDrawMultiple</name>
         <load_address>0x17f2</load_address>
         <run_address>0x17f2</run_address>
         <size>0x1be</size>
         <input_file_ref idref="fl-9"/>
      </object_component>
      <object_component id="oc-131">
         <name>.text:CFAL96x64x16Init</name>
         <load_address>0x19b0</load_address>
         <run_address>0x19b0</run_address>
         <size>0x1b8</size>
         <input_file_ref idref="fl-9"/>
      </object_component>
      <object_component id="oc-422">
         <name>.text</name>
         <load_address>0x1b68</load_address>
         <run_address>0x1b68</run_address>
         <size>0x1b6</size>
         <input_file_ref idref="fl-da"/>
      </object_component>
      <object_component id="oc-37">
         <name>.text:FaultISR</name>
         <load_address>0x1d1e</load_address>
         <run_address>0x1d1e</run_address>
         <size>0x2</size>
         <input_file_ref idref="fl-3"/>
      </object_component>
      <object_component id="oc-e7">
         <name>.text:main</name>
         <load_address>0x1d20</load_address>
         <run_address>0x1d20</run_address>
         <size>0x158</size>
         <input_file_ref idref="fl-2"/>
      </object_component>
      <object_component id="oc-256">
         <name>.text:stepperMotorTimer</name>
         <load_address>0x1e78</load_address>
         <run_address>0x1e78</run_address>
         <size>0x144</size>
         <input_file_ref idref="fl-2"/>
      </object_component>
      <object_component id="oc-408">
         <name>.text</name>
         <load_address>0x1fbc</load_address>
         <run_address>0x1fbc</run_address>
         <size>0x136</size>
         <input_file_ref idref="fl-dc"/>
      </object_component>
      <object_component id="oc-31c">
         <name>.text:GPIOPadConfigSet</name>
         <load_address>0x20f2</load_address>
         <run_address>0x20f2</run_address>
         <size>0x132</size>
         <input_file_ref idref="fl-eb"/>
      </object_component>
      <object_component id="oc-17f">
         <name>.text:SysCtlClockGet</name>
         <load_address>0x2224</load_address>
         <run_address>0x2224</run_address>
         <size>0x110</size>
         <input_file_ref idref="fl-ed"/>
      </object_component>
      <object_component id="oc-403">
         <name>.text</name>
         <load_address>0x2334</load_address>
         <run_address>0x2334</run_address>
         <size>0xfc</size>
         <input_file_ref idref="fl-dd"/>
      </object_component>
      <object_component id="oc-42d">
         <name>.text</name>
         <load_address>0x2430</load_address>
         <run_address>0x2430</run_address>
         <size>0xfc</size>
         <input_file_ref idref="fl-e3"/>
      </object_component>
      <object_component id="oc-12b">
         <name>.text:SysCtlClockSet</name>
         <load_address>0x252c</load_address>
         <run_address>0x252c</run_address>
         <size>0xf4</size>
         <input_file_ref idref="fl-ed"/>
      </object_component>
      <object_component id="oc-343">
         <name>.text:displayInfoOnBoard</name>
         <load_address>0x2620</load_address>
         <run_address>0x2620</run_address>
         <size>0xe8</size>
         <input_file_ref idref="fl-6"/>
      </object_component>
      <object_component id="oc-2bb">
         <name>.text:CFAL96x64x16LineDrawV</name>
         <load_address>0x2708</load_address>
         <run_address>0x2708</run_address>
         <size>0xd8</size>
         <input_file_ref idref="fl-9"/>
      </object_component>
      <object_component id="oc-167">
         <name>.text:diplaySplashOnOLED</name>
         <load_address>0x27e0</load_address>
         <run_address>0x27e0</run_address>
         <size>0xd4</size>
         <input_file_ref idref="fl-6"/>
      </object_component>
      <object_component id="oc-1e3">
         <name>.text:GrDefaultStringRenderer</name>
         <load_address>0x28b4</load_address>
         <run_address>0x28b4</run_address>
         <size>0xc0</size>
         <input_file_ref idref="fl-f3"/>
      </object_component>
      <object_component id="oc-15b">
         <name>.text:setupTimers</name>
         <load_address>0x2974</load_address>
         <run_address>0x2974</run_address>
         <size>0xbc</size>
         <input_file_ref idref="fl-7"/>
      </object_component>
      <object_component id="oc-2b5">
         <name>.text:CFAL96x64x16LineDrawH</name>
         <load_address>0x2a30</load_address>
         <run_address>0x2a30</run_address>
         <size>0xb8</size>
         <input_file_ref idref="fl-9"/>
      </object_component>
      <object_component id="oc-57">
         <name>.text</name>
         <load_address>0x2ae8</load_address>
         <run_address>0x2ae8</run_address>
         <size>0x9c</size>
         <input_file_ref idref="fl-cb"/>
      </object_component>
      <object_component id="oc-16d">
         <name>.text:printMainMenu</name>
         <load_address>0x2b84</load_address>
         <run_address>0x2b84</run_address>
         <size>0x98</size>
         <input_file_ref idref="fl-8"/>
      </object_component>
      <object_component id="oc-278">
         <name>.text:GrRectFill</name>
         <load_address>0x2c1c</load_address>
         <run_address>0x2c1c</run_address>
         <size>0x86</size>
         <input_file_ref idref="fl-f2"/>
      </object_component>
      <object_component id="oc-3fe">
         <name>.text:__aeabi_cdcmple</name>
         <load_address>0x2ca2</load_address>
         <run_address>0x2ca2</run_address>
         <size>0x86</size>
         <input_file_ref idref="fl-db"/>
      </object_component>
      <object_component id="oc-40d">
         <name>.text:__aeabi_cdrcmple</name>
         <load_address>0x2d28</load_address>
         <run_address>0x2d28</run_address>
         <size>0x86</size>
         <input_file_ref idref="fl-db"/>
      </object_component>
      <object_component id="oc-265">
         <name>.text:ADCSequenceStepConfigure</name>
         <load_address>0x2dae</load_address>
         <run_address>0x2dae</run_address>
         <size>0x7a</size>
         <input_file_ref idref="fl-e9"/>
      </object_component>
      <object_component id="oc-63">
         <name>.text</name>
         <load_address>0x2e28</load_address>
         <run_address>0x2e28</run_address>
         <size>0x7a</size>
         <input_file_ref idref="fl-cc"/>
      </object_component>
      <object_component id="oc-3d">
         <name>.text:IntDefaultHandler</name>
         <load_address>0x2ea2</load_address>
         <run_address>0x2ea2</run_address>
         <size>0x2</size>
         <input_file_ref idref="fl-3"/>
      </object_component>
      <object_component id="oc-7b">
         <name>.text</name>
         <load_address>0x2ea4</load_address>
         <run_address>0x2ea4</run_address>
         <size>0x70</size>
         <input_file_ref idref="fl-d7"/>
      </object_component>
      <object_component id="oc-149">
         <name>.text:setupUART</name>
         <load_address>0x2f14</load_address>
         <run_address>0x2f14</run_address>
         <size>0x70</size>
         <input_file_ref idref="fl-8"/>
      </object_component>
      <object_component id="oc-13d">
         <name>.text:GrContextInit</name>
         <load_address>0x2f84</load_address>
         <run_address>0x2f84</run_address>
         <size>0x68</size>
         <input_file_ref idref="fl-f1"/>
      </object_component>
      <object_component id="oc-27e">
         <name>.text:GrStringWidthGet</name>
         <load_address>0x2fec</load_address>
         <run_address>0x2fec</run_address>
         <size>0x68</size>
         <input_file_ref idref="fl-f3"/>
      </object_component>
      <object_component id="oc-217">
         <name>.text:IntEnable</name>
         <load_address>0x3054</load_address>
         <run_address>0x3054</run_address>
         <size>0x68</size>
         <input_file_ref idref="fl-ec"/>
      </object_component>
      <object_component id="oc-12">
         <name>.text:decompress:lzss</name>
         <load_address>0x30bc</load_address>
         <run_address>0x30bc</run_address>
         <size>0x68</size>
         <input_file_ref idref="fl-c7"/>
      </object_component>
      <object_component id="oc-427">
         <name>.text</name>
         <load_address>0x3124</load_address>
         <run_address>0x3124</run_address>
         <size>0x64</size>
         <input_file_ref idref="fl-e2"/>
      </object_component>
      <object_component id="oc-1cc">
         <name>.text:CFAL96x64x16WriteCommand</name>
         <load_address>0x3188</load_address>
         <run_address>0x3188</run_address>
         <size>0x60</size>
         <input_file_ref idref="fl-9"/>
      </object_component>
      <object_component id="oc-378">
         <name>.text:CFAL96x64x16WriteData</name>
         <load_address>0x31e8</load_address>
         <run_address>0x31e8</run_address>
         <size>0x60</size>
         <input_file_ref idref="fl-9"/>
      </object_component>
      <object_component id="oc-238">
         <name>.text:TimerConfigure</name>
         <load_address>0x3248</load_address>
         <run_address>0x3248</run_address>
         <size>0x60</size>
         <input_file_ref idref="fl-ee"/>
      </object_component>
      <object_component id="oc-3af">
         <name>.text</name>
         <load_address>0x32a8</load_address>
         <run_address>0x32a8</run_address>
         <size>0x60</size>
         <input_file_ref idref="fl-cf"/>
      </object_component>
      <object_component id="oc-38c">
         <name>.text:FontWideGlyphDataGet</name>
         <load_address>0x3308</load_address>
         <run_address>0x3308</run_address>
         <size>0x5a</size>
         <input_file_ref idref="fl-f3"/>
      </object_component>
      <object_component id="oc-31">
         <name>.text:NmiSR</name>
         <load_address>0x3362</load_address>
         <run_address>0x3362</run_address>
         <size>0x2</size>
         <input_file_ref idref="fl-3"/>
      </object_component>
      <object_component id="oc-25f">
         <name>.text:ADCSequenceConfigure</name>
         <load_address>0x3364</load_address>
         <run_address>0x3364</run_address>
         <size>0x58</size>
         <input_file_ref idref="fl-e9"/>
      </object_component>
      <object_component id="oc-24">
         <name>.text</name>
         <load_address>0x33bc</load_address>
         <run_address>0x33bc</run_address>
         <size>0x54</size>
         <input_file_ref idref="fl-c6"/>
      </object_component>
      <object_component id="oc-87">
         <name>.text</name>
         <load_address>0x3410</load_address>
         <run_address>0x3410</run_address>
         <size>0x54</size>
         <input_file_ref idref="fl-ca"/>
      </object_component>
      <object_component id="oc-417">
         <name>.text</name>
         <load_address>0x3464</load_address>
         <run_address>0x3464</run_address>
         <size>0x54</size>
         <input_file_ref idref="fl-e0"/>
      </object_component>
      <object_component id="oc-2a9">
         <name>.text:CFAL96x64x16PixelDraw</name>
         <load_address>0x34b8</load_address>
         <run_address>0x34b8</run_address>
         <size>0x4e</size>
         <input_file_ref idref="fl-9"/>
      </object_component>
      <object_component id="oc-6f">
         <name>.text</name>
         <load_address>0x3506</load_address>
         <run_address>0x3506</run_address>
         <size>0x2</size>
         <input_file_ref idref="fl-cd"/>
      </object_component>
      <object_component id="oc-32f">
         <name>.text:_TimerIntNumberGet</name>
         <load_address>0x3508</load_address>
         <run_address>0x3508</run_address>
         <size>0x4c</size>
         <input_file_ref idref="fl-ee"/>
      </object_component>
      <object_component id="oc-18b">
         <name>.text:clearBlack</name>
         <load_address>0x3554</load_address>
         <run_address>0x3554</run_address>
         <size>0x4c</size>
         <input_file_ref idref="fl-6"/>
      </object_component>
      <object_component id="oc-439">
         <name>.text</name>
         <load_address>0x35a0</load_address>
         <run_address>0x35a0</run_address>
         <size>0x4c</size>
         <input_file_ref idref="fl-d6"/>
      </object_component>
      <object_component id="oc-d9">
         <name>.text</name>
         <load_address>0x35ec</load_address>
         <run_address>0x35ec</run_address>
         <size>0x4c</size>
         <input_file_ref idref="fl-d8"/>
      </object_component>
      <object_component id="oc-161">
         <name>.text:setupADC</name>
         <load_address>0x3638</load_address>
         <run_address>0x3638</run_address>
         <size>0x4c</size>
         <input_file_ref idref="fl-4"/>
      </object_component>
      <object_component id="oc-1f0">
         <name>.text:UpdateContextCharMapping</name>
         <load_address>0x3684</load_address>
         <run_address>0x3684</run_address>
         <size>0x4a</size>
         <input_file_ref idref="fl-f3"/>
      </object_component>
      <object_component id="oc-df">
         <name>.text</name>
         <load_address>0x36ce</load_address>
         <run_address>0x36ce</run_address>
         <size>0x2</size>
         <input_file_ref idref="fl-e4"/>
      </object_component>
      <object_component id="oc-250">
         <name>.text:oneSecondTimer</name>
         <load_address>0x36d0</load_address>
         <run_address>0x36d0</run_address>
         <size>0x48</size>
         <input_file_ref idref="fl-2"/>
      </object_component>
      <object_component id="oc-412">
         <name>.text</name>
         <load_address>0x3718</load_address>
         <run_address>0x3718</run_address>
         <size>0x48</size>
         <input_file_ref idref="fl-de"/>
      </object_component>
      <object_component id="oc-211">
         <name>.text:UARTConfigSetExpClk</name>
         <load_address>0x3760</load_address>
         <run_address>0x3760</run_address>
         <size>0x46</size>
         <input_file_ref idref="fl-ef"/>
      </object_component>
      <object_component id="oc-1d2">
         <name>.text:CFAL96x64x16RectFill</name>
         <load_address>0x37a6</load_address>
         <run_address>0x37a6</run_address>
         <size>0x44</size>
         <input_file_ref idref="fl-9"/>
      </object_component>
      <object_component id="oc-43">
         <name>.text:IntUART0</name>
         <load_address>0x37ec</load_address>
         <run_address>0x37ec</run_address>
         <size>0x3c</size>
         <input_file_ref idref="fl-2"/>
      </object_component>
      <object_component id="oc-392">
         <name>.text:FontGlyphDataGet</name>
         <load_address>0x3828</load_address>
         <run_address>0x3828</run_address>
         <size>0x3a</size>
         <input_file_ref idref="fl-f3"/>
      </object_component>
      <object_component id="oc-1ff">
         <name>.text:SysCtlPeripheralReady</name>
         <load_address>0x3864</load_address>
         <run_address>0x3864</run_address>
         <size>0x38</size>
         <input_file_ref idref="fl-ed"/>
      </object_component>
      <object_component id="oc-335">
         <name>.text:IntRegister</name>
         <load_address>0x389c</load_address>
         <run_address>0x389c</run_address>
         <size>0x34</size>
         <input_file_ref idref="fl-ec"/>
      </object_component>
      <object_component id="oc-1f9">
         <name>.text:SysCtlPeripheralEnable</name>
         <load_address>0x38d0</load_address>
         <run_address>0x38d0</run_address>
         <size>0x34</size>
         <input_file_ref idref="fl-ed"/>
      </object_component>
      <object_component id="oc-34a">
         <name>.text:readADCData</name>
         <load_address>0x3904</load_address>
         <run_address>0x3904</run_address>
         <size>0x34</size>
         <input_file_ref idref="fl-4"/>
      </object_component>
      <object_component id="oc-292">
         <name>.text:UARTSend</name>
         <load_address>0x3938</load_address>
         <run_address>0x3938</run_address>
         <size>0x30</size>
         <input_file_ref idref="fl-8"/>
      </object_component>
      <object_component id="oc-3c1">
         <name>.text:ADCIntStatus</name>
         <load_address>0x3968</load_address>
         <run_address>0x3968</run_address>
         <size>0x2e</size>
         <input_file_ref idref="fl-e9"/>
      </object_component>
      <object_component id="oc-2ed">
         <name>.text:GrStringNextCharGet</name>
         <load_address>0x3996</load_address>
         <run_address>0x3996</run_address>
         <size>0x2e</size>
         <input_file_ref idref="fl-f3"/>
      </object_component>
      <object_component id="oc-41d">
         <name>.text</name>
         <load_address>0x39c4</load_address>
         <run_address>0x39c4</run_address>
         <size>0x2e</size>
         <input_file_ref idref="fl-df"/>
      </object_component>
      <object_component id="oc-284">
         <name>.text:GrFontBaselineGet</name>
         <load_address>0x39f2</load_address>
         <run_address>0x39f2</run_address>
         <size>0x2c</size>
         <input_file_ref idref="fl-f3"/>
      </object_component>
      <object_component id="oc-316">
         <name>.text:GPIODirModeSet</name>
         <load_address>0x3a1e</load_address>
         <run_address>0x3a1e</run_address>
         <size>0x2a</size>
         <input_file_ref idref="fl-eb"/>
      </object_component>
      <object_component id="oc-2c1">
         <name>.text:CFAL96x64x16ColorTranslate</name>
         <load_address>0x3a48</load_address>
         <run_address>0x3a48</run_address>
         <size>0x28</size>
         <input_file_ref idref="fl-9"/>
      </object_component>
      <object_component id="oc-2e7">
         <name>.text:GrFontInfoGet</name>
         <load_address>0x3a70</load_address>
         <run_address>0x3a70</run_address>
         <size>0x26</size>
         <input_file_ref idref="fl-f3"/>
      </object_component>
      <object_component id="oc-14f">
         <name>.text:setupLED</name>
         <load_address>0x3a98</load_address>
         <run_address>0x3a98</run_address>
         <size>0x24</size>
         <input_file_ref idref="fl-5"/>
      </object_component>
      <object_component id="oc-155">
         <name>.text:setupStepperMotor</name>
         <load_address>0x3abc</load_address>
         <run_address>0x3abc</run_address>
         <size>0x24</size>
         <input_file_ref idref="fl-a"/>
      </object_component>
      <object_component id="oc-2f3">
         <name>.text:GrFontGlyphDataGet</name>
         <load_address>0x3ae0</load_address>
         <run_address>0x3ae0</run_address>
         <size>0x22</size>
         <input_file_ref idref="fl-f3"/>
      </object_component>
      <object_component id="oc-205">
         <name>.text:UARTDisable</name>
         <load_address>0x3b04</load_address>
         <run_address>0x3b04</run_address>
         <size>0x20</size>
         <input_file_ref idref="fl-ef"/>
      </object_component>
      <object_component id="oc-3c7">
         <name>.text:ADCSequenceDataGet</name>
         <load_address>0x3b24</load_address>
         <run_address>0x3b24</run_address>
         <size>0x1e</size>
         <input_file_ref idref="fl-e9"/>
      </object_component>
      <object_component id="oc-30a">
         <name>.text:GrFontCodepageGet</name>
         <load_address>0x3b42</load_address>
         <run_address>0x3b42</run_address>
         <size>0x1e</size>
         <input_file_ref idref="fl-f3"/>
      </object_component>
      <object_component id="oc-43f">
         <name>.text</name>
         <load_address>0x3b60</load_address>
         <run_address>0x3b60</run_address>
         <size>0x1c</size>
         <input_file_ref idref="fl-e1"/>
      </object_component>
      <object_component id="oc-3bb">
         <name>.text:ADCProcessorTrigger</name>
         <load_address>0x3b7c</load_address>
         <run_address>0x3b7c</run_address>
         <size>0x18</size>
         <input_file_ref idref="fl-e9"/>
      </object_component>
      <object_component id="oc-22a">
         <name>.text:GPIOPinTypeGPIOOutput</name>
         <load_address>0x3b94</load_address>
         <run_address>0x3b94</run_address>
         <size>0x18</size>
         <input_file_ref idref="fl-eb"/>
      </object_component>
      <object_component id="oc-232">
         <name>.text:TimerDisable</name>
         <load_address>0x3bac</load_address>
         <run_address>0x3bac</run_address>
         <size>0x18</size>
         <input_file_ref idref="fl-ee"/>
      </object_component>
      <object_component id="oc-244">
         <name>.text:TimerIntRegister</name>
         <load_address>0x3bc4</load_address>
         <run_address>0x3bc4</run_address>
         <size>0x18</size>
         <input_file_ref idref="fl-ee"/>
      </object_component>
      <object_component id="oc-81">
         <name>.text</name>
         <load_address>0x3bdc</load_address>
         <run_address>0x3bdc</run_address>
         <size>0x18</size>
         <input_file_ref idref="fl-d5"/>
      </object_component>
      <object_component id="oc-28a">
         <name>.text:GrStringDraw</name>
         <load_address>0x3bf4</load_address>
         <run_address>0x3bf4</run_address>
         <size>0x16</size>
         <input_file_ref idref="fl-f3"/>
      </object_component>
      <object_component id="oc-433">
         <name>.text</name>
         <load_address>0x3c0a</load_address>
         <run_address>0x3c0a</run_address>
         <size>0x16</size>
         <input_file_ref idref="fl-e5"/>
      </object_component>
      <object_component id="oc-223">
         <name>.text:UARTEnable</name>
         <load_address>0x3c20</load_address>
         <run_address>0x3c20</run_address>
         <size>0x14</size>
         <input_file_ref idref="fl-ef"/>
      </object_component>
      <object_component id="oc-1a2">
         <name>.text</name>
         <load_address>0x3c34</load_address>
         <run_address>0x3c34</run_address>
         <size>0x14</size>
         <input_file_ref idref="fl-d3"/>
      </object_component>
      <object_component id="oc-469">
         <name>.text</name>
         <load_address>0x3c48</load_address>
         <run_address>0x3c48</run_address>
         <size>0x14</size>
         <input_file_ref idref="fl-e8"/>
      </object_component>
      <object_component id="oc-369">
         <name>.text</name>
         <load_address>0x3c5c</load_address>
         <run_address>0x3c5c</run_address>
         <size>0x14</size>
         <input_file_ref idref="fl-d1"/>
      </object_component>
      <object_component id="oc-20b">
         <name>.text:GPIOPinTypeUART</name>
         <load_address>0x3c70</load_address>
         <run_address>0x3c70</run_address>
         <size>0x12</size>
         <input_file_ref idref="fl-eb"/>
      </object_component>
      <object_component id="oc-185">
         <name>.text:TimerLoadSet</name>
         <load_address>0x3c82</load_address>
         <run_address>0x3c82</run_address>
         <size>0x12</size>
         <input_file_ref idref="fl-ee"/>
      </object_component>
      <object_component id="oc-125">
         <name>.text:FPULazyStackingEnable</name>
         <load_address>0x3c94</load_address>
         <run_address>0x3c94</run_address>
         <size>0x10</size>
         <input_file_ref idref="fl-ea"/>
      </object_component>
      <object_component id="oc-137">
         <name>.text:IntMasterDisable</name>
         <load_address>0x3ca4</load_address>
         <run_address>0x3ca4</run_address>
         <size>0x10</size>
         <input_file_ref idref="fl-ec"/>
      </object_component>
      <object_component id="oc-173">
         <name>.text:IntMasterEnable</name>
         <load_address>0x3cb4</load_address>
         <run_address>0x3cb4</run_address>
         <size>0x10</size>
         <input_file_ref idref="fl-ec"/>
      </object_component>
      <object_component id="oc-a7">
         <name>.text</name>
         <load_address>0x3cc4</load_address>
         <run_address>0x3cc4</run_address>
         <size>0x10</size>
         <input_file_ref idref="fl-d2"/>
      </object_component>
      <object_component id="oc-259">
         <name>.text:ADCSequenceDisable</name>
         <load_address>0x3cd4</load_address>
         <run_address>0x3cd4</run_address>
         <size>0xe</size>
         <input_file_ref idref="fl-e9"/>
      </object_component>
      <object_component id="oc-271">
         <name>.text:ADCSequenceEnable</name>
         <load_address>0x3ce2</load_address>
         <run_address>0x3ce2</run_address>
         <size>0xe</size>
         <input_file_ref idref="fl-e9"/>
      </object_component>
      <object_component id="oc-24a">
         <name>.text:TimerEnable</name>
         <load_address>0x3cf0</load_address>
         <run_address>0x3cf0</run_address>
         <size>0xe</size>
         <input_file_ref idref="fl-ee"/>
      </object_component>
      <object_component id="oc-a1">
         <name>.text:UARTCharGetNonBlocking</name>
         <load_address>0x3cfe</load_address>
         <run_address>0x3cfe</run_address>
         <size>0xe</size>
         <input_file_ref idref="fl-ef"/>
      </object_component>
      <object_component id="oc-ad">
         <name>.text:UARTCharsAvail</name>
         <load_address>0x3d0c</load_address>
         <run_address>0x3d0c</run_address>
         <size>0xe</size>
         <input_file_ref idref="fl-ef"/>
      </object_component>
      <object_component id="oc-18">
         <name>.text:decompress:none</name>
         <load_address>0x3d1a</load_address>
         <run_address>0x3d1a</run_address>
         <size>0xe</size>
         <input_file_ref idref="fl-c8"/>
      </object_component>
      <object_component id="oc-1dc">
         <name>.text:CPUcpsid</name>
         <load_address>0x3d28</load_address>
         <run_address>0x3d28</run_address>
         <size>0xc</size>
         <input_file_ref idref="fl-f0"/>
      </object_component>
      <object_component id="oc-299">
         <name>.text:CPUcpsie</name>
         <load_address>0x3d34</load_address>
         <run_address>0x3d34</run_address>
         <size>0xc</size>
         <input_file_ref idref="fl-f0"/>
      </object_component>
      <object_component id="oc-1e">
         <name>.text:decompress:ZI</name>
         <load_address>0x3d40</load_address>
         <run_address>0x3d40</run_address>
         <size>0xc</size>
         <input_file_ref idref="fl-c9"/>
      </object_component>
      <object_component id="oc-26b">
         <name>.text:ADCIntClear</name>
         <load_address>0x3d4c</load_address>
         <run_address>0x3d4c</run_address>
         <size>0xa</size>
         <input_file_ref idref="fl-e9"/>
      </object_component>
      <object_component id="oc-2c7">
         <name>.text:CFAL96x64x16Flush</name>
         <load_address>0x3d56</load_address>
         <run_address>0x3d56</run_address>
         <size>0xa</size>
         <input_file_ref idref="fl-9"/>
      </object_component>
      <object_component id="oc-363">
         <name>.text:UARTCharPut</name>
         <load_address>0x3d60</load_address>
         <run_address>0x3d60</run_address>
         <size>0xa</size>
         <input_file_ref idref="fl-ef"/>
      </object_component>
      <object_component id="oc-95">
         <name>.text:UARTIntStatus</name>
         <load_address>0x3d6a</load_address>
         <run_address>0x3d6a</run_address>
         <size>0xa</size>
         <input_file_ref idref="fl-ef"/>
      </object_component>
      <object_component id="oc-300">
         <name>.text:GrMapISO8859_1_Unicode</name>
         <load_address>0x3d74</load_address>
         <run_address>0x3d74</run_address>
         <size>0x8</size>
         <input_file_ref idref="fl-f5"/>
      </object_component>
      <object_component id="oc-23e">
         <name>.text:TimerIntEnable</name>
         <load_address>0x3d7c</load_address>
         <run_address>0x3d7c</run_address>
         <size>0x8</size>
         <input_file_ref idref="fl-ee"/>
      </object_component>
      <object_component id="oc-21d">
         <name>.text:UARTIntEnable</name>
         <load_address>0x3d84</load_address>
         <run_address>0x3d84</run_address>
         <size>0x8</size>
         <input_file_ref idref="fl-ef"/>
      </object_component>
      <object_component id="oc-179">
         <name>.text:GPIOPinWrite</name>
         <load_address>0x3d8c</load_address>
         <run_address>0x3d8c</run_address>
         <size>0x6</size>
         <input_file_ref idref="fl-eb"/>
      </object_component>
      <object_component id="oc-143">
         <name>.text:GrContextFontSet</name>
         <load_address>0x3d92</load_address>
         <run_address>0x3d92</run_address>
         <size>0x6</size>
         <input_file_ref idref="fl-f3"/>
      </object_component>
      <object_component id="oc-2b">
         <name>.text:ResetISR</name>
         <load_address>0x3d98</load_address>
         <run_address>0x3d98</run_address>
         <size>0x6</size>
         <input_file_ref idref="fl-3"/>
      </object_component>
      <object_component id="oc-1c9">
         <name>.text:SysCtlDelay</name>
         <load_address>0x3d9e</load_address>
         <run_address>0x3d9e</run_address>
         <size>0x6</size>
         <input_file_ref idref="fl-ed"/>
      </object_component>
      <object_component id="oc-33d">
         <name>.text:TimerIntClear</name>
         <load_address>0x3da4</load_address>
         <run_address>0x3da4</run_address>
         <size>0x4</size>
         <input_file_ref idref="fl-ee"/>
      </object_component>
      <object_component id="oc-9b">
         <name>.text:UARTIntClear</name>
         <load_address>0x3da8</load_address>
         <run_address>0x3da8</run_address>
         <size>0x4</size>
         <input_file_ref idref="fl-ef"/>
      </object_component>
      <object_component id="oc-75">
         <name>.text</name>
         <load_address>0x3dac</load_address>
         <run_address>0x3dac</run_address>
         <size>0x4</size>
         <input_file_ref idref="fl-ce"/>
      </object_component>
      <object_component id="oc-2d0">
         <name>.const:.string:g_pui8FontFixed6x8Data</name>
         <load_address>0x3db0</load_address>
         <run_address>0x3db0</run_address>
         <size>0x2f8</size>
         <input_file_ref idref="fl-f4"/>
      </object_component>
      <object_component id="oc-103">
         <name>.const:.string:_ctypes_</name>
         <load_address>0x40a8</load_address>
         <run_address>0x40a8</run_address>
         <size>0x101</size>
         <input_file_ref idref="fl-d9"/>
      </object_component>
      <object_component id="oc-195">
         <name>.const:g_sFontFixed6x8</name>
         <load_address>0x41ac</load_address>
         <run_address>0x41ac</run_address>
         <size>0xc8</size>
         <input_file_ref idref="fl-f4"/>
      </object_component>
      <object_component id="oc-324">
         <name>.const</name>
         <load_address>0x4274</load_address>
         <run_address>0x4274</run_address>
         <size>0x70</size>
         <input_file_ref idref="fl-ec"/>
      </object_component>
      <object_component id="oc-2a2">
         <name>.const:g_pui32Xtals</name>
         <load_address>0x42e4</load_address>
         <run_address>0x42e4</run_address>
         <size>0x6c</size>
         <input_file_ref idref="fl-ed"/>
      </object_component>
      <object_component id="oc-3a3">
         <name>.const:g_ppui32TimerIntMap</name>
         <load_address>0x4350</load_address>
         <run_address>0x4350</run_address>
         <size>0x60</size>
         <input_file_ref idref="fl-ee"/>
      </object_component>
      <object_component id="oc-3a6">
         <name>.const:g_ppui32TimerIntMapSnowflake</name>
         <load_address>0x43b0</load_address>
         <run_address>0x43b0</run_address>
         <size>0x40</size>
         <input_file_ref idref="fl-ee"/>
      </object_component>
      <object_component id="oc-192">
         <name>.const:g_sCFAL96x64x16</name>
         <load_address>0x43f0</load_address>
         <run_address>0x43f0</run_address>
         <size>0x28</size>
         <input_file_ref idref="fl-9"/>
      </object_component>
      <object_component id="oc-350">
         <name>.const:coilStates</name>
         <load_address>0x4418</load_address>
         <run_address>0x4418</run_address>
         <size>0x24</size>
         <input_file_ref idref="fl-2"/>
      </object_component>
      <object_component id="oc-1e9">
         <name>.const</name>
         <load_address>0x443c</load_address>
         <run_address>0x443c</run_address>
         <size>0x10</size>
         <input_file_ref idref="fl-f1"/>
      </object_component>
      <object_component id="oc-4b2">
         <name>.cinit..data.load</name>
         <load_address>0x4450</load_address>
         <run_address>0x4450</run_address>
         <size>0x35</size>
      </object_component>
      <object_component id="oc-4af">
         <name>__TI_handler_table</name>
         <load_address>0x4488</load_address>
         <run_address>0x4488</run_address>
         <size>0xc</size>
      </object_component>
      <object_component id="oc-4b3">
         <name>.cinit..bss.load</name>
         <load_address>0x4498</load_address>
         <run_address>0x4498</run_address>
         <size>0x8</size>
      </object_component>
      <object_component id="oc-4b1">
         <name>.cinit..vtable.load</name>
         <load_address>0x44a0</load_address>
         <run_address>0x44a0</run_address>
         <size>0x8</size>
      </object_component>
      <object_component id="oc-4b0">
         <name>__TI_cinit_table</name>
         <load_address>0x44a8</load_address>
         <run_address>0x44a8</run_address>
         <size>0x18</size>
      </object_component>
      <object_component id="oc-3aa">
         <name>.vtable</name>
         <uninitialized>true</uninitialized>
         <run_address>0x20000000</run_address>
         <size>0x26c</size>
         <input_file_ref idref="fl-ec"/>
      </object_component>
      <object_component id="oc-b3">
         <name>.data</name>
         <load_address>0x2000066c</load_address>
         <run_address>0x2000066c</run_address>
         <size>0x15</size>
         <input_file_ref idref="fl-2"/>
      </object_component>
      <object_component id="oc-1d8">
         <name>.data:g_ui8DisplayInitCommands</name>
         <load_address>0x20000681</load_address>
         <run_address>0x20000681</run_address>
         <size>0x13</size>
         <input_file_ref idref="fl-9"/>
      </object_component>
      <object_component id="oc-ef">
         <name>.data:$O1$$</name>
         <load_address>0x20000694</load_address>
         <run_address>0x20000694</run_address>
         <size>0xc</size>
         <input_file_ref idref="fl-ca"/>
      </object_component>
      <object_component id="oc-8d">
         <name>.data</name>
         <load_address>0x200006ac</load_address>
         <run_address>0x200006ac</run_address>
         <size>0x4</size>
         <input_file_ref idref="fl-d0"/>
      </object_component>
      <object_component id="oc-f2">
         <name>.data:$O1$$</name>
         <load_address>0x200006a0</load_address>
         <run_address>0x200006a0</run_address>
         <size>0x8</size>
         <input_file_ref idref="fl-d3"/>
      </object_component>
      <object_component id="oc-46f">
         <name>.data</name>
         <load_address>0x200006a8</load_address>
         <run_address>0x200006a8</run_address>
         <size>0x4</size>
         <input_file_ref idref="fl-e7"/>
      </object_component>
      <object_component id="oc-353">
         <name>.bss</name>
         <uninitialized>true</uninitialized>
         <run_address>0x200006e0</run_address>
         <size>0x4</size>
         <input_file_ref idref="fl-2"/>
      </object_component>
      <object_component id="oc-354">
         <name>.bss:ADCHome$4</name>
         <uninitialized>true</uninitialized>
         <run_address>0x200006dc</run_address>
         <size>0x4</size>
         <input_file_ref idref="fl-2"/>
      </object_component>
      <object_component id="oc-191">
         <name>.common:sContext</name>
         <uninitialized>true</uninitialized>
         <run_address>0x200006b0</run_address>
         <size>0x2c</size>
      </object_component>
      <object_component id="oc-1ec">
         <name>.common:g_psGrLibDefaults</name>
         <uninitialized>true</uninitialized>
         <run_address>0x200006e4</run_address>
         <size>0x4</size>
      </object_component>
      <object_component id="oc-2a">
         <name>.stack</name>
         <uninitialized>true</uninitialized>
         <run_address>0x2000026c</run_address>
         <size>0x0</size>
         <input_file_ref idref="fl-c6"/>
      </object_component>
      <object_component id="oc-4b4">
         <name>.stack</name>
         <uninitialized>true</uninitialized>
         <run_address>0x2000026c</run_address>
         <size>0x0</size>
      </object_component>
      <object_component id="oc-112">
         <name>.debug_info</name>
         <load_address>0x0</load_address>
         <run_address>0x0</run_address>
         <size>0x929</size>
         <input_file_ref idref="fl-2"/>
      </object_component>
      <object_component id="oc-b4">
         <name>.debug_info</name>
         <load_address>0x929</load_address>
         <run_address>0x929</run_address>
         <size>0x15c</size>
         <input_file_ref idref="fl-2"/>
      </object_component>
      <object_component id="oc-351">
         <name>.debug_info</name>
         <load_address>0xa85</load_address>
         <run_address>0xa85</run_address>
         <size>0xd9</size>
         <input_file_ref idref="fl-2"/>
      </object_component>
      <object_component id="oc-252">
         <name>.debug_info</name>
         <load_address>0xb5e</load_address>
         <run_address>0xb5e</run_address>
         <size>0x16e</size>
         <input_file_ref idref="fl-2"/>
      </object_component>
      <object_component id="oc-b6">
         <name>.debug_info</name>
         <load_address>0xccc</load_address>
         <run_address>0xccc</run_address>
         <size>0x305</size>
         <input_file_ref idref="fl-2"/>
      </object_component>
      <object_component id="oc-45">
         <name>.debug_info</name>
         <load_address>0xfd1</load_address>
         <run_address>0xfd1</run_address>
         <size>0x190</size>
         <input_file_ref idref="fl-2"/>
      </object_component>
      <object_component id="oc-e8">
         <name>.debug_info</name>
         <load_address>0x1161</load_address>
         <run_address>0x1161</run_address>
         <size>0x319</size>
         <input_file_ref idref="fl-2"/>
      </object_component>
      <object_component id="oc-10b">
         <name>.debug_info</name>
         <load_address>0x147a</load_address>
         <run_address>0x147a</run_address>
         <size>0x63</size>
         <input_file_ref idref="fl-2"/>
      </object_component>
      <object_component id="oc-3b6">
         <name>.debug_info</name>
         <load_address>0x14dd</load_address>
         <run_address>0x14dd</run_address>
         <size>0x5a</size>
         <input_file_ref idref="fl-2"/>
      </object_component>
      <object_component id="oc-1b7">
         <name>.debug_info</name>
         <load_address>0x1537</load_address>
         <run_address>0x1537</run_address>
         <size>0x6bd</size>
         <input_file_ref idref="fl-2"/>
      </object_component>
      <object_component id="oc-fb">
         <name>.debug_info</name>
         <load_address>0x1bf4</load_address>
         <run_address>0x1bf4</run_address>
         <size>0x8b</size>
         <input_file_ref idref="fl-2"/>
      </object_component>
      <object_component id="oc-ba">
         <name>.debug_info</name>
         <load_address>0x1c7f</load_address>
         <run_address>0x1c7f</run_address>
         <size>0x18b</size>
         <input_file_ref idref="fl-2"/>
      </object_component>
      <object_component id="oc-4b">
         <name>.debug_info</name>
         <load_address>0x1e0a</load_address>
         <run_address>0x1e0a</run_address>
         <size>0x2a5</size>
         <input_file_ref idref="fl-3"/>
      </object_component>
      <object_component id="oc-10">
         <name>.debug_info</name>
         <load_address>0x20af</load_address>
         <run_address>0x20af</run_address>
         <size>0xde</size>
         <input_file_ref idref="fl-3"/>
      </object_component>
      <object_component id="oc-2c">
         <name>.debug_info</name>
         <load_address>0x218d</load_address>
         <run_address>0x218d</run_address>
         <size>0x10e</size>
         <input_file_ref idref="fl-3"/>
      </object_component>
      <object_component id="oc-32">
         <name>.debug_info</name>
         <load_address>0x229b</load_address>
         <run_address>0x229b</run_address>
         <size>0xff</size>
         <input_file_ref idref="fl-3"/>
      </object_component>
      <object_component id="oc-38">
         <name>.debug_info</name>
         <load_address>0x239a</load_address>
         <run_address>0x239a</run_address>
         <size>0x105</size>
         <input_file_ref idref="fl-3"/>
      </object_component>
      <object_component id="oc-3e">
         <name>.debug_info</name>
         <load_address>0x249f</load_address>
         <run_address>0x249f</run_address>
         <size>0x117</size>
         <input_file_ref idref="fl-3"/>
      </object_component>
      <object_component id="oc-52">
         <name>.debug_info</name>
         <load_address>0x25b6</load_address>
         <run_address>0x25b6</run_address>
         <size>0x84</size>
         <input_file_ref idref="fl-3"/>
      </object_component>
      <object_component id="oc-3ce">
         <name>.debug_info</name>
         <load_address>0x263a</load_address>
         <run_address>0x263a</run_address>
         <size>0x4e7</size>
         <input_file_ref idref="fl-4"/>
      </object_component>
      <object_component id="oc-162">
         <name>.debug_info</name>
         <load_address>0x2b21</load_address>
         <run_address>0x2b21</run_address>
         <size>0x1e8</size>
         <input_file_ref idref="fl-4"/>
      </object_component>
      <object_component id="oc-34b">
         <name>.debug_info</name>
         <load_address>0x2d09</load_address>
         <run_address>0x2d09</run_address>
         <size>0x1c7</size>
         <input_file_ref idref="fl-4"/>
      </object_component>
      <object_component id="oc-3ed">
         <name>.debug_info</name>
         <load_address>0x2ed0</load_address>
         <run_address>0x2ed0</run_address>
         <size>0x4e</size>
         <input_file_ref idref="fl-4"/>
      </object_component>
      <object_component id="oc-150">
         <name>.debug_info</name>
         <load_address>0x2f1e</load_address>
         <run_address>0x2f1e</run_address>
         <size>0x16f</size>
         <input_file_ref idref="fl-5"/>
      </object_component>
      <object_component id="oc-291">
         <name>.debug_info</name>
         <load_address>0x308d</load_address>
         <run_address>0x308d</run_address>
         <size>0x63a</size>
         <input_file_ref idref="fl-6"/>
      </object_component>
      <object_component id="oc-18d">
         <name>.debug_info</name>
         <load_address>0x36c7</load_address>
         <run_address>0x36c7</run_address>
         <size>0x178</size>
         <input_file_ref idref="fl-6"/>
      </object_component>
      <object_component id="oc-344">
         <name>.debug_info</name>
         <load_address>0x383f</load_address>
         <run_address>0x383f</run_address>
         <size>0x383</size>
         <input_file_ref idref="fl-6"/>
      </object_component>
      <object_component id="oc-169">
         <name>.debug_info</name>
         <load_address>0x3bc2</load_address>
         <run_address>0x3bc2</run_address>
         <size>0x245</size>
         <input_file_ref idref="fl-6"/>
      </object_component>
      <object_component id="oc-15e">
         <name>.debug_info</name>
         <load_address>0x3e07</load_address>
         <run_address>0x3e07</run_address>
         <size>0x2f8</size>
         <input_file_ref idref="fl-7"/>
      </object_component>
      <object_component id="oc-370">
         <name>.debug_info</name>
         <load_address>0x40ff</load_address>
         <run_address>0x40ff</run_address>
         <size>0x4ec</size>
         <input_file_ref idref="fl-8"/>
      </object_component>
      <object_component id="oc-14d">
         <name>.debug_info</name>
         <load_address>0x45eb</load_address>
         <run_address>0x45eb</run_address>
         <size>0x24b</size>
         <input_file_ref idref="fl-8"/>
      </object_component>
      <object_component id="oc-294">
         <name>.debug_info</name>
         <load_address>0x4836</load_address>
         <run_address>0x4836</run_address>
         <size>0x1b4</size>
         <input_file_ref idref="fl-8"/>
      </object_component>
      <object_component id="oc-170">
         <name>.debug_info</name>
         <load_address>0x49ea</load_address>
         <run_address>0x49ea</run_address>
         <size>0x18d</size>
         <input_file_ref idref="fl-8"/>
      </object_component>
      <object_component id="oc-d0">
         <name>.debug_info</name>
         <load_address>0x4b77</load_address>
         <run_address>0x4b77</run_address>
         <size>0x2c</size>
         <input_file_ref idref="fl-8"/>
      </object_component>
      <object_component id="oc-2cf">
         <name>.debug_info</name>
         <load_address>0x4ba3</load_address>
         <run_address>0x4ba3</run_address>
         <size>0x4e0</size>
         <input_file_ref idref="fl-9"/>
      </object_component>
      <object_component id="oc-1d9">
         <name>.debug_info</name>
         <load_address>0x5083</load_address>
         <run_address>0x5083</run_address>
         <size>0x139</size>
         <input_file_ref idref="fl-9"/>
      </object_component>
      <object_component id="oc-193">
         <name>.debug_info</name>
         <load_address>0x51bc</load_address>
         <run_address>0x51bc</run_address>
         <size>0x129</size>
         <input_file_ref idref="fl-9"/>
      </object_component>
      <object_component id="oc-1cd">
         <name>.debug_info</name>
         <load_address>0x52e5</load_address>
         <run_address>0x52e5</run_address>
         <size>0x270</size>
         <input_file_ref idref="fl-9"/>
      </object_component>
      <object_component id="oc-379">
         <name>.debug_info</name>
         <load_address>0x5555</load_address>
         <run_address>0x5555</run_address>
         <size>0x26e</size>
         <input_file_ref idref="fl-9"/>
      </object_component>
      <object_component id="oc-2aa">
         <name>.debug_info</name>
         <load_address>0x57c3</load_address>
         <run_address>0x57c3</run_address>
         <size>0x30b</size>
         <input_file_ref idref="fl-9"/>
      </object_component>
      <object_component id="oc-2b0">
         <name>.debug_info</name>
         <load_address>0x5ace</load_address>
         <run_address>0x5ace</run_address>
         <size>0x457</size>
         <input_file_ref idref="fl-9"/>
      </object_component>
      <object_component id="oc-2b6">
         <name>.debug_info</name>
         <load_address>0x5f25</load_address>
         <run_address>0x5f25</run_address>
         <size>0x335</size>
         <input_file_ref idref="fl-9"/>
      </object_component>
      <object_component id="oc-2bc">
         <name>.debug_info</name>
         <load_address>0x625a</load_address>
         <run_address>0x625a</run_address>
         <size>0x354</size>
         <input_file_ref idref="fl-9"/>
      </object_component>
      <object_component id="oc-1d3">
         <name>.debug_info</name>
         <load_address>0x65ae</load_address>
         <run_address>0x65ae</run_address>
         <size>0x2c3</size>
         <input_file_ref idref="fl-9"/>
      </object_component>
      <object_component id="oc-2c2">
         <name>.debug_info</name>
         <load_address>0x6871</load_address>
         <run_address>0x6871</run_address>
         <size>0x282</size>
         <input_file_ref idref="fl-9"/>
      </object_component>
      <object_component id="oc-2c8">
         <name>.debug_info</name>
         <load_address>0x6af3</load_address>
         <run_address>0x6af3</run_address>
         <size>0x235</size>
         <input_file_ref idref="fl-9"/>
      </object_component>
      <object_component id="oc-134">
         <name>.debug_info</name>
         <load_address>0x6d28</load_address>
         <run_address>0x6d28</run_address>
         <size>0x2e3</size>
         <input_file_ref idref="fl-9"/>
      </object_component>
      <object_component id="oc-156">
         <name>.debug_info</name>
         <load_address>0x700b</load_address>
         <run_address>0x700b</run_address>
         <size>0x1b7</size>
         <input_file_ref idref="fl-a"/>
      </object_component>
      <object_component id="oc-26">
         <name>.debug_info</name>
         <load_address>0x71c2</load_address>
         <run_address>0x71c2</run_address>
         <size>0x160</size>
         <input_file_ref idref="fl-c6"/>
      </object_component>
      <object_component id="oc-c6">
         <name>.debug_info</name>
         <load_address>0x7322</load_address>
         <run_address>0x7322</run_address>
         <size>0x293</size>
         <input_file_ref idref="fl-c7"/>
      </object_component>
      <object_component id="oc-13">
         <name>.debug_info</name>
         <load_address>0x75b5</load_address>
         <run_address>0x75b5</run_address>
         <size>0x245</size>
         <input_file_ref idref="fl-c7"/>
      </object_component>
      <object_component id="oc-4d">
         <name>.debug_info</name>
         <load_address>0x77fa</load_address>
         <run_address>0x77fa</run_address>
         <size>0x60</size>
         <input_file_ref idref="fl-c7"/>
      </object_component>
      <object_component id="oc-c1">
         <name>.debug_info</name>
         <load_address>0x785a</load_address>
         <run_address>0x785a</run_address>
         <size>0x46</size>
         <input_file_ref idref="fl-c7"/>
      </object_component>
      <object_component id="oc-62">
         <name>.debug_info</name>
         <load_address>0x78a0</load_address>
         <run_address>0x78a0</run_address>
         <size>0x2da</size>
         <input_file_ref idref="fl-c8"/>
      </object_component>
      <object_component id="oc-19">
         <name>.debug_info</name>
         <load_address>0x7b7a</load_address>
         <run_address>0x7b7a</run_address>
         <size>0x1df</size>
         <input_file_ref idref="fl-c8"/>
      </object_component>
      <object_component id="oc-5d">
         <name>.debug_info</name>
         <load_address>0x7d59</load_address>
         <run_address>0x7d59</run_address>
         <size>0x46</size>
         <input_file_ref idref="fl-c8"/>
      </object_component>
      <object_component id="oc-c8">
         <name>.debug_info</name>
         <load_address>0x7d9f</load_address>
         <run_address>0x7d9f</run_address>
         <size>0x2c</size>
         <input_file_ref idref="fl-c8"/>
      </object_component>
      <object_component id="oc-6e">
         <name>.debug_info</name>
         <load_address>0x7dcb</load_address>
         <run_address>0x7dcb</run_address>
         <size>0x2c9</size>
         <input_file_ref idref="fl-c9"/>
      </object_component>
      <object_component id="oc-21">
         <name>.debug_info</name>
         <load_address>0x8094</load_address>
         <run_address>0x8094</run_address>
         <size>0x1aa</size>
         <input_file_ref idref="fl-c9"/>
      </object_component>
      <object_component id="oc-69">
         <name>.debug_info</name>
         <load_address>0x823e</load_address>
         <run_address>0x823e</run_address>
         <size>0x46</size>
         <input_file_ref idref="fl-c9"/>
      </object_component>
      <object_component id="oc-f6">
         <name>.debug_info</name>
         <load_address>0x8284</load_address>
         <run_address>0x8284</run_address>
         <size>0x3ce</size>
         <input_file_ref idref="fl-ca"/>
      </object_component>
      <object_component id="oc-f0">
         <name>.debug_info</name>
         <load_address>0x8652</load_address>
         <run_address>0x8652</run_address>
         <size>0x185</size>
         <input_file_ref idref="fl-ca"/>
      </object_component>
      <object_component id="oc-88">
         <name>.debug_info</name>
         <load_address>0x87d7</load_address>
         <run_address>0x87d7</run_address>
         <size>0x214</size>
         <input_file_ref idref="fl-ca"/>
      </object_component>
      <object_component id="oc-59">
         <name>.debug_info</name>
         <load_address>0x89eb</load_address>
         <run_address>0x89eb</run_address>
         <size>0x111</size>
         <input_file_ref idref="fl-cb"/>
      </object_component>
      <object_component id="oc-66">
         <name>.debug_info</name>
         <load_address>0x8afc</load_address>
         <run_address>0x8afc</run_address>
         <size>0x13f</size>
         <input_file_ref idref="fl-cc"/>
      </object_component>
      <object_component id="oc-71">
         <name>.debug_info</name>
         <load_address>0x8c3b</load_address>
         <run_address>0x8c3b</run_address>
         <size>0x138</size>
         <input_file_ref idref="fl-cd"/>
      </object_component>
      <object_component id="oc-77">
         <name>.debug_info</name>
         <load_address>0x8d73</load_address>
         <run_address>0x8d73</run_address>
         <size>0x148</size>
         <input_file_ref idref="fl-ce"/>
      </object_component>
      <object_component id="oc-3ec">
         <name>.debug_info</name>
         <load_address>0x8ebb</load_address>
         <run_address>0x8ebb</run_address>
         <size>0x355</size>
         <input_file_ref idref="fl-cf"/>
      </object_component>
      <object_component id="oc-3b2">
         <name>.debug_info</name>
         <load_address>0x9210</load_address>
         <run_address>0x9210</run_address>
         <size>0x2e4</size>
         <input_file_ref idref="fl-cf"/>
      </object_component>
      <object_component id="oc-451">
         <name>.debug_info</name>
         <load_address>0x94f4</load_address>
         <run_address>0x94f4</run_address>
         <size>0x2c</size>
         <input_file_ref idref="fl-cf"/>
      </object_component>
      <object_component id="oc-8e">
         <name>.debug_info</name>
         <load_address>0x9520</load_address>
         <run_address>0x9520</run_address>
         <size>0x109</size>
         <input_file_ref idref="fl-d0"/>
      </object_component>
      <object_component id="oc-3d7">
         <name>.debug_info</name>
         <load_address>0x9629</load_address>
         <run_address>0x9629</run_address>
         <size>0x284</size>
         <input_file_ref idref="fl-d1"/>
      </object_component>
      <object_component id="oc-36a">
         <name>.debug_info</name>
         <load_address>0x98ad</load_address>
         <run_address>0x98ad</run_address>
         <size>0x22a</size>
         <input_file_ref idref="fl-d1"/>
      </object_component>
      <object_component id="oc-107">
         <name>.debug_info</name>
         <load_address>0x9ad7</load_address>
         <run_address>0x9ad7</run_address>
         <size>0x2ab</size>
         <input_file_ref idref="fl-d2"/>
      </object_component>
      <object_component id="oc-a9">
         <name>.debug_info</name>
         <load_address>0x9d82</load_address>
         <run_address>0x9d82</run_address>
         <size>0x149</size>
         <input_file_ref idref="fl-d2"/>
      </object_component>
      <object_component id="oc-1aa">
         <name>.debug_info</name>
         <load_address>0x9ecb</load_address>
         <run_address>0x9ecb</run_address>
         <size>0x2be</size>
         <input_file_ref idref="fl-d3"/>
      </object_component>
      <object_component id="oc-f3">
         <name>.debug_info</name>
         <load_address>0xa189</load_address>
         <run_address>0xa189</run_address>
         <size>0x113</size>
         <input_file_ref idref="fl-d3"/>
      </object_component>
      <object_component id="oc-1a4">
         <name>.debug_info</name>
         <load_address>0xa29c</load_address>
         <run_address>0xa29c</run_address>
         <size>0x21f</size>
         <input_file_ref idref="fl-d3"/>
      </object_component>
      <object_component id="oc-446">
         <name>.debug_info</name>
         <load_address>0xa4bb</load_address>
         <run_address>0xa4bb</run_address>
         <size>0x51f</size>
         <input_file_ref idref="fl-d4"/>
      </object_component>
      <object_component id="oc-3e6">
         <name>.debug_info</name>
         <load_address>0xa9da</load_address>
         <run_address>0xa9da</run_address>
         <size>0x1543</size>
         <input_file_ref idref="fl-d4"/>
      </object_component>
      <object_component id="oc-447">
         <name>.debug_info</name>
         <load_address>0xbf1d</load_address>
         <run_address>0xbf1d</run_address>
         <size>0x86</size>
         <input_file_ref idref="fl-d4"/>
      </object_component>
      <object_component id="oc-47c">
         <name>.debug_info</name>
         <load_address>0xbfa3</load_address>
         <run_address>0xbfa3</run_address>
         <size>0x46</size>
         <input_file_ref idref="fl-d4"/>
      </object_component>
      <object_component id="oc-44c">
         <name>.debug_info</name>
         <load_address>0xbfe9</load_address>
         <run_address>0xbfe9</run_address>
         <size>0x39</size>
         <input_file_ref idref="fl-d4"/>
      </object_component>
      <object_component id="oc-ee">
         <name>.debug_info</name>
         <load_address>0xc022</load_address>
         <run_address>0xc022</run_address>
         <size>0x300</size>
         <input_file_ref idref="fl-d5"/>
      </object_component>
      <object_component id="oc-83">
         <name>.debug_info</name>
         <load_address>0xc322</load_address>
         <run_address>0xc322</run_address>
         <size>0x167</size>
         <input_file_ref idref="fl-d5"/>
      </object_component>
      <object_component id="oc-19b">
         <name>.debug_info</name>
         <load_address>0xc489</load_address>
         <run_address>0xc489</run_address>
         <size>0x5e</size>
         <input_file_ref idref="fl-d5"/>
      </object_component>
      <object_component id="oc-477">
         <name>.debug_info</name>
         <load_address>0xc4e7</load_address>
         <run_address>0xc4e7</run_address>
         <size>0x2ae</size>
         <input_file_ref idref="fl-d6"/>
      </object_component>
      <object_component id="oc-43b">
         <name>.debug_info</name>
         <load_address>0xc795</load_address>
         <run_address>0xc795</run_address>
         <size>0x171</size>
         <input_file_ref idref="fl-d6"/>
      </object_component>
      <object_component id="oc-e6">
         <name>.debug_info</name>
         <load_address>0xc906</load_address>
         <run_address>0xc906</run_address>
         <size>0x483</size>
         <input_file_ref idref="fl-d7"/>
      </object_component>
      <object_component id="oc-7e">
         <name>.debug_info</name>
         <load_address>0xcd89</load_address>
         <run_address>0xcd89</run_address>
         <size>0x190</size>
         <input_file_ref idref="fl-d7"/>
      </object_component>
      <object_component id="oc-11b">
         <name>.debug_info</name>
         <load_address>0xcf19</load_address>
         <run_address>0xcf19</run_address>
         <size>0x39</size>
         <input_file_ref idref="fl-d7"/>
      </object_component>
      <object_component id="oc-1c3">
         <name>.debug_info</name>
         <load_address>0xcf52</load_address>
         <run_address>0xcf52</run_address>
         <size>0x39</size>
         <input_file_ref idref="fl-d7"/>
      </object_component>
      <object_component id="oc-120">
         <name>.debug_info</name>
         <load_address>0xcf8b</load_address>
         <run_address>0xcf8b</run_address>
         <size>0xcd</size>
         <input_file_ref idref="fl-d7"/>
      </object_component>
      <object_component id="oc-117">
         <name>.debug_info</name>
         <load_address>0xd058</load_address>
         <run_address>0xd058</run_address>
         <size>0x37a</size>
         <input_file_ref idref="fl-d8"/>
      </object_component>
      <object_component id="oc-da">
         <name>.debug_info</name>
         <load_address>0xd3d2</load_address>
         <run_address>0xd3d2</run_address>
         <size>0x183</size>
         <input_file_ref idref="fl-d8"/>
      </object_component>
      <object_component id="oc-1be">
         <name>.debug_info</name>
         <load_address>0xd555</load_address>
         <run_address>0xd555</run_address>
         <size>0x2c</size>
         <input_file_ref idref="fl-d8"/>
      </object_component>
      <object_component id="oc-1b2">
         <name>.debug_info</name>
         <load_address>0xd581</load_address>
         <run_address>0xd581</run_address>
         <size>0xee</size>
         <input_file_ref idref="fl-d9"/>
      </object_component>
      <object_component id="oc-104">
         <name>.debug_info</name>
         <load_address>0xd66f</load_address>
         <run_address>0xd66f</run_address>
         <size>0xfa</size>
         <input_file_ref idref="fl-d9"/>
      </object_component>
      <object_component id="oc-424">
         <name>.debug_info</name>
         <load_address>0xd769</load_address>
         <run_address>0xd769</run_address>
         <size>0x144</size>
         <input_file_ref idref="fl-da"/>
      </object_component>
      <object_component id="oc-401">
         <name>.debug_info</name>
         <load_address>0xd8ad</load_address>
         <run_address>0xd8ad</run_address>
         <size>0x120</size>
         <input_file_ref idref="fl-db"/>
      </object_component>
      <object_component id="oc-40e">
         <name>.debug_info</name>
         <load_address>0xd9cd</load_address>
         <run_address>0xd9cd</run_address>
         <size>0x122</size>
         <input_file_ref idref="fl-db"/>
      </object_component>
      <object_component id="oc-40a">
         <name>.debug_info</name>
         <load_address>0xdaef</load_address>
         <run_address>0xdaef</run_address>
         <size>0x132</size>
         <input_file_ref idref="fl-dc"/>
      </object_component>
      <object_component id="oc-405">
         <name>.debug_info</name>
         <load_address>0xdc21</load_address>
         <run_address>0xdc21</run_address>
         <size>0x132</size>
         <input_file_ref idref="fl-dd"/>
      </object_component>
      <object_component id="oc-415">
         <name>.debug_info</name>
         <load_address>0xdd53</load_address>
         <run_address>0xdd53</run_address>
         <size>0x126</size>
         <input_file_ref idref="fl-de"/>
      </object_component>
      <object_component id="oc-41e">
         <name>.debug_info</name>
         <load_address>0xde79</load_address>
         <run_address>0xde79</run_address>
         <size>0x124</size>
         <input_file_ref idref="fl-df"/>
      </object_component>
      <object_component id="oc-45f">
         <name>.debug_info</name>
         <load_address>0xdf9d</load_address>
         <run_address>0xdf9d</run_address>
         <size>0x2e6</size>
         <input_file_ref idref="fl-e0"/>
      </object_component>
      <object_component id="oc-418">
         <name>.debug_info</name>
         <load_address>0xe283</load_address>
         <run_address>0xe283</run_address>
         <size>0x1c2</size>
         <input_file_ref idref="fl-e0"/>
      </object_component>
      <object_component id="oc-479">
         <name>.debug_info</name>
         <load_address>0xe445</load_address>
         <run_address>0xe445</run_address>
         <size>0x28b</size>
         <input_file_ref idref="fl-e1"/>
      </object_component>
      <object_component id="oc-441">
         <name>.debug_info</name>
         <load_address>0xe6d0</load_address>
         <run_address>0xe6d0</run_address>
         <size>0x1ab</size>
         <input_file_ref idref="fl-e1"/>
      </object_component>
      <object_component id="oc-463">
         <name>.debug_info</name>
         <load_address>0xe87b</load_address>
         <run_address>0xe87b</run_address>
         <size>0x2d9</size>
         <input_file_ref idref="fl-e2"/>
      </object_component>
[...]
         <name>UARTSend</name>
         <value>0x3939</value>
         <object_component_ref idref="oc-292"/>
      </symbol>
      <symbol id="sm-18d">
         <name>printMainMenu</name>
         <value>0x2b85</value>
         <object_component_ref idref="oc-16d"/>
      </symbol>
      <symbol id="sm-23f">
         <name>g_sCFAL96x64x16</name>
         <value>0x43f0</value>
         <object_component_ref idref="oc-192"/>
      </symbol>
      <symbol id="sm-240">
         <name>CFAL96x64x16Init</name>
         <value>0x19b1</value>
         <object_component_ref idref="oc-131"/>
      </symbol>
      <symbol id="sm-24e">
         <name>setupStepperMotor</name>
         <value>0x3abd</value>
         <object_component_ref idref="oc-155"/>
      </symbol>
      <symbol id="sm-25f">
         <name>_c_int00</name>
         <value>0x33bd</value>
         <object_component_ref idref="oc-24"/>
      </symbol>
      <symbol id="sm-260">
         <name>__stack</name>
         <value>0x2000026c</value>
         <object_component_ref idref="oc-2a"/>
      </symbol>
      <symbol id="sm-27e">
         <name>__TI_decompress_lzss</name>
         <value>0x30bd</value>
         <object_component_ref idref="oc-12"/>
      </symbol>
      <symbol id="sm-295">
         <name>__TI_decompress_none</name>
         <value>0x3d1b</value>
         <object_component_ref idref="oc-18"/>
      </symbol>
      <symbol id="sm-2a7">
         <name>__TI_zero_init</name>
         <value>0x3d41</value>
         <object_component_ref idref="oc-1e"/>
      </symbol>
      <symbol id="sm-2c8">
         <name>C$$EXIT</name>
         <value>0x3411</value>
         <object_component_ref idref="oc-87"/>
      </symbol>
      <symbol id="sm-2c9">
         <name>abort</name>
         <value>0x3415</value>
         <object_component_ref idref="oc-87"/>
      </symbol>
      <symbol id="sm-2ca">
         <name>exit</name>
         <value>0x341d</value>
         <object_component_ref idref="oc-87"/>
      </symbol>
      <symbol id="sm-2cb">
         <name>__TI_dtors_ptr</name>
         <value>0x20000698</value>
         <object_component_ref idref="oc-ef"/>
      </symbol>
      <symbol id="sm-2cc">
         <name>__TI_cleanup_ptr</name>
         <value>0x20000694</value>
         <object_component_ref idref="oc-ef"/>
      </symbol>
      <symbol id="sm-2cd">
         <name>__TI_enable_exit_profile_output</name>
         <value>0x2000069c</value>
         <object_component_ref idref="oc-ef"/>
      </symbol>
      <symbol id="sm-2e8">
         <name>memcpy</name>
         <value>0x2ae9</value>
         <object_component_ref idref="oc-57"/>
      </symbol>
      <symbol id="sm-2e9">
         <name>__aeabi_memcpy</name>
         <value>0x2ae9</value>
         <object_component_ref idref="oc-57"/>
      </symbol>
      <symbol id="sm-2ea">
         <name>__aeabi_memcpy8</name>
         <value>0x2ae9</value>
         <object_component_ref idref="oc-57"/>
      </symbol>
      <symbol id="sm-2eb">
         <name>__aeabi_memcpy4</name>
         <value>0x2ae9</value>
         <object_component_ref idref="oc-57"/>
      </symbol>
      <symbol id="sm-2fa">
         <name>__aeabi_memset</name>
         <value>0x2e2b</value>
         <object_component_ref idref="oc-63"/>
      </symbol>
      <symbol id="sm-2fb">
         <name>memset</name>
         <value>0x2e31</value>
         <object_component_ref idref="oc-63"/>
      </symbol>
      <symbol id="sm-2fc">
         <name>__aeabi_memset8</name>
         <value>0x2e2b</value>
         <object_component_ref idref="oc-63"/>
      </symbol>
      <symbol id="sm-2fd">
         <name>__aeabi_memset4</name>
         <value>0x2e2b</value>
         <object_component_ref idref="oc-63"/>
      </symbol>
      <symbol id="sm-2fe">
         <name>__aeabi_memclr8</name>
         <value>0x2e29</value>
         <object_component_ref idref="oc-63"/>
      </symbol>
      <symbol id="sm-2ff">
         <name>__aeabi_memclr4</name>
         <value>0x2e29</value>
         <object_component_ref idref="oc-63"/>
      </symbol>
      <symbol id="sm-300">
         <name>__aeabi_memclr</name>
         <value>0x2e29</value>
         <object_component_ref idref="oc-63"/>
      </symbol>
      <symbol id="sm-30a">
         <name>__mpu_init</name>
         <value>0x3507</value>
         <object_component_ref idref="oc-6f"/>
      </symbol>
      <symbol id="sm-314">
         <name>_system_pre_init</name>
         <value>0x3dad</value>
         <object_component_ref idref="oc-75"/>
      </symbol>
      <symbol id="sm-32d">
         <name>sprintf</name>
         <value>0x32a9</value>
         <object_component_ref idref="oc-3af"/>
      </symbol>
      <symbol id="sm-335">
         <name>main_func_sp</name>
         <value>0x200006ac</value>
         <object_component_ref idref="oc-8d"/>
      </symbol>
      <symbol id="sm-343">
         <name>strlen</name>
         <value>0x3c5d</value>
         <object_component_ref idref="oc-369"/>
      </symbol>
      <symbol id="sm-352">
         <name>tolower</name>
         <value>0x3cc5</value>
         <object_component_ref idref="oc-a7"/>
      </symbol>
      <symbol id="sm-36b">
         <name>_nop</name>
         <value>0x3c43</value>
         <object_component_ref idref="oc-1a2"/>
      </symbol>
      <symbol id="sm-36c">
         <name>_lock</name>
         <value>0x200006a0</value>
         <object_component_ref idref="oc-f2"/>
      </symbol>
      <symbol id="sm-36d">
         <name>_unlock</name>
         <value>0x200006a4</value>
         <object_component_ref idref="oc-f2"/>
      </symbol>
      <symbol id="sm-36e">
         <name>_register_lock</name>
         <value>0x3c3b</value>
         <object_component_ref idref="oc-1a2"/>
      </symbol>
      <symbol id="sm-36f">
         <name>_register_unlock</name>
         <value>0x3c35</value>
         <object_component_ref idref="oc-1a2"/>
      </symbol>
      <symbol id="sm-470">
         <name>__TI_printfi</name>
         <value>0xab1</value>
         <object_component_ref idref="oc-3e5"/>
      </symbol>
      <symbol id="sm-484">
         <name>_args_main</name>
         <value>0x3bdd</value>
         <object_component_ref idref="oc-81"/>
      </symbol>
      <symbol id="sm-49a">
         <name>atoi</name>
         <value>0x35a1</value>
         <object_component_ref idref="oc-439"/>
      </symbol>
      <symbol id="sm-4c4">
         <name>__TI_auto_init</name>
         <value>0x2ea5</value>
         <object_component_ref idref="oc-7b"/>
      </symbol>
      <symbol id="sm-4de">
         <name>copy_in</name>
         <value>0x35ed</value>
         <object_component_ref idref="oc-d9"/>
      </symbol>
      <symbol id="sm-4e9">
         <name>_ctypes_</name>
         <value>0x40a8</value>
         <object_component_ref idref="oc-103"/>
      </symbol>
      <symbol id="sm-500">
         <name>__aeabi_dsub</name>
         <value>0x1b69</value>
         <object_component_ref idref="oc-422"/>
      </symbol>
      <symbol id="sm-501">
         <name>__aeabi_dadd</name>
         <value>0x1b73</value>
         <object_component_ref idref="oc-422"/>
      </symbol>
      <symbol id="sm-523">
         <name>__aeabi_cdcmpeq</name>
         <value>0x2ca3</value>
         <object_component_ref idref="oc-3fe"/>
      </symbol>
      <symbol id="sm-524">
         <name>__aeabi_cdcmple</name>
         <value>0x2ca3</value>
         <object_component_ref idref="oc-3fe"/>
      </symbol>
      <symbol id="sm-525">
         <name>__aeabi_cdrcmple</name>
         <value>0x2d29</value>
         <object_component_ref idref="oc-40d"/>
      </symbol>
      <symbol id="sm-539">
         <name>__aeabi_ddiv</name>
         <value>0x1fbd</value>
         <object_component_ref idref="oc-408"/>
      </symbol>
      <symbol id="sm-544">
         <name>__aeabi_dmul</name>
         <value>0x2335</value>
         <object_component_ref idref="oc-403"/>
      </symbol>
      <symbol id="sm-54e">
         <name>__aeabi_d2iz</name>
         <value>0x3719</value>
         <object_component_ref idref="oc-412"/>
      </symbol>
      <symbol id="sm-558">
         <name>__aeabi_i2d</name>
         <value>0x39c5</value>
         <object_component_ref idref="oc-41d"/>
      </symbol>
      <symbol id="sm-567">
         <name>ltoa</name>
         <value>0x3465</value>
         <object_component_ref idref="oc-417"/>
      </symbol>
      <symbol id="sm-577">
         <name>memccpy</name>
         <value>0x3b61</value>
         <object_component_ref idref="oc-43f"/>
      </symbol>
      <symbol id="sm-592">
         <name>frexpl</name>
         <value>0x3125</value>
         <object_component_ref idref="oc-427"/>
      </symbol>
      <symbol id="sm-593">
         <name>frexp</name>
         <value>0x3125</value>
         <object_component_ref idref="oc-427"/>
      </symbol>
      <symbol id="sm-5b0">
         <name>scalbn</name>
         <value>0x2431</value>
         <object_component_ref idref="oc-42d"/>
      </symbol>
      <symbol id="sm-5b1">
         <name>scalbnl</name>
         <value>0x2431</value>
         <object_component_ref idref="oc-42d"/>
      </symbol>
      <symbol id="sm-5b2">
         <name>ldexpl</name>
         <value>0x2431</value>
         <object_component_ref idref="oc-42d"/>
      </symbol>
      <symbol id="sm-5b3">
         <name>ldexp</name>
         <value>0x2431</value>
         <object_component_ref idref="oc-42d"/>
      </symbol>
      <symbol id="sm-5bd">
         <name>_system_post_cinit</name>
         <value>0x36cf</value>
         <object_component_ref idref="oc-df"/>
      </symbol>
      <symbol id="sm-5cd">
         <name>strchr</name>
         <value>0x3c0b</value>
         <object_component_ref idref="oc-433"/>
      </symbol>
      <symbol id="sm-5e9">
         <name>__aeabi_uldivmod</name>
         <value>0x15ff</value>
         <object_component_ref idref="oc-3f9"/>
      </symbol>
      <symbol id="sm-5f1">
         <name>errno</name>
         <value>0x200006a8</value>
         <object_component_ref idref="oc-46f"/>
      </symbol>
      <symbol id="sm-5fb">
         <name>copysign</name>
         <value>0x3c49</value>
         <object_component_ref idref="oc-469"/>
      </symbol>
      <symbol id="sm-5fc">
         <name>copysignl</name>
         <value>0x3c49</value>
         <object_component_ref idref="oc-469"/>
      </symbol>
      <symbol id="sm-64c">
         <name>ADCProcessorTrigger</name>
         <value>0x3b7d</value>
         <object_component_ref idref="oc-3bb"/>
      </symbol>
      <symbol id="sm-64d">
         <name>ADCSequenceEnable</name>
         <value>0x3ce3</value>
         <object_component_ref idref="oc-271"/>
      </symbol>
      <symbol id="sm-64e">
         <name>ADCSequenceConfigure</name>
         <value>0x3365</value>
         <object_component_ref idref="oc-25f"/>
      </symbol>
      <symbol id="sm-64f">
         <name>ADCSequenceStepConfigure</name>
         <value>0x2daf</value>
         <object_component_ref idref="oc-265"/>
      </symbol>
      <symbol id="sm-650">
         <name>ADCIntClear</name>
         <value>0x3d4d</value>
         <object_component_ref idref="oc-26b"/>
      </symbol>
      <symbol id="sm-651">
         <name>ADCIntStatus</name>
         <value>0x3969</value>
         <object_component_ref idref="oc-3c1"/>
      </symbol>
      <symbol id="sm-652">
         <name>ADCSequenceDisable</name>
         <value>0x3cd5</value>
         <object_component_ref idref="oc-259"/>
      </symbol>
      <symbol id="sm-653">
         <name>ADCSequenceDataGet</name>
         <value>0x3b25</value>
         <object_component_ref idref="oc-3c7"/>
      </symbol>
      <symbol id="sm-65f">
         <name>FPULazyStackingEnable</name>
         <value>0x3c95</value>
         <object_component_ref idref="oc-125"/>
      </symbol>
      <symbol id="sm-68e">
         <name>GPIOPinTypeUART</name>
         <value>0x3c71</value>
         <object_component_ref idref="oc-20b"/>
      </symbol>
      <symbol id="sm-68f">
         <name>GPIOPinTypeGPIOOutput</name>
         <value>0x3b95</value>
         <object_component_ref idref="oc-22a"/>
      </symbol>
      <symbol id="sm-690">
         <name>GPIODirModeSet</name>
         <value>0x3a1f</value>
         <object_component_ref idref="oc-316"/>
      </symbol>
      <symbol id="sm-691">
         <name>GPIOPinWrite</name>
         <value>0x3d8d</value>
         <object_component_ref idref="oc-179"/>
      </symbol>
      <symbol id="sm-692">
         <name>GPIOPadConfigSet</name>
         <value>0x20f3</value>
         <object_component_ref idref="oc-31c"/>
      </symbol>
      <symbol id="sm-6dd">
         <name>IntEnable</name>
         <value>0x3055</value>
         <object_component_ref idref="oc-217"/>
      </symbol>
      <symbol id="sm-6de">
         <name>IntRegister</name>
         <value>0x389d</value>
         <object_component_ref idref="oc-335"/>
      </symbol>
      <symbol id="sm-6df">
         <name>IntMasterDisable</name>
         <value>0x3ca5</value>
         <object_component_ref idref="oc-137"/>
      </symbol>
      <symbol id="sm-6e0">
         <name>g_pfnRAMVectors</name>
         <value>0x20000000</value>
         <object_component_ref idref="oc-3aa"/>
      </symbol>
      <symbol id="sm-6e1">
         <name>IntMasterEnable</name>
         <value>0x3cb5</value>
         <object_component_ref idref="oc-173"/>
      </symbol>
      <symbol id="sm-73e">
         <name>SysCtlClockSet</name>
         <value>0x252d</value>
         <object_component_ref idref="oc-12b"/>
      </symbol>
      <symbol id="sm-73f">
         <name>SysCtlDelay</name>
         <value>0x3d9f</value>
         <object_component_ref idref="oc-1c9"/>
      </symbol>
      <symbol id="sm-740">
         <name>SysCtlPeripheralEnable</name>
         <value>0x38d1</value>
         <object_component_ref idref="oc-1f9"/>
      </symbol>
      <symbol id="sm-741">
         <name>SysCtlClockGet</name>
         <value>0x2225</value>
         <object_component_ref idref="oc-17f"/>
      </symbol>
      <symbol id="sm-742">
         <name>SysCtlPeripheralReady</name>
         <value>0x3865</value>
         <object_component_ref idref="oc-1ff"/>
      </symbol>
      <symbol id="sm-7a7">
         <name>TimerLoadSet</name>
         <value>0x3c83</value>
         <object_component_ref idref="oc-185"/>
      </symbol>
      <symbol id="sm-7a8">
         <name>TimerDisable</name>
         <value>0x3bad</value>
         <object_component_ref idref="oc-232"/>
      </symbol>
      <symbol id="sm-7a9">
         <name>TimerIntRegister</name>
         <value>0x3bc5</value>
         <object_component_ref idref="oc-244"/>
      </symbol>
      <symbol id="sm-7aa">
         <name>TimerEnable</name>
         <value>0x3cf1</value>
         <object_component_ref idref="oc-24a"/>
      </symbol>
      <symbol id="sm-7ab">
         <name>TimerIntEnable</name>
         <value>0x3d7d</value>
         <object_component_ref idref="oc-23e"/>
      </symbol>
      <symbol id="sm-7ac">
         <name>TimerConfigure</name>
         <value>0x3249</value>
         <object_component_ref idref="oc-238"/>
      </symbol>
      <symbol id="sm-7ad">
         <name>TimerIntClear</name>
         <value>0x3da5</value>
         <object_component_ref idref="oc-33d"/>
      </symbol>
      <symbol id="sm-7ff">
         <name>UARTConfigSetExpClk</name>
         <value>0x3761</value>
         <object_component_ref idref="oc-211"/>
      </symbol>
      <symbol id="sm-800">
         <name>UARTDisable</name>
         <value>0x3b05</value>
         <object_component_ref idref="oc-205"/>
      </symbol>
      <symbol id="sm-801">
         <name>UARTIntEnable</name>
         <value>0x3d85</value>
         <object_component_ref idref="oc-21d"/>
      </symbol>
      <symbol id="sm-802">
         <name>UARTCharsAvail</name>
         <value>0x3d0d</value>
         <object_component_ref idref="oc-ad"/>
      </symbol>
      <symbol id="sm-803">
         <name>UARTCharGetNonBlocking</name>
         <value>0x3cff</value>
         <object_component_ref idref="oc-a1"/>
      </symbol>
      <symbol id="sm-804">
         <name>UARTCharPut</name>
         <value>0x3d61</value>
         <object_component_ref idref="oc-363"/>
      </symbol>
      <symbol id="sm-805">
         <name>UARTEnable</name>
         <value>0x3c21</value>
         <object_component_ref idref="oc-223"/>
      </symbol>
      <symbol id="sm-806">
         <name>UARTIntClear</name>
         <value>0x3da9</value>
         <object_component_ref idref="oc-9b"/>
      </symbol>
      <symbol id="sm-807">
         <name>UARTIntStatus</name>
         <value>0x3d6b</value>
         <object_component_ref idref="oc-95"/>
      </symbol>
      <symbol id="sm-819">
         <name>CPUcpsie</name>
         <value>0x3d35</value>
         <object_component_ref idref="oc-299"/>
      </symbol>
      <symbol id="sm-81a">
         <name>CPUcpsid</name>
         <value>0x3d29</value>
         <object_component_ref idref="oc-1dc"/>
      </symbol>
      <symbol id="sm-835">
         <name>GrContextInit</name>
         <value>0x2f85</value>
         <object_component_ref idref="oc-13d"/>
      </symbol>
      <symbol id="sm-836">
         <name>g_psDefaultCodePointMapTable</name>
         <value>0x443c</value>
         <object_component_ref idref="oc-1e9"/>
      </symbol>
      <symbol id="sm-844">
         <name>GrRectFill</name>
         <value>0x2c1d</value>
         <object_component_ref idref="oc-278"/>
      </symbol>
      <symbol id="sm-8e7">
         <name>GrFontInfoGet</name>
         <value>0x3a71</value>
         <object_component_ref idref="oc-2e7"/>
      </symbol>
      <symbol id="sm-8e8">
         <name>GrDefaultStringRenderer</name>
         <value>0x28b5</value>
         <object_component_ref idref="oc-1e3"/>
      </symbol>
      <symbol id="sm-8e9">
         <name>GrFontGlyphRender</name>
         <value>0x13ab</value>
         <object_component_ref idref="oc-2f9"/>
      </symbol>
      <symbol id="sm-8ea">
         <name>GrContextFontSet</name>
         <value>0x3d93</value>
         <object_component_ref idref="oc-143"/>
      </symbol>
      <symbol id="sm-8eb">
         <name>GrFontGlyphDataGet</name>
         <value>0x3ae1</value>
         <object_component_ref idref="oc-2f3"/>
      </symbol>
      <symbol id="sm-8ec">
         <name>GrStringDraw</name>
         <value>0x3bf5</value>
         <object_component_ref idref="oc-28a"/>
      </symbol>
      <symbol id="sm-8ed">
         <name>GrFontCodepageGet</name>
         <value>0x3b43</value>
         <object_component_ref idref="oc-30a"/>
      </symbol>
      <symbol id="sm-8ee">
         <name>GrStringNextCharGet</name>
         <value>0x3997</value>
         <object_component_ref idref="oc-2ed"/>
      </symbol>
      <symbol id="sm-8ef">
         <name>GrStringWidthGet</name>
         <value>0x2fed</value>
         <object_component_ref idref="oc-27e"/>
      </symbol>
      <symbol id="sm-8f0">
         <name>GrFontBaselineGet</name>
         <value>0x39f3</value>
         <object_component_ref idref="oc-284"/>
      </symbol>
      <symbol id="sm-902">
         <name>g_sFontFixed6x8</name>
         <value>0x41ac</value>
         <object_component_ref idref="oc-195"/>
      </symbol>
      <symbol id="sm-90f">
         <name>GrMapISO8859_1_Unicode</name>
         <value>0x3d75</value>
         <object_component_ref idref="oc-300"/>
      </symbol>
      <symbol id="sm-911">
         <name>__TI_static_base__</name>
         <value>0x0</value>
      </symbol>
      <symbol id="sm-914">
         <name>SHT$$INIT_ARRAY$$Limit</name>
         <value>0x0</value>
      </symbol>
      <symbol id="sm-915">
         <name>SHT$$INIT_ARRAY$$Base</name>
         <value>0x0</value>
      </symbol>
   </symbol_table>
   <title>Link successful</title>
</link_info>
