<?xml version="1.0"?>
<link_info>
   <banner>TI ARM Linker PC v16.9.6.LTS</banner>
   <copyright>Copyright (c) 1996-2017 Texas Instruments Incorporated</copyright>
   <link_time>0x5a8b2193</link_time>
   <link_errors>0x0</link_errors>
   <output_file>CEC322_Hostetter_Link_Lab04.out</output_file>
   <entry_point>
      <name>_c_int00</name>
      <address>0x3089</address>
   </entry_point>
   <input_file_list>
      <input_file id="fl-3">
         <path>.\</path>
         <kind>object</kind>
         <file>timers.obj</file>
         <name>timers.obj</name>
      </input_file>
      <input_file id="fl-4">
         <path>.\drivers\</path>
         <kind>object</kind>
         <file>buttons.obj</file>
         <name>buttons.obj</name>
      </input_file>
      <input_file id="fl-5">
         <path>.\drivers\</path>
         <kind>object</kind>
         <file>cfal96x64x16.obj</file>
         <name>cfal96x64x16.obj</name>
      </input_file>
      <input_file id="fl-c2">
         <path>C:\ti\ccsv7\tools\compiler\ti-cgt-arm_16.9.6.LTS\lib\</path>
         <kind>archive</kind>
         <file>rtsv7M4_T_le_v4SPD16_eabi.lib</file>
         <name>copy_decompress_lzss.obj</name>
      </input_file>
      <input_file id="fl-c3">
         <path>C:\ti\ccsv7\tools\compiler\ti-cgt-arm_16.9.6.LTS\lib\</path>
         <kind>archive</kind>
         <file>rtsv7M4_T_le_v4SPD16_eabi.lib</file>
         <name>copy_decompress_none.obj</name>
      </input_file>
      <input_file id="fl-c4">
         <path>C:\ti\ccsv7\tools\compiler\ti-cgt-arm_16.9.6.LTS\lib\</path>
         <kind>archive</kind>
         <file>rtsv7M4_T_le_v4SPD16_eabi.lib</file>
         <name>copy_zero_init.obj</name>
      </input_file>
      <input_file id="fl-c8">
         <path>C:\ti\ccsv7\tools\compiler\ti-cgt-arm_16.9.6.LTS\lib\</path>
         <kind>archive</kind>
         <file>rtsv7M4_T_le_v4SPD16_eabi.lib</file>
         <name>mpu_init.obj</name>
      </input_file>
      <input_file id="fl-c9">
         <path>C:\ti\ccsv7\tools\compiler\ti-cgt-arm_16.9.6.LTS\lib\</path>
         <kind>archive</kind>
         <file>rtsv7M4_T_le_v4SPD16_eabi.lib</file>
         <name>pre_init.obj</name>
      </input_file>
      <input_file id="fl-ca">
         <path>C:\ti\ccsv7\tools\compiler\ti-cgt-arm_16.9.6.LTS\lib\</path>
         <kind>archive</kind>
         <file>rtsv7M4_T_le_v4SPD16_eabi.lib</file>
         <name>sprintf.obj</name>
      </input_file>
      <input_file id="fl-cb">
         <path>C:\ti\ccsv7\tools\compiler\ti-cgt-arm_16.9.6.LTS\lib\</path>
         <kind>archive</kind>
         <file>rtsv7M4_T_le_v4SPD16_eabi.lib</file>
         <name>stkdepth_vars.obj</name>
      </input_file>
      <input_file id="fl-cc">
         <path>C:\ti\ccsv7\tools\compiler\ti-cgt-arm_16.9.6.LTS\lib\</path>
         <kind>archive</kind>
         <file>rtsv7M4_T_le_v4SPD16_eabi.lib</file>
         <name>strlen.obj</name>
      </input_file>
      <input_file id="fl-cd">
         <path>C:\ti\ccsv7\tools\compiler\ti-cgt-arm_16.9.6.LTS\lib\</path>
         <kind>archive</kind>
         <file>rtsv7M4_T_le_v4SPD16_eabi.lib</file>
         <name>_lock.obj</name>
      </input_file>
      <input_file id="fl-ce">
         <path>C:\ti\ccsv7\tools\compiler\ti-cgt-arm_16.9.6.LTS\lib\</path>
         <kind>archive</kind>
         <file>rtsv7M4_T_le_v4SPD16_eabi.lib</file>
         <name>_printfi.obj</name>
      </input_file>
      <input_file id="fl-d0">
         <path>C:\ti\ccsv7\tools\compiler\ti-cgt-arm_16.9.6.LTS\lib\</path>
         <kind>archive</kind>
         <file>rtsv7M4_T_le_v4SPD16_eabi.lib</file>
         <name>atoi.obj</name>
      </input_file>
      <input_file id="fl-d2">
         <path>C:\ti\ccsv7\tools\compiler\ti-cgt-arm_16.9.6.LTS\lib\</path>
         <kind>archive</kind>
         <file>rtsv7M4_T_le_v4SPD16_eabi.lib</file>
         <name>cpy_tbl.obj</name>
      </input_file>
      <input_file id="fl-d3">
         <path>C:\ti\ccsv7\tools\compiler\ti-cgt-arm_16.9.6.LTS\lib\</path>
         <kind>archive</kind>
         <file>rtsv7M4_T_le_v4SPD16_eabi.lib</file>
         <name>ctype.obj</name>
      </input_file>
      <input_file id="fl-da">
         <path>C:\ti\ccsv7\tools\compiler\ti-cgt-arm_16.9.6.LTS\lib\</path>
         <kind>archive</kind>
         <file>rtsv7M4_T_le_v4SPD16_eabi.lib</file>
         <name>ltoa.obj</name>
      </input_file>
      <input_file id="fl-db">
         <path>C:\ti\ccsv7\tools\compiler\ti-cgt-arm_16.9.6.LTS\lib\</path>
         <kind>archive</kind>
         <file>rtsv7M4_T_le_v4SPD16_eabi.lib</file>
         <name>memccpy.obj</name>
      </input_file>
      <input_file id="fl-dc">
         <path>C:\ti\ccsv7\tools\compiler\ti-cgt-arm_16.9.6.LTS\lib\</path>
         <kind>archive</kind>
         <file>rtsv7M4_T_le_v4SPD16_eabi.lib</file>
         <name>s_frexp.obj</name>
      </input_file>
      <input_file id="fl-dd">
         <path>C:\ti\ccsv7\tools\compiler\ti-cgt-arm_16.9.6.LTS\lib\</path>
         <kind>archive</kind>
         <file>rtsv7M4_T_le_v4SPD16_eabi.lib</file>
         <name>s_scalbn.obj</name>
      </input_file>
      <input_file id="fl-de">
         <path>C:\ti\ccsv7\tools\compiler\ti-cgt-arm_16.9.6.LTS\lib\</path>
         <kind>archive</kind>
         <file>rtsv7M4_T_le_v4SPD16_eabi.lib</file>
         <name>startup.obj</name>
      </input_file>
      <input_file id="fl-df">
         <path>C:\ti\ccsv7\tools\compiler\ti-cgt-arm_16.9.6.LTS\lib\</path>
         <kind>archive</kind>
         <file>rtsv7M4_T_le_v4SPD16_eabi.lib</file>
         <name>strchr.obj</name>
      </input_file>
      <input_file id="fl-e1">
         <path>C:\ti\ccsv7\tools\compiler\ti-cgt-arm_16.9.6.LTS\lib\</path>
         <kind>archive</kind>
         <file>rtsv7M4_T_le_v4SPD16_eabi.lib</file>
         <name>errno.obj</name>
      </input_file>
      <input_file id="fl-e2">
         <path>C:\ti\ccsv7\tools\compiler\ti-cgt-arm_16.9.6.LTS\lib\</path>
         <kind>archive</kind>
         <file>rtsv7M4_T_le_v4SPD16_eabi.lib</file>
         <name>s_copysign.obj</name>
      </input_file>
      <input_file id="fl-f1">
         <path>C:\Users\Sean\AppData\Local\Temp\</path>
         <kind>object</kind>
         <file>{8F77B576-AE03-41AB-8B60-EF77BBD5D722}</file>
         <name>{8F77B576-AE03-41AB-8B60-EF77BBD5D722}</name>
      </input_file>
      <input_file id="fl-2">
         <path>.\</path>
         <kind>object</kind>
         <file>startup_ccs.obj</file>
         <name>startup_ccs.obj</name>
      </input_file>
      <input_file id="fl-b">
         <kind>object</kind>
         <file>&lt;internal&gt;</file>
         <name>&lt;internal&gt;</name>
      </input_file>
      <input_file id="fl-c1">
         <path>C:\ti\ccsv7\tools\compiler\ti-cgt-arm_16.9.6.LTS\lib\</path>
         <kind>archive</kind>
         <file>rtsv7M4_T_le_v4SPD16_eabi.lib</file>
         <name>boot.obj</name>
      </input_file>
      <input_file id="fl-c5">
         <path>C:\ti\ccsv7\tools\compiler\ti-cgt-arm_16.9.6.LTS\lib\</path>
         <kind>archive</kind>
         <file>rtsv7M4_T_le_v4SPD16_eabi.lib</file>
         <name>exit.obj</name>
      </input_file>
      <input_file id="fl-c6">
         <path>C:\ti\ccsv7\tools\compiler\ti-cgt-arm_16.9.6.LTS\lib\</path>
         <kind>archive</kind>
         <file>rtsv7M4_T_le_v4SPD16_eabi.lib</file>
         <name>memcpy_t2.obj</name>
      </input_file>
      <input_file id="fl-c7">
         <path>C:\ti\ccsv7\tools\compiler\ti-cgt-arm_16.9.6.LTS\lib\</path>
         <kind>archive</kind>
         <file>rtsv7M4_T_le_v4SPD16_eabi.lib</file>
         <name>memset_t2.obj</name>
      </input_file>
      <input_file id="fl-cf">
         <path>C:\ti\ccsv7\tools\compiler\ti-cgt-arm_16.9.6.LTS\lib\</path>
         <kind>archive</kind>
         <file>rtsv7M4_T_le_v4SPD16_eabi.lib</file>
         <name>args_main.obj</name>
      </input_file>
      <input_file id="fl-d1">
         <path>C:\ti\ccsv7\tools\compiler\ti-cgt-arm_16.9.6.LTS\lib\</path>
         <kind>archive</kind>
         <file>rtsv7M4_T_le_v4SPD16_eabi.lib</file>
         <name>autoinit.obj</name>
      </input_file>
      <input_file id="fl-d4">
         <path>C:\ti\ccsv7\tools\compiler\ti-cgt-arm_16.9.6.LTS\lib\</path>
         <kind>archive</kind>
         <file>rtsv7M4_T_le_v4SPD16_eabi.lib</file>
         <name>fd_add_t2.obj</name>
      </input_file>
      <input_file id="fl-d5">
         <path>C:\ti\ccsv7\tools\compiler\ti-cgt-arm_16.9.6.LTS\lib\</path>
         <kind>archive</kind>
         <file>rtsv7M4_T_le_v4SPD16_eabi.lib</file>
         <name>fd_cmp_t2.obj</name>
      </input_file>
      <input_file id="fl-d6">
         <path>C:\ti\ccsv7\tools\compiler\ti-cgt-arm_16.9.6.LTS\lib\</path>
         <kind>archive</kind>
         <file>rtsv7M4_T_le_v4SPD16_eabi.lib</file>
         <name>fd_div_t2.obj</name>
      </input_file>
      <input_file id="fl-d7">
         <path>C:\ti\ccsv7\tools\compiler\ti-cgt-arm_16.9.6.LTS\lib\</path>
         <kind>archive</kind>
         <file>rtsv7M4_T_le_v4SPD16_eabi.lib</file>
         <name>fd_mul_t2.obj</name>
      </input_file>
      <input_file id="fl-d8">
         <path>C:\ti\ccsv7\tools\compiler\ti-cgt-arm_16.9.6.LTS\lib\</path>
         <kind>archive</kind>
         <file>rtsv7M4_T_le_v4SPD16_eabi.lib</file>
         <name>fd_toi_t2.obj</name>
      </input_file>
      <input_file id="fl-d9">
         <path>C:\ti\ccsv7\tools\compiler\ti-cgt-arm_16.9.6.LTS\lib\</path>
         <kind>archive</kind>
         <file>rtsv7M4_T_le_v4SPD16_eabi.lib</file>
         <name>i_tofd_t2.obj</name>
      </input_file>
      <input_file id="fl-e0">
         <path>C:\ti\ccsv7\tools\compiler\ti-cgt-arm_16.9.6.LTS\lib\</path>
         <kind>archive</kind>
         <file>rtsv7M4_T_le_v4SPD16_eabi.lib</file>
         <name>ull_div_t2.obj</name>
      </input_file>
      <input_file id="fl-e3">
         <path>C:\ti\TivaWare_C_Series-2.1.3.156\driverlib\ccs\Debug\</path>
         <kind>archive</kind>
         <file>driverlib.lib</file>
         <name>adc.obj</name>
      </input_file>
      <input_file id="fl-e4">
         <path>C:\ti\TivaWare_C_Series-2.1.3.156\driverlib\ccs\Debug\</path>
         <kind>archive</kind>
         <file>driverlib.lib</file>
         <name>fpu.obj</name>
      </input_file>
      <input_file id="fl-e5">
         <path>C:\ti\TivaWare_C_Series-2.1.3.156\driverlib\ccs\Debug\</path>
         <kind>archive</kind>
         <file>driverlib.lib</file>
         <name>gpio.obj</name>
      </input_file>
      <input_file id="fl-e6">
         <path>C:\ti\TivaWare_C_Series-2.1.3.156\driverlib\ccs\Debug\</path>
         <kind>archive</kind>
         <file>driverlib.lib</file>
         <name>interrupt.obj</name>
      </input_file>
      <input_file id="fl-e7">
         <path>C:\ti\TivaWare_C_Series-2.1.3.156\driverlib\ccs\Debug\</path>
         <kind>archive</kind>
         <file>driverlib.lib</file>
         <name>sysctl.obj</name>
      </input_file>
      <input_file id="fl-e8">
         <path>C:\ti\TivaWare_C_Series-2.1.3.156\driverlib\ccs\Debug\</path>
         <kind>archive</kind>
         <file>driverlib.lib</file>
         <name>timer.obj</name>
      </input_file>
      <input_file id="fl-e9">
         <path>C:\ti\TivaWare_C_Series-2.1.3.156\driverlib\ccs\Debug\</path>
         <kind>archive</kind>
         <file>driverlib.lib</file>
         <name>uart.obj</name>
      </input_file>
      <input_file id="fl-ea">
         <path>C:\ti\TivaWare_C_Series-2.1.3.156\driverlib\ccs\Debug\</path>
         <kind>archive</kind>
         <file>driverlib.lib</file>
         <name>cpu.obj</name>
      </input_file>
      <input_file id="fl-eb">
         <path>C:\ti\TivaWare_C_Series-2.1.3.156\grlib\ccs\Debug\</path>
         <kind>archive</kind>
         <file>grlib.lib</file>
         <name>context.obj</name>
      </input_file>
      <input_file id="fl-ec">
         <path>C:\ti\TivaWare_C_Series-2.1.3.156\grlib\ccs\Debug\</path>
         <kind>archive</kind>
         <file>grlib.lib</file>
         <name>rectangle.obj</name>
      </input_file>
      <input_file id="fl-ed">
         <path>C:\ti\TivaWare_C_Series-2.1.3.156\grlib\ccs\Debug\</path>
         <kind>archive</kind>
         <file>grlib.lib</file>
         <name>string.obj</name>
      </input_file>
      <input_file id="fl-ee">
         <path>C:\ti\TivaWare_C_Series-2.1.3.156\grlib\ccs\Debug\</path>
         <kind>archive</kind>
         <file>grlib.lib</file>
         <name>fontfixed6x8.obj</name>
      </input_file>
      <input_file id="fl-ef">
         <path>C:\ti\TivaWare_C_Series-2.1.3.156\grlib\ccs\Debug\</path>
         <kind>archive</kind>
         <file>grlib.lib</file>
         <name>charmap.obj</name>
      </input_file>
      <input_file id="fl-f0">
         <path>C:\ti\TivaWare_C_Series-2.1.3.156\grlib\ccs\Debug\</path>
         <kind>archive</kind>
         <file>grlib.lib</file>
         <name>line.obj</name>
      </input_file>
   </input_file_list>
   <object_component_list>
      <object_component id="oc-f">
         <name>.intvecs</name>
         <load_address>0x0</load_address>
         <run_address>0x0</run_address>
         <size>0x26c</size>
         <input_file_ref idref="fl-2"/>
      </object_component>
      <object_component id="oc-231">
         <name>.text</name>
         <load_address>0x26c</load_address>
         <run_address>0x26c</run_address>
         <size>0x1142</size>
         <input_file_ref idref="fl-ce"/>
      </object_component>
      <object_component id="oc-2d5">
         <name>.text:CFAL96x64x16Flush$2</name>
         <load_address>0x13ae</load_address>
         <run_address>0x13ae</run_address>
         <size>0x2</size>
         <input_file_ref idref="fl-5"/>
      </object_component>
      <object_component id="oc-12c">
         <name>.text:main</name>
         <load_address>0x13b0</load_address>
         <run_address>0x13b0</run_address>
         <size>0x49c</size>
         <input_file_ref idref="fl-3"/>
      </object_component>
      <object_component id="oc-352">
         <name>.text:GrFontGlyphRender</name>
         <load_address>0x184c</load_address>
         <run_address>0x184c</run_address>
         <size>0x254</size>
         <input_file_ref idref="fl-ed"/>
      </object_component>
      <object_component id="oc-2ed">
         <name>.text</name>
         <load_address>0x1aa0</load_address>
         <run_address>0x1aa0</run_address>
         <size>0x1f4</size>
         <input_file_ref idref="fl-e0"/>
      </object_component>
      <object_component id="oc-316">
         <name>.text</name>
         <load_address>0x1c94</load_address>
         <run_address>0x1c94</run_address>
         <size>0x1b6</size>
         <input_file_ref idref="fl-d4"/>
      </object_component>
      <object_component id="oc-2c3">
         <name>.text:CFAL96x64x16PixelDrawMultiple$2</name>
         <load_address>0x1e4a</load_address>
         <run_address>0x1e4a</run_address>
         <size>0x13a</size>
         <input_file_ref idref="fl-5"/>
      </object_component>
      <object_component id="oc-2fc">
         <name>.text</name>
         <load_address>0x1f84</load_address>
         <run_address>0x1f84</run_address>
         <size>0x136</size>
         <input_file_ref idref="fl-d6"/>
      </object_component>
      <object_component id="oc-284">
         <name>.text:GPIOPadConfigSet</name>
         <load_address>0x20ba</load_address>
         <run_address>0x20ba</run_address>
         <size>0x132</size>
         <input_file_ref idref="fl-e5"/>
      </object_component>
      <object_component id="oc-c0">
         <name>.text:SysCtlClockGet</name>
         <load_address>0x21ec</load_address>
         <run_address>0x21ec</run_address>
         <size>0x110</size>
         <input_file_ref idref="fl-e7"/>
      </object_component>
      <object_component id="oc-2f7">
         <name>.text</name>
         <load_address>0x22fc</load_address>
         <run_address>0x22fc</run_address>
         <size>0xfc</size>
         <input_file_ref idref="fl-d7"/>
      </object_component>
      <object_component id="oc-321">
         <name>.text</name>
         <load_address>0x23f8</load_address>
         <run_address>0x23f8</run_address>
         <size>0xfc</size>
         <input_file_ref idref="fl-dd"/>
      </object_component>
      <object_component id="oc-187">
         <name>.text:SysCtlClockSet</name>
         <load_address>0x24f4</load_address>
         <run_address>0x24f4</run_address>
         <size>0xf4</size>
         <input_file_ref idref="fl-e7"/>
      </object_component>
      <object_component id="oc-43">
         <name>.text:Timer0IntHandler</name>
         <load_address>0x25e8</load_address>
         <run_address>0x25e8</run_address>
         <size>0xd4</size>
         <input_file_ref idref="fl-3"/>
      </object_component>
      <object_component id="oc-268">
         <name>.text:GrDefaultStringRenderer</name>
         <load_address>0x26bc</load_address>
         <run_address>0x26bc</run_address>
         <size>0xc0</size>
         <input_file_ref idref="fl-ed"/>
      </object_component>
      <object_component id="oc-d2">
         <name>.text:diplayADCInfoOnBoard</name>
         <load_address>0x277c</load_address>
         <run_address>0x277c</run_address>
         <size>0xb4</size>
         <input_file_ref idref="fl-3"/>
      </object_component>
      <object_component id="oc-1f9">
         <name>.text:diplaySplashOnOLED</name>
         <load_address>0x2830</load_address>
         <run_address>0x2830</run_address>
         <size>0xb4</size>
         <input_file_ref idref="fl-3"/>
      </object_component>
      <object_component id="oc-62">
         <name>.text</name>
         <load_address>0x28e4</load_address>
         <run_address>0x28e4</run_address>
         <size>0x9c</size>
         <input_file_ref idref="fl-c6"/>
      </object_component>
      <object_component id="oc-2c9">
         <name>.text:CFAL96x64x16LineDrawV$2</name>
         <load_address>0x2980</load_address>
         <run_address>0x2980</run_address>
         <size>0x8e</size>
         <input_file_ref idref="fl-5"/>
      </object_component>
      <object_component id="oc-146">
         <name>.text:GrRectFill</name>
         <load_address>0x2a0e</load_address>
         <run_address>0x2a0e</run_address>
         <size>0x86</size>
         <input_file_ref idref="fl-ec"/>
      </object_component>
      <object_component id="oc-2f2">
         <name>.text:__aeabi_cdcmple</name>
         <load_address>0x2a94</load_address>
         <run_address>0x2a94</run_address>
         <size>0x86</size>
         <input_file_ref idref="fl-d5"/>
      </object_component>
      <object_component id="oc-301">
         <name>.text:__aeabi_cdrcmple</name>
         <load_address>0x2b1a</load_address>
         <run_address>0x2b1a</run_address>
         <size>0x86</size>
         <input_file_ref idref="fl-d5"/>
      </object_component>
      <object_component id="oc-1cf">
         <name>.text:ADCSequenceStepConfigure</name>
         <load_address>0x2ba0</load_address>
         <run_address>0x2ba0</run_address>
         <size>0x7a</size>
         <input_file_ref idref="fl-e3"/>
      </object_component>
      <object_component id="oc-6a">
         <name>.text</name>
         <load_address>0x2c1a</load_address>
         <run_address>0x2c1a</run_address>
         <size>0x7a</size>
         <input_file_ref idref="fl-c7"/>
      </object_component>
      <object_component id="oc-7c">
         <name>.text</name>
         <load_address>0x2c94</load_address>
         <run_address>0x2c94</run_address>
         <size>0x70</size>
         <input_file_ref idref="fl-d1"/>
      </object_component>
      <object_component id="oc-25a">
         <name>.text:CFAL96x64x16LineDrawH$2</name>
         <load_address>0x2d04</load_address>
         <run_address>0x2d04</run_address>
         <size>0x6c</size>
         <input_file_ref idref="fl-5"/>
      </object_component>
      <object_component id="oc-19f">
         <name>.text:GrContextInit</name>
         <load_address>0x2d70</load_address>
         <run_address>0x2d70</run_address>
         <size>0x68</size>
         <input_file_ref idref="fl-eb"/>
      </object_component>
      <object_component id="oc-160">
         <name>.text:GrStringWidthGet</name>
         <load_address>0x2dd8</load_address>
         <run_address>0x2dd8</run_address>
         <size>0x68</size>
         <input_file_ref idref="fl-ed"/>
      </object_component>
      <object_component id="oc-1ed">
         <name>.text:IntEnable</name>
         <load_address>0x2e40</load_address>
         <run_address>0x2e40</run_address>
         <size>0x68</size>
         <input_file_ref idref="fl-e6"/>
      </object_component>
      <object_component id="oc-12">
         <name>.text:decompress:lzss</name>
         <load_address>0x2ea8</load_address>
         <run_address>0x2ea8</run_address>
         <size>0x68</size>
         <input_file_ref idref="fl-c2"/>
      </object_component>
      <object_component id="oc-31b">
         <name>.text</name>
         <load_address>0x2f10</load_address>
         <run_address>0x2f10</run_address>
         <size>0x64</size>
         <input_file_ref idref="fl-dc"/>
      </object_component>
      <object_component id="oc-1e7">
         <name>.text:TimerConfigure</name>
         <load_address>0x2f74</load_address>
         <run_address>0x2f74</run_address>
         <size>0x60</size>
         <input_file_ref idref="fl-e8"/>
      </object_component>
      <object_component id="oc-33a">
         <name>.text:FontWideGlyphDataGet</name>
         <load_address>0x2fd4</load_address>
         <run_address>0x2fd4</run_address>
         <size>0x5a</size>
         <input_file_ref idref="fl-ed"/>
      </object_component>
      <object_component id="oc-37">
         <name>.text:FaultISR</name>
         <load_address>0x302e</load_address>
         <run_address>0x302e</run_address>
         <size>0x2</size>
         <input_file_ref idref="fl-2"/>
      </object_component>
      <object_component id="oc-1c9">
         <name>.text:ADCSequenceConfigure</name>
         <load_address>0x3030</load_address>
         <run_address>0x3030</run_address>
         <size>0x58</size>
         <input_file_ref idref="fl-e3"/>
      </object_component>
      <object_component id="oc-24">
         <name>.text</name>
         <load_address>0x3088</load_address>
         <run_address>0x3088</run_address>
         <size>0x54</size>
         <input_file_ref idref="fl-c1"/>
      </object_component>
      <object_component id="oc-88">
         <name>.text</name>
         <load_address>0x30dc</load_address>
         <run_address>0x30dc</run_address>
         <size>0x54</size>
         <input_file_ref idref="fl-c5"/>
      </object_component>
      <object_component id="oc-30b">
         <name>.text</name>
         <load_address>0x3130</load_address>
         <run_address>0x3130</run_address>
         <size>0x54</size>
         <input_file_ref idref="fl-da"/>
      </object_component>
      <object_component id="oc-15a">
         <name>.text</name>
         <load_address>0x3184</load_address>
         <run_address>0x3184</run_address>
         <size>0x52</size>
         <input_file_ref idref="fl-ca"/>
      </object_component>
      <object_component id="oc-3d">
         <name>.text:IntDefaultHandler</name>
         <load_address>0x31d6</load_address>
         <run_address>0x31d6</run_address>
         <size>0x2</size>
         <input_file_ref idref="fl-2"/>
      </object_component>
      <object_component id="oc-18d">
         <name>.text:CFAL96x64x16WriteCommand$2</name>
         <load_address>0x31d8</load_address>
         <run_address>0x31d8</run_address>
         <size>0x50</size>
         <input_file_ref idref="fl-5"/>
      </object_component>
      <object_component id="oc-34a">
         <name>.text:CFAL96x64x16WriteData$2</name>
         <load_address>0x3228</load_address>
         <run_address>0x3228</run_address>
         <size>0x50</size>
         <input_file_ref idref="fl-5"/>
      </object_component>
      <object_component id="oc-32d">
         <name>.text</name>
         <load_address>0x3278</load_address>
         <run_address>0x3278</run_address>
         <size>0x4c</size>
         <input_file_ref idref="fl-d0"/>
      </object_component>
      <object_component id="oc-11e">
         <name>.text</name>
         <load_address>0x32c4</load_address>
         <run_address>0x32c4</run_address>
         <size>0x4c</size>
         <input_file_ref idref="fl-d2"/>
      </object_component>
      <object_component id="oc-275">
         <name>.text:UpdateContextCharMapping</name>
         <load_address>0x3310</load_address>
         <run_address>0x3310</run_address>
         <size>0x4a</size>
         <input_file_ref idref="fl-ed"/>
      </object_component>
      <object_component id="oc-306">
         <name>.text</name>
         <load_address>0x335a</load_address>
         <run_address>0x335a</run_address>
         <size>0x48</size>
         <input_file_ref idref="fl-d8"/>
      </object_component>
      <object_component id="oc-1bd">
         <name>.text:UARTConfigSetExpClk</name>
         <load_address>0x33a2</load_address>
         <run_address>0x33a2</run_address>
         <size>0x46</size>
         <input_file_ref idref="fl-e9"/>
      </object_component>
      <object_component id="oc-340">
         <name>.text:FontGlyphDataGet</name>
         <load_address>0x33e8</load_address>
         <run_address>0x33e8</run_address>
         <size>0x3a</size>
         <input_file_ref idref="fl-ed"/>
      </object_component>
      <object_component id="oc-31">
         <name>.text:NmiSR</name>
         <load_address>0x3422</load_address>
         <run_address>0x3422</run_address>
         <size>0x2</size>
         <input_file_ref idref="fl-2"/>
      </object_component>
      <object_component id="oc-1b1">
         <name>.text:SysCtlPeripheralReady</name>
         <load_address>0x3424</load_address>
         <run_address>0x3424</run_address>
         <size>0x38</size>
         <input_file_ref idref="fl-e7"/>
      </object_component>
      <object_component id="oc-9c">
         <name>.text:clearBlack</name>
         <load_address>0x345c</load_address>
         <run_address>0x345c</run_address>
         <size>0x38</size>
         <input_file_ref idref="fl-3"/>
      </object_component>
      <object_component id="oc-1ab">
         <name>.text:SysCtlPeripheralEnable</name>
         <load_address>0x3494</load_address>
         <run_address>0x3494</run_address>
         <size>0x34</size>
         <input_file_ref idref="fl-e7"/>
      </object_component>
      <object_component id="oc-2bd">
         <name>.text:CFAL96x64x16PixelDraw$2</name>
         <load_address>0x34c8</load_address>
         <run_address>0x34c8</run_address>
         <size>0x32</size>
         <input_file_ref idref="fl-5"/>
      </object_component>
      <object_component id="oc-21e">
         <name>.text</name>
         <load_address>0x34fa</load_address>
         <run_address>0x34fa</run_address>
         <size>0x2</size>
         <input_file_ref idref="fl-cd"/>
      </object_component>
      <object_component id="oc-49">
         <name>.text:Timer1IntHandler</name>
         <load_address>0x34fc</load_address>
         <run_address>0x34fc</run_address>
         <size>0x30</size>
         <input_file_ref idref="fl-3"/>
      </object_component>
      <object_component id="oc-a2">
         <name>.text:ADCIntStatus</name>
         <load_address>0x352c</load_address>
         <run_address>0x352c</run_address>
         <size>0x2e</size>
         <input_file_ref idref="fl-e3"/>
      </object_component>
      <object_component id="oc-23d">
         <name>.text:GrStringNextCharGet</name>
         <load_address>0x355a</load_address>
         <run_address>0x355a</run_address>
         <size>0x2e</size>
         <input_file_ref idref="fl-ed"/>
      </object_component>
      <object_component id="oc-311">
         <name>.text</name>
         <load_address>0x3588</load_address>
         <run_address>0x3588</run_address>
         <size>0x2e</size>
         <input_file_ref idref="fl-d9"/>
      </object_component>
      <object_component id="oc-166">
         <name>.text:GrFontBaselineGet</name>
         <load_address>0x35b6</load_address>
         <run_address>0x35b6</run_address>
         <size>0x2c</size>
         <input_file_ref idref="fl-ed"/>
      </object_component>
      <object_component id="oc-193">
         <name>.text:CFAL96x64x16RectFill$2</name>
         <load_address>0x35e2</load_address>
         <run_address>0x35e2</run_address>
         <size>0x2a</size>
         <input_file_ref idref="fl-5"/>
      </object_component>
      <object_component id="oc-27e">
         <name>.text:GPIODirModeSet</name>
         <load_address>0x360c</load_address>
         <run_address>0x360c</run_address>
         <size>0x2a</size>
         <input_file_ref idref="fl-e5"/>
      </object_component>
      <object_component id="oc-249">
         <name>.text:GrFontInfoGet</name>
         <load_address>0x3636</load_address>
         <run_address>0x3636</run_address>
         <size>0x26</size>
         <input_file_ref idref="fl-ed"/>
      </object_component>
      <object_component id="oc-1ff">
         <name>.text:UARTSend</name>
         <load_address>0x365c</load_address>
         <run_address>0x365c</run_address>
         <size>0x24</size>
         <input_file_ref idref="fl-3"/>
      </object_component>
      <object_component id="oc-243">
         <name>.text:GrFontGlyphDataGet</name>
         <load_address>0x3680</load_address>
         <run_address>0x3680</run_address>
         <size>0x22</size>
         <input_file_ref idref="fl-ed"/>
      </object_component>
      <object_component id="oc-70">
         <name>.text</name>
         <load_address>0x36a2</load_address>
         <run_address>0x36a2</run_address>
         <size>0x2</size>
         <input_file_ref idref="fl-c8"/>
      </object_component>
      <object_component id="oc-28b">
         <name>.text:UARTDisable</name>
         <load_address>0x36a4</load_address>
         <run_address>0x36a4</run_address>
         <size>0x20</size>
         <input_file_ref idref="fl-e9"/>
      </object_component>
      <object_component id="oc-ae">
         <name>.text:ADCSequenceDataGet</name>
         <load_address>0x36c4</load_address>
         <run_address>0x36c4</run_address>
         <size>0x1e</size>
         <input_file_ref idref="fl-e3"/>
      </object_component>
      <object_component id="oc-363">
         <name>.text:GrFontCodepageGet</name>
         <load_address>0x36e2</load_address>
         <run_address>0x36e2</run_address>
         <size>0x1e</size>
         <input_file_ref idref="fl-ed"/>
      </object_component>
      <object_component id="oc-b4">
         <name>.text:ADCProcessorTrigger</name>
         <load_address>0x3700</load_address>
         <run_address>0x3700</run_address>
         <size>0x18</size>
         <input_file_ref idref="fl-e3"/>
      </object_component>
      <object_component id="oc-1db">
         <name>.text:GPIOPinTypeGPIOOutput</name>
         <load_address>0x3718</load_address>
         <run_address>0x3718</run_address>
         <size>0x18</size>
         <input_file_ref idref="fl-e5"/>
      </object_component>
      <object_component id="oc-ba">
         <name>.text:TimerDisable</name>
         <load_address>0x3730</load_address>
         <run_address>0x3730</run_address>
         <size>0x18</size>
         <input_file_ref idref="fl-e8"/>
      </object_component>
      <object_component id="oc-82">
         <name>.text</name>
         <load_address>0x3748</load_address>
         <run_address>0x3748</run_address>
         <size>0x18</size>
         <input_file_ref idref="fl-cf"/>
      </object_component>
      <object_component id="oc-2cf">
         <name>.text:CFAL96x64x16ColorTranslate$2</name>
         <load_address>0x3760</load_address>
         <run_address>0x3760</run_address>
         <size>0x16</size>
         <input_file_ref idref="fl-5"/>
      </object_component>
      <object_component id="oc-16c">
         <name>.text:GrStringDraw</name>
         <load_address>0x3776</load_address>
         <run_address>0x3776</run_address>
         <size>0x16</size>
         <input_file_ref idref="fl-ed"/>
      </object_component>
      <object_component id="oc-327">
         <name>.text</name>
         <load_address>0x378c</load_address>
         <run_address>0x378c</run_address>
         <size>0x16</size>
         <input_file_ref idref="fl-df"/>
      </object_component>
      <object_component id="oc-291">
         <name>.text:UARTEnable</name>
         <load_address>0x37a2</load_address>
         <run_address>0x37a2</run_address>
         <size>0x14</size>
         <input_file_ref idref="fl-e9"/>
      </object_component>
      <object_component id="oc-38a">
         <name>.text</name>
         <load_address>0x37b6</load_address>
         <run_address>0x37b6</run_address>
         <size>0x14</size>
         <input_file_ref idref="fl-e2"/>
      </object_component>
      <object_component id="oc-2b3">
         <name>.text</name>
         <load_address>0x37ca</load_address>
         <run_address>0x37ca</run_address>
         <size>0x14</size>
         <input_file_ref idref="fl-cc"/>
      </object_component>
      <object_component id="oc-1b7">
         <name>.text:GPIOPinTypeUART</name>
         <load_address>0x37de</load_address>
         <run_address>0x37de</run_address>
         <size>0x12</size>
         <input_file_ref idref="fl-e5"/>
      </object_component>
      <object_component id="oc-c6">
         <name>.text:TimerLoadSet</name>
         <load_address>0x37f0</load_address>
         <run_address>0x37f0</run_address>
         <size>0x12</size>
         <input_file_ref idref="fl-e8"/>
      </object_component>
      <object_component id="oc-124">
         <name>.text</name>
         <load_address>0x3802</load_address>
         <run_address>0x3802</run_address>
         <size>0x2</size>
         <input_file_ref idref="fl-de"/>
      </object_component>
      <object_component id="oc-181">
         <name>.text:FPULazyStackingEnable</name>
         <load_address>0x3804</load_address>
         <run_address>0x3804</run_address>
         <size>0x10</size>
         <input_file_ref idref="fl-e4"/>
      </object_component>
      <object_component id="oc-199">
         <name>.text:IntMasterDisable</name>
         <load_address>0x3814</load_address>
         <run_address>0x3814</run_address>
         <size>0x10</size>
         <input_file_ref idref="fl-e6"/>
      </object_component>
      <object_component id="oc-1e1">
         <name>.text:IntMasterEnable</name>
         <load_address>0x3824</load_address>
         <run_address>0x3824</run_address>
         <size>0x10</size>
         <input_file_ref idref="fl-e6"/>
      </object_component>
      <object_component id="oc-1c3">
         <name>.text:ADCSequenceDisable</name>
         <load_address>0x3834</load_address>
         <run_address>0x3834</run_address>
         <size>0xe</size>
         <input_file_ref idref="fl-e3"/>
      </object_component>
      <object_component id="oc-1d5">
         <name>.text:ADCSequenceEnable</name>
         <load_address>0x3842</load_address>
         <run_address>0x3842</run_address>
         <size>0xe</size>
         <input_file_ref idref="fl-e3"/>
      </object_component>
      <object_component id="oc-cc">
         <name>.text:TimerEnable</name>
         <load_address>0x3850</load_address>
         <run_address>0x3850</run_address>
         <size>0xe</size>
         <input_file_ref idref="fl-e8"/>
      </object_component>
      <object_component id="oc-de">
         <name>.text:UARTCharGetNonBlocking</name>
         <load_address>0x385e</load_address>
         <run_address>0x385e</run_address>
         <size>0xe</size>
         <input_file_ref idref="fl-e9"/>
      </object_component>
      <object_component id="oc-d8">
         <name>.text:UARTCharsAvail</name>
         <load_address>0x386c</load_address>
         <run_address>0x386c</run_address>
         <size>0xe</size>
         <input_file_ref idref="fl-e9"/>
      </object_component>
      <object_component id="oc-18">
         <name>.text:decompress:none</name>
         <load_address>0x387a</load_address>
         <run_address>0x387a</run_address>
         <size>0xe</size>
         <input_file_ref idref="fl-c3"/>
      </object_component>
      <object_component id="oc-261">
         <name>.text:CPUcpsid</name>
         <load_address>0x3888</load_address>
         <run_address>0x3888</run_address>
         <size>0xc</size>
         <input_file_ref idref="fl-ea"/>
      </object_component>
      <object_component id="oc-29e">
         <name>.text:CPUcpsie</name>
         <load_address>0x3894</load_address>
         <run_address>0x3894</run_address>
         <size>0xc</size>
         <input_file_ref idref="fl-ea"/>
      </object_component>
      <object_component id="oc-1e">
         <name>.text:decompress:ZI</name>
         <load_address>0x38a0</load_address>
         <run_address>0x38a0</run_address>
         <size>0xc</size>
         <input_file_ref idref="fl-c4"/>
      </object_component>
      <object_component id="oc-a8">
         <name>.text:ADCIntClear</name>
         <load_address>0x38ac</load_address>
         <run_address>0x38ac</run_address>
         <size>0xa</size>
         <input_file_ref idref="fl-e3"/>
      </object_component>
      <object_component id="oc-2ad">
         <name>.text:UARTCharPut</name>
         <load_address>0x38b6</load_address>
         <run_address>0x38b6</run_address>
         <size>0xa</size>
         <input_file_ref idref="fl-e9"/>
      </object_component>
      <object_component id="oc-359">
         <name>.text:GrMapISO8859_1_Unicode</name>
         <load_address>0x38c0</load_address>
         <run_address>0x38c0</run_address>
         <size>0x8</size>
         <input_file_ref idref="fl-ef"/>
      </object_component>
      <object_component id="oc-1f3">
         <name>.text:TimerIntEnable</name>
         <load_address>0x38c8</load_address>
         <run_address>0x38c8</run_address>
         <size>0x8</size>
         <input_file_ref idref="fl-e8"/>
      </object_component>
      <object_component id="oc-205">
         <name>.text:GPIOPinWrite</name>
         <load_address>0x38d0</load_address>
         <run_address>0x38d0</run_address>
         <size>0x6</size>
         <input_file_ref idref="fl-e5"/>
      </object_component>
      <object_component id="oc-1a5">
         <name>.text:GrContextFontSet</name>
         <load_address>0x38d6</load_address>
         <run_address>0x38d6</run_address>
         <size>0x6</size>
         <input_file_ref idref="fl-ed"/>
      </object_component>
      <object_component id="oc-2b">
         <name>.text:ResetISR</name>
         <load_address>0x38dc</load_address>
         <run_address>0x38dc</run_address>
         <size>0x6</size>
         <input_file_ref idref="fl-2"/>
      </object_component>
      <object_component id="oc-257">
         <name>.text:SysCtlDelay</name>
         <load_address>0x38e2</load_address>
         <run_address>0x38e2</run_address>
         <size>0x6</size>
         <input_file_ref idref="fl-e7"/>
      </object_component>
      <object_component id="oc-96">
         <name>.text:TimerIntClear</name>
         <load_address>0x38e8</load_address>
         <run_address>0x38e8</run_address>
         <size>0x4</size>
         <input_file_ref idref="fl-e8"/>
      </object_component>
      <object_component id="oc-76">
         <name>.text</name>
         <load_address>0x38ec</load_address>
         <run_address>0x38ec</run_address>
         <size>0x4</size>
         <input_file_ref idref="fl-c9"/>
      </object_component>
      <object_component id="oc-2dd">
         <name>.const:.string:g_pui8FontFixed6x8Data</name>
         <load_address>0x38f0</load_address>
         <run_address>0x38f0</run_address>
         <size>0x2f8</size>
         <input_file_ref idref="fl-ee"/>
      </object_component>
      <object_component id="oc-395">
         <name>.const:.string:_ctypes_</name>
         <load_address>0x3be8</load_address>
         <run_address>0x3be8</run_address>
         <size>0x101</size>
         <input_file_ref idref="fl-d3"/>
      </object_component>
      <object_component id="oc-211">
         <name>.const:g_sFontFixed6x8</name>
         <load_address>0x3cec</load_address>
         <run_address>0x3cec</run_address>
         <size>0xc8</size>
         <input_file_ref idref="fl-ee"/>
      </object_component>
      <object_component id="oc-2a6">
         <name>.const</name>
         <load_address>0x3db4</load_address>
         <run_address>0x3db4</run_address>
         <size>0x70</size>
         <input_file_ref idref="fl-e6"/>
      </object_component>
      <object_component id="oc-154">
         <name>.const:g_pui32Xtals</name>
         <load_address>0x3e24</load_address>
         <run_address>0x3e24</run_address>
         <size>0x6c</size>
         <input_file_ref idref="fl-e7"/>
      </object_component>
      <object_component id="oc-20e">
         <name>.const:g_sCFAL96x64x16</name>
         <load_address>0x3e90</load_address>
         <run_address>0x3e90</run_address>
         <size>0x28</size>
         <input_file_ref idref="fl-5"/>
      </object_component>
      <object_component id="oc-26e">
         <name>.const</name>
         <load_address>0x3eb8</load_address>
         <run_address>0x3eb8</run_address>
         <size>0x10</size>
         <input_file_ref idref="fl-eb"/>
      </object_component>
      <object_component id="oc-3c8">
         <name>.cinit..data.load</name>
         <load_address>0x3ec8</load_address>
         <run_address>0x3ec8</run_address>
         <size>0x26</size>
      </object_component>
      <object_component id="oc-3c6">
         <name>__TI_handler_table</name>
         <load_address>0x3ef0</load_address>
         <run_address>0x3ef0</run_address>
         <size>0xc</size>
      </object_component>
      <object_component id="oc-3c9">
         <name>.cinit..bss.load</name>
         <load_address>0x3f00</load_address>
         <run_address>0x3f00</run_address>
         <size>0x8</size>
      </object_component>
      <object_component id="oc-3c7">
         <name>__TI_cinit_table</name>
         <load_address>0x3f08</load_address>
         <run_address>0x3f08</run_address>
         <size>0x10</size>
      </object_component>
      <object_component id="oc-139">
         <name>.data:$O1$$</name>
         <load_address>0x20000450</load_address>
         <run_address>0x20000450</run_address>
         <size>0xc</size>
         <input_file_ref idref="fl-c5"/>
      </object_component>
      <object_component id="oc-20b">
         <name>.data:g_ui8DisplayInitCommands$2</name>
         <load_address>0x2000043c</load_address>
         <run_address>0x2000043c</run_address>
         <size>0x13</size>
         <input_file_ref idref="fl-5"/>
      </object_component>
      <object_component id="oc-8e">
         <name>.data</name>
         <load_address>0x20000468</load_address>
         <run_address>0x20000468</run_address>
         <size>0x4</size>
         <input_file_ref idref="fl-cb"/>
      </object_component>
      <object_component id="oc-390">
         <name>.data</name>
         <load_address>0x20000464</load_address>
         <run_address>0x20000464</run_address>
         <size>0x4</size>
         <input_file_ref idref="fl-e1"/>
      </object_component>
      <object_component id="oc-13c">
         <name>.data:$O3$$</name>
         <load_address>0x2000045c</load_address>
         <run_address>0x2000045c</run_address>
         <size>0x8</size>
         <input_file_ref idref="fl-cd"/>
      </object_component>
      <object_component id="oc-e4">
         <name>.bss:$O1$$</name>
         <uninitialized>true</uninitialized>
         <run_address>0x20000400</run_address>
         <size>0x38</size>
         <input_file_ref idref="fl-3"/>
      </object_component>
      <object_component id="oc-271">
         <name>.common:g_psGrLibDefaults</name>
         <uninitialized>true</uninitialized>
         <run_address>0x20000438</run_address>
         <size>0x4</size>
      </object_component>
      <object_component id="oc-2a">
         <name>.stack</name>
         <uninitialized>true</uninitialized>
         <run_address>0x20000000</run_address>
         <size>0x0</size>
         <input_file_ref idref="fl-c1"/>
      </object_component>
      <object_component id="oc-3ca">
         <name>.stack</name>
         <uninitialized>true</uninitialized>
         <run_address>0x20000000</run_address>
         <size>0x0</size>
      </object_component>
      <object_component id="oc-51">
         <name>.debug_info</name>
         <load_address>0x0</load_address>
         <run_address>0x0</run_address>
         <size>0x2e7</size>
         <input_file_ref idref="fl-2"/>
      </object_component>
      <object_component id="oc-10">
         <name>.debug_info</name>
         <load_address>0x2e7</load_address>
         <run_address>0x2e7</run_address>
         <size>0xe8</size>
         <input_file_ref idref="fl-2"/>
      </object_component>
      <object_component id="oc-2c">
         <name>.debug_info</name>
         <load_address>0x3cf</load_address>
         <run_address>0x3cf</run_address>
         <size>0x118</size>
         <input_file_ref idref="fl-2"/>
      </object_component>
      <object_component id="oc-32">
         <name>.debug_info</name>
         <load_address>0x4e7</load_address>
         <run_address>0x4e7</run_address>
         <size>0x109</size>
         <input_file_ref idref="fl-2"/>
      </object_component>
      <object_component id="oc-3e">
         <name>.debug_info</name>
         <load_address>0x5f0</load_address>
         <run_address>0x5f0</run_address>
         <size>0x121</size>
         <input_file_ref idref="fl-2"/>
      </object_component>
      <object_component id="oc-38">
         <name>.debug_info</name>
         <load_address>0x711</load_address>
         <run_address>0x711</run_address>
         <size>0x10f</size>
         <input_file_ref idref="fl-2"/>
      </object_component>
      <object_component id="oc-133">
         <name>.debug_info</name>
         <load_address>0x820</load_address>
         <run_address>0x820</run_address>
         <size>0x84</size>
         <input_file_ref idref="fl-2"/>
      </object_component>
      <object_component id="oc-f0">
         <name>.debug_info</name>
         <load_address>0x8a4</load_address>
         <run_address>0x8a4</run_address>
         <size>0x18b</size>
         <input_file_ref idref="fl-2"/>
      </object_component>
      <object_component id="oc-25">
         <name>.debug_info</name>
         <load_address>0xa2f</load_address>
         <run_address>0xa2f</run_address>
         <size>0x160</size>
         <input_file_ref idref="fl-c1"/>
      </object_component>
      <object_component id="oc-140">
         <name>.debug_info</name>
         <load_address>0xb8f</load_address>
         <run_address>0xb8f</run_address>
         <size>0x3ce</size>
         <input_file_ref idref="fl-c5"/>
      </object_component>
      <object_component id="oc-13a">
         <name>.debug_info</name>
         <load_address>0xf5d</load_address>
         <run_address>0xf5d</run_address>
         <size>0x185</size>
         <input_file_ref idref="fl-c5"/>
      </object_component>
      <object_component id="oc-89">
         <name>.debug_info</name>
         <load_address>0x10e2</load_address>
         <run_address>0x10e2</run_address>
         <size>0x214</size>
         <input_file_ref idref="fl-c5"/>
      </object_component>
      <object_component id="oc-63">
         <name>.debug_info</name>
         <load_address>0x12f6</load_address>
         <run_address>0x12f6</run_address>
         <size>0x111</size>
         <input_file_ref idref="fl-c6"/>
      </object_component>
      <object_component id="oc-6b">
         <name>.debug_info</name>
         <load_address>0x1407</load_address>
         <run_address>0x1407</run_address>
         <size>0x13f</size>
         <input_file_ref idref="fl-c7"/>
      </object_component>
      <object_component id="oc-138">
         <name>.debug_info</name>
         <load_address>0x1546</load_address>
         <run_address>0x1546</run_address>
         <size>0x300</size>
         <input_file_ref idref="fl-cf"/>
      </object_component>
      <object_component id="oc-85">
         <name>.debug_info</name>
         <load_address>0x1846</load_address>
         <run_address>0x1846</run_address>
         <size>0x167</size>
         <input_file_ref idref="fl-cf"/>
      </object_component>
      <object_component id="oc-217">
         <name>.debug_info</name>
         <load_address>0x19ad</load_address>
         <run_address>0x19ad</run_address>
         <size>0x5e</size>
         <input_file_ref idref="fl-cf"/>
      </object_component>
      <object_component id="oc-12b">
         <name>.debug_info</name>
         <load_address>0x1a0b</load_address>
         <run_address>0x1a0b</run_address>
         <size>0x483</size>
         <input_file_ref idref="fl-d1"/>
      </object_component>
      <object_component id="oc-7d">
         <name>.debug_info</name>
         <load_address>0x1e8e</load_address>
         <run_address>0x1e8e</run_address>
         <size>0x190</size>
         <input_file_ref idref="fl-d1"/>
      </object_component>
      <object_component id="oc-17c">
         <name>.debug_info</name>
         <load_address>0x201e</load_address>
         <run_address>0x201e</run_address>
         <size>0x39</size>
         <input_file_ref idref="fl-d1"/>
      </object_component>
      <object_component id="oc-317">
         <name>.debug_info</name>
         <load_address>0x2057</load_address>
         <run_address>0x2057</run_address>
         <size>0x144</size>
         <input_file_ref idref="fl-d4"/>
      </object_component>
      <object_component id="oc-2f3">
         <name>.debug_info</name>
         <load_address>0x219b</load_address>
         <run_address>0x219b</run_address>
         <size>0x120</size>
         <input_file_ref idref="fl-d5"/>
      </object_component>
      <object_component id="oc-302">
         <name>.debug_info</name>
         <load_address>0x22bb</load_address>
         <run_address>0x22bb</run_address>
         <size>0x122</size>
         <input_file_ref idref="fl-d5"/>
      </object_component>
      <object_component id="oc-2fd">
         <name>.debug_info</name>
         <load_address>0x23dd</load_address>
         <run_address>0x23dd</run_address>
         <size>0x132</size>
         <input_file_ref idref="fl-d6"/>
      </object_component>
      <object_component id="oc-2f8">
         <name>.debug_info</name>
         <load_address>0x250f</load_address>
         <run_address>0x250f</run_address>
         <size>0x132</size>
         <input_file_ref idref="fl-d7"/>
      </object_component>
      <object_component id="oc-309">
         <name>.debug_info</name>
         <load_address>0x2641</load_address>
         <run_address>0x2641</run_address>
         <size>0x126</size>
         <input_file_ref idref="fl-d8"/>
      </object_component>
      <object_component id="oc-314">
         <name>.debug_info</name>
         <load_address>0x2767</load_address>
         <run_address>0x2767</run_address>
         <size>0x124</size>
         <input_file_ref idref="fl-d9"/>
      </object_component>
      <object_component id="oc-2ee">
         <name>.debug_info</name>
         <load_address>0x288b</load_address>
         <run_address>0x288b</run_address>
         <size>0x17d</size>
         <input_file_ref idref="fl-e0"/>
      </object_component>
      <object_component id="oc-14e">
         <name>.debug_info</name>
         <load_address>0x2a08</load_address>
         <run_address>0x2a08</run_address>
         <size>0x23d</size>
         <input_file_ref idref="fl-e3"/>
      </object_component>
      <object_component id="oc-1d0">
         <name>.debug_info</name>
         <load_address>0x2c45</load_address>
         <run_address>0x2c45</run_address>
         <size>0x333</size>
         <input_file_ref idref="fl-e3"/>
      </object_component>
      <object_component id="oc-1d6">
         <name>.debug_info</name>
         <load_address>0x2f78</load_address>
         <run_address>0x2f78</run_address>
         <size>0x2a0</size>
         <input_file_ref idref="fl-e3"/>
      </object_component>
      <object_component id="oc-1c4">
         <name>.debug_info</name>
         <load_address>0x3218</load_address>
         <run_address>0x3218</run_address>
         <size>0x2a2</size>
         <input_file_ref idref="fl-e3"/>
      </object_component>
      <object_component id="oc-af">
         <name>.debug_info</name>
         <load_address>0x34ba</load_address>
         <run_address>0x34ba</run_address>
         <size>0x2ff</size>
         <input_file_ref idref="fl-e3"/>
      </object_component>
      <object_component id="oc-1ca">
         <name>.debug_info</name>
         <load_address>0x37b9</load_address>
         <run_address>0x37b9</run_address>
         <size>0x326</size>
         <input_file_ref idref="fl-e3"/>
      </object_component>
      <object_component id="oc-b5">
         <name>.debug_info</name>
         <load_address>0x3adf</load_address>
         <run_address>0x3adf</run_address>
         <size>0x2a4</size>
         <input_file_ref idref="fl-e3"/>
      </object_component>
      <object_component id="oc-a3">
         <name>.debug_info</name>
         <load_address>0x3d83</load_address>
         <run_address>0x3d83</run_address>
         <size>0x2e7</size>
         <input_file_ref idref="fl-e3"/>
      </object_component>
      <object_component id="oc-a9">
         <name>.debug_info</name>
         <load_address>0x406a</load_address>
         <run_address>0x406a</run_address>
         <size>0x294</size>
         <input_file_ref idref="fl-e3"/>
      </object_component>
      <object_component id="oc-182">
         <name>.debug_info</name>
         <load_address>0x42fe</load_address>
         <run_address>0x42fe</run_address>
         <size>0x225</size>
         <input_file_ref idref="fl-e4"/>
      </object_component>
      <object_component id="oc-29d">
         <name>.debug_info</name>
         <load_address>0x4523</load_address>
         <run_address>0x4523</run_address>
         <size>0x230</size>
         <input_file_ref idref="fl-e5"/>
      </object_component>
      <object_component id="oc-206">
         <name>.debug_info</name>
         <load_address>0x4753</load_address>
         <run_address>0x4753</run_address>
         <size>0x2a3</size>
         <input_file_ref idref="fl-e5"/>
      </object_component>
      <object_component id="oc-27f">
         <name>.debug_info</name>
         <load_address>0x49f6</load_address>
         <run_address>0x49f6</run_address>
         <size>0x2b3</size>
         <input_file_ref idref="fl-e5"/>
      </object_component>
      <object_component id="oc-285">
         <name>.debug_info</name>
         <load_address>0x4ca9</load_address>
         <run_address>0x4ca9</run_address>
         <size>0x316</size>
         <input_file_ref idref="fl-e5"/>
      </object_component>
      <object_component id="oc-1b8">
         <name>.debug_info</name>
         <load_address>0x4fbf</load_address>
         <run_address>0x4fbf</run_address>
         <size>0x27b</size>
         <input_file_ref idref="fl-e5"/>
      </object_component>
      <object_component id="oc-1dc">
         <name>.debug_info</name>
         <load_address>0x523a</load_address>
         <run_address>0x523a</run_address>
         <size>0x2b7</size>
         <input_file_ref idref="fl-e5"/>
      </object_component>
      <object_component id="oc-2aa">
         <name>.debug_info</name>
         <load_address>0x54f1</load_address>
         <run_address>0x54f1</run_address>
         <size>0x20e</size>
         <input_file_ref idref="fl-e6"/>
      </object_component>
      <object_component id="oc-2a7">
         <name>.debug_info</name>
         <load_address>0x56ff</load_address>
         <run_address>0x56ff</run_address>
         <size>0x210</size>
         <input_file_ref idref="fl-e6"/>
      </object_component>
      <object_component id="oc-1e3">
         <name>.debug_info</name>
         <load_address>0x590f</load_address>
         <run_address>0x590f</run_address>
         <size>0x23e</size>
         <input_file_ref idref="fl-e6"/>
      </object_component>
      <object_component id="oc-19b">
         <name>.debug_info</name>
         <load_address>0x5b4d</load_address>
         <run_address>0x5b4d</run_address>
         <size>0x240</size>
         <input_file_ref idref="fl-e6"/>
      </object_component>
      <object_component id="oc-1ef">
         <name>.debug_info</name>
         <load_address>0x5d8d</load_address>
         <run_address>0x5d8d</run_address>
         <size>0x268</size>
         <input_file_ref idref="fl-e6"/>
      </object_component>
      <object_component id="oc-230">
         <name>.debug_info</name>
         <load_address>0x5ff5</load_address>
         <run_address>0x5ff5</run_address>
         <size>0x298</size>
         <input_file_ref idref="fl-e7"/>
      </object_component>
      <object_component id="oc-155">
         <name>.debug_info</name>
         <load_address>0x628d</load_address>
         <run_address>0x628d</run_address>
         <size>0x14d</size>
         <input_file_ref idref="fl-e7"/>
      </object_component>
      <object_component id="oc-1b2">
         <name>.debug_info</name>
         <load_address>0x63da</load_address>
         <run_address>0x63da</run_address>
         <size>0x27f</size>
         <input_file_ref idref="fl-e7"/>
      </object_component>
      <object_component id="oc-1ac">
         <name>.debug_info</name>
         <load_address>0x6659</load_address>
         <run_address>0x6659</run_address>
         <size>0x27d</size>
         <input_file_ref idref="fl-e7"/>
      </object_component>
      <object_component id="oc-188">
         <name>.debug_info</name>
         <load_address>0x68d6</load_address>
         <run_address>0x68d6</run_address>
         <size>0x2db</size>
         <input_file_ref idref="fl-e7"/>
      </object_component>
      <object_component id="oc-c1">
         <name>.debug_info</name>
         <load_address>0x6bb1</load_address>
         <run_address>0x6bb1</run_address>
         <size>0x2b5</size>
         <input_file_ref idref="fl-e7"/>
      </object_component>
      <object_component id="oc-2e8">
         <name>.debug_info</name>
         <load_address>0x6e66</load_address>
         <run_address>0x6e66</run_address>
         <size>0x5f</size>
         <input_file_ref idref="fl-e7"/>
      </object_component>
      <object_component id="oc-145">
         <name>.debug_info</name>
         <load_address>0x6ec5</load_address>
         <run_address>0x6ec5</run_address>
         <size>0x223</size>
         <input_file_ref idref="fl-e8"/>
      </object_component>
      <object_component id="oc-c7">
         <name>.debug_info</name>
         <load_address>0x70e8</load_address>
         <run_address>0x70e8</run_address>
         <size>0x2ba</size>
         <input_file_ref idref="fl-e8"/>
      </object_component>
      <object_component id="oc-1f4">
         <name>.debug_info</name>
         <load_address>0x73a2</load_address>
         <run_address>0x73a2</run_address>
         <size>0x294</size>
         <input_file_ref idref="fl-e8"/>
      </object_component>
      <object_component id="oc-97">
         <name>.debug_info</name>
         <load_address>0x7636</load_address>
         <run_address>0x7636</run_address>
         <size>0x292</size>
         <input_file_ref idref="fl-e8"/>
      </object_component>
      <object_component id="oc-cd">
         <name>.debug_info</name>
         <load_address>0x78c8</load_address>
         <run_address>0x78c8</run_address>
         <size>0x27f</size>
         <input_file_ref idref="fl-e8"/>
      </object_component>
      <object_component id="oc-bb">
         <name>.debug_info</name>
         <load_address>0x7b47</load_address>
         <run_address>0x7b47</run_address>
         <size>0x281</size>
         <input_file_ref idref="fl-e8"/>
      </object_component>
      <object_component id="oc-1e8">
         <name>.debug_info</name>
         <load_address>0x7dc8</load_address>
         <run_address>0x7dc8</run_address>
         <size>0x28c</size>
         <input_file_ref idref="fl-e8"/>
      </object_component>
      <object_component id="oc-174">
         <name>.debug_info</name>
         <load_address>0x8054</load_address>
         <run_address>0x8054</run_address>
         <size>0x227</size>
         <input_file_ref idref="fl-e9"/>
      </object_component>
      <object_component id="oc-295">
         <name>.debug_info</name>
         <load_address>0x827b</load_address>
         <run_address>0x827b</run_address>
         <size>0x247</size>
         <input_file_ref idref="fl-e9"/>
      </object_component>
      <object_component id="oc-28f">
         <name>.debug_info</name>
         <load_address>0x84c2</load_address>
         <run_address>0x84c2</run_address>
         <size>0x249</size>
         <input_file_ref idref="fl-e9"/>
      </object_component>
      <object_component id="oc-1c1">
         <name>.debug_info</name>
         <load_address>0x870b</load_address>
         <run_address>0x870b</run_address>
         <size>0x326</size>
         <input_file_ref idref="fl-e9"/>
      </object_component>
      <object_component id="oc-dc">
         <name>.debug_info</name>
         <load_address>0x8a31</load_address>
         <run_address>0x8a31</run_address>
         <size>0x253</size>
         <input_file_ref idref="fl-e9"/>
      </object_component>
      <object_component id="oc-2b1">
         <name>.debug_info</name>
         <load_address>0x8c84</load_address>
         <run_address>0x8c84</run_address>
         <size>0x273</size>
         <input_file_ref idref="fl-e9"/>
      </object_component>
      <object_component id="oc-e2">
         <name>.debug_info</name>
         <load_address>0x8ef7</load_address>
         <run_address>0x8ef7</run_address>
         <size>0x263</size>
         <input_file_ref idref="fl-e9"/>
      </object_component>
      <object_component id="oc-2a1">
         <name>.debug_info</name>
         <load_address>0x915a</load_address>
         <run_address>0x915a</run_address>
         <size>0x212</size>
         <input_file_ref idref="fl-ea"/>
      </object_component>
      <object_component id="oc-263">
         <name>.debug_info</name>
         <load_address>0x936c</load_address>
         <run_address>0x936c</run_address>
         <size>0x20f</size>
         <input_file_ref idref="fl-ea"/>
      </object_component>
      <object_component id="oc-272">
         <name>.debug_info</name>
         <load_address>0x957b</load_address>
         <run_address>0x957b</run_address>
         <size>0x464</size>
         <input_file_ref idref="fl-eb"/>
      </object_component>
      <object_component id="oc-26f">
         <name>.debug_info</name>
         <load_address>0x99df</load_address>
         <run_address>0x99df</run_address>
         <size>0x167</size>
         <input_file_ref idref="fl-eb"/>
      </object_component>
      <object_component id="oc-1a1">
         <name>.debug_info</name>
         <load_address>0x9b46</load_address>
         <run_address>0x9b46</run_address>
         <size>0x27d</size>
         <input_file_ref idref="fl-eb"/>
      </object_component>
      <object_component id="oc-22b">
         <name>.debug_info</name>
         <load_address>0x9dc3</load_address>
         <run_address>0x9dc3</run_address>
         <size>0x3d9</size>
         <input_file_ref idref="fl-ec"/>
      </object_component>
      <object_component id="oc-147">
         <name>.debug_info</name>
         <load_address>0xa19c</load_address>
         <run_address>0xa19c</run_address>
         <size>0x284</size>
         <input_file_ref idref="fl-ec"/>
      </object_component>
      <object_component id="oc-250">
         <name>.debug_info</name>
         <load_address>0xa420</load_address>
         <run_address>0xa420</run_address>
         <size>0x51c</size>
         <input_file_ref idref="fl-ed"/>
      </object_component>
      <object_component id="oc-23e">
         <name>.debug_info</name>
         <load_address>0xa93c</load_address>
         <run_address>0xa93c</run_address>
         <size>0x2fe</size>
         <input_file_ref idref="fl-ed"/>
      </object_component>
      <object_component id="oc-33b">
         <name>.debug_info</name>
         <load_address>0xac3a</load_address>
         <run_address>0xac3a</run_address>
         <size>0x315</size>
         <input_file_ref idref="fl-ed"/>
      </object_component>
      <object_component id="oc-341">
         <name>.debug_info</name>
         <load_address>0xaf4f</load_address>
         <run_address>0xaf4f</run_address>
         <size>0x34b</size>
         <input_file_ref idref="fl-ed"/>
      </object_component>
      <object_component id="oc-244">
         <name>.debug_info</name>
         <load_address>0xb29a</load_address>
         <run_address>0xb29a</run_address>
         <size>0x2cc</size>
         <input_file_ref idref="fl-ed"/>
      </object_component>
      <object_component id="oc-24a">
         <name>.debug_info</name>
         <load_address>0xb566</load_address>
         <run_address>0xb566</run_address>
         <size>0x341</size>
         <input_file_ref idref="fl-ed"/>
      </object_component>
      <object_component id="oc-161">
         <name>.debug_info</name>
         <load_address>0xb8a7</load_address>
         <run_address>0xb8a7</run_address>
         <size>0x450</size>
         <input_file_ref idref="fl-ed"/>
      </object_component>
      <object_component id="oc-16d">
         <name>.debug_info</name>
         <load_address>0xbcf7</load_address>
         <run_address>0xbcf7</run_address>
         <size>0x2b7</size>
         <input_file_ref idref="fl-ed"/>
      </object_component>
      <object_component id="oc-364">
         <name>.debug_info</name>
         <load_address>0xbfae</load_address>
         <run_address>0xbfae</run_address>
         <size>0x254</size>
         <input_file_ref idref="fl-ed"/>
      </object_component>
      <object_component id="oc-276">
         <name>.debug_info</name>
         <load_address>0xc202</load_address>
         <run_address>0xc202</run_address>
         <size>0x2b6</size>
         <input_file_ref idref="fl-ed"/>
      </object_component>
      <object_component id="oc-353">
         <name>.debug_info</name>
         <load_address>0xc4b8</load_address>
         <run_address>0xc4b8</run_address>
         <size>0x47f</size>
         <input_file_ref idref="fl-ed"/>
      </object_component>
      <object_component id="oc-167">
         <name>.debug_info</name>
         <load_address>0xc937</load_address>
         <run_address>0xc937</run_address>
         <size>0x2c0</size>
         <input_file_ref idref="fl-ed"/>
      </object_component>
      <object_component id="oc-269">
         <name>.debug_info</name>
         <load_address>0xcbf7</load_address>
         <run_address>0xcbf7</run_address>
         <size>0x4bd</size>
         <input_file_ref idref="fl-ed"/>
      </object_component>
      <object_component id="oc-1a6">
         <name>.debug_info</name>
         <load_address>0xd0b4</load_address>
         <run_address>0xd0b4</run_address>
         <size>0x28d</size>
         <input_file_ref idref="fl-ed"/>
      </object_component>
      <object_component id="oc-2e2">
         <name>.debug_info</name>
         <load_address>0xd341</load_address>
         <run_address>0xd341</run_address>
         <size>0x362</size>
         <input_file_ref idref="fl-ee"/>
      </object_component>
      <object_component id="oc-2de">
         <name>.debug_info</name>
         <load_address>0xd6a3</load_address>
         <run_address>0xd6a3</run_address>
         <size>0x165</size>
         <input_file_ref idref="fl-ee"/>
      </object_component>
      <object_component id="oc-212">
         <name>.debug_info</name>
         <load_address>0xd808</load_address>
         <run_address>0xd808</run_address>
         <size>0x158</size>
         <input_file_ref idref="fl-ee"/>
      </object_component>
      <object_component id="oc-39e">
         <name>.debug_info</name>
         <load_address>0xd960</load_address>
         <run_address>0xd960</run_address>
         <size>0x3cd</size>
         <input_file_ref idref="fl-ef"/>
      </object_component>
      <object_component id="oc-35a">
         <name>.debug_info</name>
         <load_address>0xdd2d</load_address>
         <run_address>0xdd2d</run_address>
         <size>0x2b1</size>
         <input_file_ref idref="fl-ef"/>
      </object_component>
      <object_component id="oc-68">
         <name>.debug_info</name>
         <load_address>0xdfde</load_address>
         <run_address>0xdfde</run_address>
         <size>0x11df</size>
         <input_file_ref idref="fl-f1"/>
      </object_component>
      <object_component id="oc-20f">
         <name>.debug_info</name>
         <load_address>0xf1bd</load_address>
         <run_address>0xf1bd</run_address>
         <size>0xde</size>
         <input_file_ref idref="fl-f1"/>
      </object_component>
      <object_component id="oc-20c">
         <name>.debug_info</name>
         <load_address>0xf29b</load_address>
         <run_address>0xf29b</run_address>
         <size>0xf0</size>
         <input_file_ref idref="fl-f1"/>
      </object_component>
      <object_component id="oc-8f">
         <name>.debug_info</name>
         <load_address>0xf38b</load_address>
         <run_address>0xf38b</run_address>
         <size>0xd7</size>
         <input_file_ref idref="fl-f1"/>
      </object_component>
      <object_component id="oc-396">
         <name>.debug_info</name>
         <load_address>0xf462</load_address>
         <run_address>0xf462</run_address>
         <size>0xcf</size>
         <input_file_ref idref="fl-f1"/>
      </object_component>
      <object_component id="oc-391">
         <name>.debug_info</name>
         <load_address>0xf531</load_address>
         <run_address>0xf531</run_address>
         <size>0xc9</size>
         <input_file_ref idref="fl-f1"/>
      </object_component>
      <object_component id="oc-e5">
         <name>.debug_info</name>
         <load_address>0xf5fa</load_address>
         <run_address>0xf5fa</run_address>
         <size>0x1ca</size>
         <input_file_ref idref="fl-f1"/>
      </object_component>
      <object_component id="oc-13d">
         <name>.debug_info</name>
         <load_address>0xf7c4</load_address>
         <run_address>0xf7c4</run_address>
         <size>0xe8</size>
         <input_file_ref idref="fl-f1"/>
      </object_component>
      <object_component id="oc-38c">
         <name>.debug_info</name>
         <load_address>0xf8ac</load_address>
         <run_address>0xf8ac</run_address>
         <size>0x11b</size>
         <input_file_ref idref="fl-f1"/>
      </object_component>
      <object_component id="oc-323">
         <name>.debug_info</name>
         <load_address>0xf9c7</load_address>
         <run_address>0xf9c7</run_address>
         <size>0x19c</size>
         <input_file_ref idref="fl-f1"/>
      </object_component>
      <object_component id="oc-15c">
         <name>.debug_info</name>
         <load_address>0xfb63</load_address>
         <run_address>0xfb63</run_address>
         <size>0x29a</size>
         <input_file_ref idref="fl-f1"/>
      </object_component>
      <object_component id="oc-220">
         <name>.debug_info</name>
         <load_address>0xfdfd</load_address>
         <run_address>0xfdfd</run_address>
         <size>0xed</size>
         <input_file_ref idref="fl-f1"/>
      </object_component>
      <object_component id="oc-2d7">
         <name>.debug_info</name>
         <load_address>0xfeea</load_address>
         <run_address>0xfeea</run_address>
         <size>0x1c8</size>
         <input_file_ref idref="fl-f1"/>
      </object_component>
      <object_component id="oc-2d1">
         <name>.debug_info</name>
         <load_address>0x100b2</load_address>
         <run_address>0x100b2</run_address>
         <size>0x214</size>
         <input_file_ref idref="fl-f1"/>
      </object_component>
      <object_component id="oc-2ca">
         <name>.debug_info</name>
         <load_address>0x102c6</load_address>
         <run_address>0x102c6</run_address>
         <size>0x2e9</size>
         <input_file_ref idref="fl-f1"/>
      </object_component>
      <object_component id="oc-2c4">
         <name>.debug_info</name>
         <load_address>0x105af</load_address>
         <run_address>0x105af</run_address>
         <size>0x449</size>
         <input_file_ref idref="fl-f1"/>
      </object_component>
      <object_component id="oc-2be">
         <name>.debug_info</name>
         <load_address>0x109f8</load_address>
         <run_address>0x109f8</run_address>
         <size>0x2a0</size>
         <input_file_ref idref="fl-f1"/>
      </object_component>
      <object_component id="oc-34b">
         <name>.debug_info</name>
         <load_address>0x10c98</load_address>
         <run_address>0x10c98</run_address>
         <size>0x223</size>
         <input_file_ref idref="fl-f1"/>
      </object_component>
      <object_component id="oc-25c">
         <name>.debug_info</name>
         <load_address>0x10ebb</load_address>
         <run_address>0x10ebb</run_address>
         <size>0x2c8</size>
         <input_file_ref idref="fl-f1"/>
      </object_component>
      <object_component id="oc-195">
         <name>.debug_info</name>
         <load_address>0x11183</load_address>
         <run_address>0x11183</run_address>
         <size>0x255</size>
         <input_file_ref idref="fl-f1"/>
      </object_component>
      <object_component id="oc-18f">
         <name>.debug_info</name>
         <load_address>0x113d8</load_address>
         <run_address>0x113d8</run_address>
         <size>0x225</size>
         <input_file_ref idref="fl-f1"/>
      </object_component>
      <object_component id="oc-9e">
         <name>.debug_info</name>
         <load_address>0x115fd</load_address>
         <run_address>0x115fd</run_address>
         <size>0x130</size>
         <input_file_ref idref="fl-f1"/>
      </object_component>
      <object_component id="oc-1fb">
         <name>.debug_info</name>
         <load_address>0x1172d</load_address>
         <run_address>0x1172d</run_address>
         <size>0x1b1</size>
         <input_file_ref idref="fl-f1"/>
      </object_component>
      <object_component id="oc-2b5">
         <name>.debug_info</name>
         <load_address>0x118de</load_address>
         <run_address>0x118de</run_address>
         <size>0x1f3</size>
         <input_file_ref idref="fl-f1"/>
      </object_component>
      <object_component id="oc-201">
         <name>.debug_info</name>
         <load_address>0x11ad1</load_address>
         <run_address>0x11ad1</run_address>
         <size>0x16c</size>
         <input_file_ref idref="fl-f1"/>
      </object_component>
      <object_component id="oc-12e">
         <name>.debug_info</name>
         <load_address>0x11c3d</load_address>
         <run_address>0x11c3d</run_address>
         <size>0x6fa</size>
         <input_file_ref idref="fl-f1"/>
      </object_component>
      <object_component id="oc-31d">
         <name>.debug_info</name>
         <load_address>0x12337</load_address>
         <run_address>0x12337</run_address>
         <size>0x152</size>
         <input_file_ref idref="fl-f1"/>
      </object_component>
      <object_component id="oc-120">
         <name>.debug_info</name>
         <load_address>0x12489</load_address>
         <run_address>0x12489</run_address>
         <size>0x14b</size>
         <input_file_ref idref="fl-f1"/>
      </object_component>
      <object_component id="oc-78">
         <name>.debug_info</name>
         <load_address>0x125d4</load_address>
         <run_address>0x125d4</run_address>
         <size>0x10f</size>
         <input_file_ref idref="fl-f1"/>
      </object_component>
      <object_component id="oc-126">
         <name>.debug_info</name>
         <load_address>0x126e3</load_address>
         <run_address>0x126e3</run_address>
         <size>0x10d</size>
         <input_file_ref idref="fl-f1"/>
      </object_component>
      <object_component id="oc-72">
         <name>.debug_info</name>
         <load_address>0x127f0</load_address>
         <run_address>0x127f0</run_address>
         <size>0xff</size>
         <input_file_ref idref="fl-f1"/>
      </object_component>
      <object_component id="oc-20">
         <name>.debug_info</name>
         <load_address>0x128ef</load_address>
         <run_address>0x128ef</run_address>
         <size>0x16b</size>
         <input_file_ref idref="fl-f1"/>
      </object_component>
      <object_component id="oc-1a">
         <name>.debug_info</name>
         <load_address>0x12a5a</load_address>
         <run_address>0x12a5a</run_address>
         <size>0x19a</size>
         <input_file_ref idref="fl-f1"/>
      </object_component>
      <object_component id="oc-14">
         <name>.debug_info</name>
         <load_address>0x12bf4</load_address>
         <run_address>0x12bf4</run_address>
         <size>0x200</size>
         <input_file_ref idref="fl-f1"/>
      </object_component>
      <object_component id="oc-32f">
         <name>.debug_info</name>
         <load_address>0x12df4</load_address>
         <run_address>0x12df4</run_address>
         <size>0x13c</size>
         <input_file_ref idref="fl-f1"/>
      </object_component>
      <object_component id="oc-233">
         <name>.debug_info</name>
         <load_address>0x12f30</load_address>
         <run_address>0x12f30</run_address>
         <size>0x1515</size>
         <input_file_ref idref="fl-f1"/>
      </object_component>
      <object_component id="oc-30d">
         <name>.debug_info</name>
         <load_address>0x14445</load_address>
         <run_address>0x14445</run_address>
         <size>0x18d</size>
         <input_file_ref idref="fl-f1"/>
      </object_component>
      <object_component id="oc-329">
         <name>.debug_info</name>
         <load_address>0x145d2</load_address>
         <run_address>0x145d2</run_address>
         <size>0x20d</size>
         <input_file_ref idref="fl-f1"/>
      </object_component>
      <object_component id="oc-d4">
         <name>.debug_info</name>
         <load_address>0x147df</load_address>
         <run_address>0x147df</run_address>
         <size>0x293</size>
         <input_file_ref idref="fl-f1"/>
      </object_component>
      <object_component id="oc-4b">
         <name>.debug_info</name>
         <load_address>0x14a72</load_address>
         <run_address>0x14a72</run_address>
         <size>0x13c</size>
         <input_file_ref idref="fl-f1"/>
      </object_component>
      <object_component id="oc-45">
         <name>.debug_info</name>
         <load_address>0x14bae</load_address>
         <run_address>0x14bae</run_address>
         <size>0x282</size>
         <input_file_ref idref="fl-f1"/>
      </object_component>
      <object_component id="oc-fd">
         <name>.debug_info</name>
         <load_address>0x14e30</load_address>
         <run_address>0x14e30</run_address>
         <size>0x5a</size>
         <input_file_ref idref="fl-f1"/>
      </object_component>
      <object_component id="oc-102">
         <name>.debug_info</name>
[...]
      <symbol id="sm-7">
         <name>__binit__</name>
         <value>0xffffffff</value>
      </symbol>
      <symbol id="sm-8">
         <name>__STACK_SIZE</name>
         <value>0x400</value>
      </symbol>
      <symbol id="sm-9">
         <name>__STACK_END</name>
         <value>0x20000400</value>
      </symbol>
      <symbol id="sm-a">
         <name>__c_args__</name>
         <value>0xffffffff</value>
      </symbol>
      <symbol id="sm-b">
         <name>__TI_pprof_out_hndl</name>
         <value>0xffffffff</value>
      </symbol>
      <symbol id="sm-c">
         <name>__TI_prof_data_start</name>
         <value>0xffffffff</value>
      </symbol>
      <symbol id="sm-d">
         <name>__TI_prof_data_size</name>
         <value>0xffffffff</value>
      </symbol>
      <symbol id="sm-33d">
         <name>copysign</name>
         <value>0x37b7</value>
         <object_component_ref idref="oc-38a"/>
      </symbol>
      <symbol id="sm-33e">
         <name>scalbn</name>
         <value>0x23f9</value>
         <object_component_ref idref="oc-321"/>
      </symbol>
      <symbol id="sm-33f">
         <name>diplayADCInfoOnBoard</name>
         <value>0x277d</value>
         <object_component_ref idref="oc-d2"/>
      </symbol>
      <symbol id="sm-340">
         <name>_ctypes_</name>
         <value>0x3be8</value>
         <object_component_ref idref="oc-395"/>
      </symbol>
      <symbol id="sm-341">
         <name>strlen</name>
         <value>0x37cb</value>
         <object_component_ref idref="oc-2b3"/>
      </symbol>
      <symbol id="sm-342">
         <name>__TI_printfi</name>
         <value>0xac1</value>
         <object_component_ref idref="oc-231"/>
      </symbol>
      <symbol id="sm-343">
         <name>sprintf</name>
         <value>0x31a7</value>
         <object_component_ref idref="oc-15a"/>
      </symbol>
      <symbol id="sm-344">
         <name>copy_in</name>
         <value>0x32c5</value>
         <object_component_ref idref="oc-11e"/>
      </symbol>
      <symbol id="sm-345">
         <name>atoi</name>
         <value>0x3279</value>
         <object_component_ref idref="oc-32d"/>
      </symbol>
      <symbol id="sm-346">
         <name>_nop</name>
         <value>0x34fb</value>
         <object_component_ref idref="oc-21e"/>
      </symbol>
      <symbol id="sm-347">
         <name>copysignl</name>
         <value>0x37b7</value>
         <object_component_ref idref="oc-38a"/>
      </symbol>
      <symbol id="sm-348">
         <name>ltoa</name>
         <value>0x3131</value>
         <object_component_ref idref="oc-30b"/>
      </symbol>
      <symbol id="sm-349">
         <name>clearBlack</name>
         <value>0x345d</value>
         <object_component_ref idref="oc-9c"/>
      </symbol>
      <symbol id="sm-34a">
         <name>strchr</name>
         <value>0x378d</value>
         <object_component_ref idref="oc-327"/>
      </symbol>
      <symbol id="sm-34b">
         <name>errno</name>
         <value>0x20000464</value>
         <object_component_ref idref="oc-390"/>
      </symbol>
      <symbol id="sm-34c">
         <name>__mpu_init</name>
         <value>0x36a3</value>
         <object_component_ref idref="oc-70"/>
      </symbol>
      <symbol id="sm-34d">
         <name>__TI_zero_init</name>
         <value>0x38a1</value>
         <object_component_ref idref="oc-1e"/>
      </symbol>
      <symbol id="sm-34e">
         <name>frexpl</name>
         <value>0x2f11</value>
         <object_component_ref idref="oc-31b"/>
      </symbol>
      <symbol id="sm-34f">
         <name>g_sCFAL96x64x16</name>
         <value>0x3e90</value>
         <object_component_ref idref="oc-20e"/>
      </symbol>
      <symbol id="sm-350">
         <name>main</name>
         <value>0x13b1</value>
         <object_component_ref idref="oc-12c"/>
      </symbol>
      <symbol id="sm-351">
         <name>scalbnl</name>
         <value>0x23f9</value>
         <object_component_ref idref="oc-321"/>
      </symbol>
      <symbol id="sm-352">
         <name>_lock</name>
         <value>0x2000045c</value>
         <object_component_ref idref="oc-13c"/>
      </symbol>
      <symbol id="sm-353">
         <name>_unlock</name>
         <value>0x20000460</value>
         <object_component_ref idref="oc-13c"/>
      </symbol>
      <symbol id="sm-354">
         <name>ldexpl</name>
         <value>0x23f9</value>
         <object_component_ref idref="oc-321"/>
      </symbol>
      <symbol id="sm-355">
         <name>frexp</name>
         <value>0x2f11</value>
         <object_component_ref idref="oc-31b"/>
      </symbol>
      <symbol id="sm-356">
         <name>UARTSend</name>
         <value>0x365d</value>
         <object_component_ref idref="oc-1ff"/>
      </symbol>
      <symbol id="sm-357">
         <name>main_func_sp</name>
         <value>0x20000468</value>
         <object_component_ref idref="oc-8e"/>
      </symbol>
      <symbol id="sm-358">
         <name>__TI_decompress_lzss</name>
         <value>0x2ea9</value>
         <object_component_ref idref="oc-12"/>
      </symbol>
      <symbol id="sm-359">
         <name>ldexp</name>
         <value>0x23f9</value>
         <object_component_ref idref="oc-321"/>
      </symbol>
      <symbol id="sm-35a">
         <name>_system_post_cinit</name>
         <value>0x3803</value>
         <object_component_ref idref="oc-124"/>
      </symbol>
      <symbol id="sm-35b">
         <name>diplaySplashOnOLED</name>
         <value>0x2831</value>
         <object_component_ref idref="oc-1f9"/>
      </symbol>
      <symbol id="sm-35c">
         <name>Timer0IntHandler</name>
         <value>0x25e9</value>
         <object_component_ref idref="oc-43"/>
      </symbol>
      <symbol id="sm-35d">
         <name>Timer1IntHandler</name>
         <value>0x34fd</value>
         <object_component_ref idref="oc-49"/>
      </symbol>
      <symbol id="sm-35e">
         <name>__TI_decompress_none</name>
         <value>0x387b</value>
         <object_component_ref idref="oc-18"/>
      </symbol>
      <symbol id="sm-35f">
         <name>_system_pre_init</name>
         <value>0x38ed</value>
         <object_component_ref idref="oc-76"/>
      </symbol>
      <symbol id="sm-39a">
         <name>ResetISR</name>
         <value>0x38dd</value>
         <object_component_ref idref="oc-2b"/>
      </symbol>
      <symbol id="sm-39b">
         <name>g_pfnVectors</name>
         <value>0x0</value>
         <object_component_ref idref="oc-f"/>
      </symbol>
      <symbol id="sm-3ac">
         <name>_c_int00</name>
         <value>0x3089</value>
         <object_component_ref idref="oc-24"/>
      </symbol>
      <symbol id="sm-3ad">
         <name>__stack</name>
         <value>0x20000000</value>
         <object_component_ref idref="oc-2a"/>
      </symbol>
      <symbol id="sm-3ce">
         <name>C$$EXIT</name>
         <value>0x30dd</value>
         <object_component_ref idref="oc-88"/>
      </symbol>
      <symbol id="sm-3cf">
         <name>abort</name>
         <value>0x30e1</value>
         <object_component_ref idref="oc-88"/>
      </symbol>
      <symbol id="sm-3d0">
         <name>exit</name>
         <value>0x30e9</value>
         <object_component_ref idref="oc-88"/>
      </symbol>
      <symbol id="sm-3d1">
         <name>__TI_dtors_ptr</name>
         <value>0x20000454</value>
         <object_component_ref idref="oc-139"/>
      </symbol>
      <symbol id="sm-3d2">
         <name>__TI_cleanup_ptr</name>
         <value>0x20000450</value>
         <object_component_ref idref="oc-139"/>
      </symbol>
      <symbol id="sm-3d3">
         <name>__TI_enable_exit_profile_output</name>
         <value>0x20000458</value>
         <object_component_ref idref="oc-139"/>
      </symbol>
      <symbol id="sm-3ee">
         <name>memcpy</name>
         <value>0x28e5</value>
         <object_component_ref idref="oc-62"/>
      </symbol>
      <symbol id="sm-3ef">
         <name>__aeabi_memcpy</name>
         <value>0x28e5</value>
         <object_component_ref idref="oc-62"/>
      </symbol>
      <symbol id="sm-3f0">
         <name>__aeabi_memcpy8</name>
         <value>0x28e5</value>
         <object_component_ref idref="oc-62"/>
      </symbol>
      <symbol id="sm-3f1">
         <name>__aeabi_memcpy4</name>
         <value>0x28e5</value>
         <object_component_ref idref="oc-62"/>
      </symbol>
      <symbol id="sm-400">
         <name>__aeabi_memset</name>
         <value>0x2c1d</value>
         <object_component_ref idref="oc-6a"/>
      </symbol>
      <symbol id="sm-401">
         <name>memset</name>
         <value>0x2c23</value>
         <object_component_ref idref="oc-6a"/>
      </symbol>
      <symbol id="sm-402">
         <name>__aeabi_memset8</name>
         <value>0x2c1d</value>
         <object_component_ref idref="oc-6a"/>
      </symbol>
      <symbol id="sm-403">
         <name>__aeabi_memset4</name>
         <value>0x2c1d</value>
         <object_component_ref idref="oc-6a"/>
      </symbol>
      <symbol id="sm-404">
         <name>__aeabi_memclr8</name>
         <value>0x2c1b</value>
         <object_component_ref idref="oc-6a"/>
      </symbol>
      <symbol id="sm-405">
         <name>__aeabi_memclr4</name>
         <value>0x2c1b</value>
         <object_component_ref idref="oc-6a"/>
      </symbol>
      <symbol id="sm-406">
         <name>__aeabi_memclr</name>
         <value>0x2c1b</value>
         <object_component_ref idref="oc-6a"/>
      </symbol>
      <symbol id="sm-41a">
         <name>_args_main</name>
         <value>0x3749</value>
         <object_component_ref idref="oc-82"/>
      </symbol>
      <symbol id="sm-43a">
         <name>__TI_auto_init</name>
         <value>0x2c95</value>
         <object_component_ref idref="oc-7c"/>
      </symbol>
      <symbol id="sm-451">
         <name>__aeabi_dsub</name>
         <value>0x1c95</value>
         <object_component_ref idref="oc-316"/>
      </symbol>
      <symbol id="sm-452">
         <name>__aeabi_dadd</name>
         <value>0x1c9f</value>
         <object_component_ref idref="oc-316"/>
      </symbol>
      <symbol id="sm-474">
         <name>__aeabi_cdcmpeq</name>
         <value>0x2a95</value>
         <object_component_ref idref="oc-2f2"/>
      </symbol>
      <symbol id="sm-475">
         <name>__aeabi_cdcmple</name>
         <value>0x2a95</value>
         <object_component_ref idref="oc-2f2"/>
      </symbol>
      <symbol id="sm-476">
         <name>__aeabi_cdrcmple</name>
         <value>0x2b1b</value>
         <object_component_ref idref="oc-301"/>
      </symbol>
      <symbol id="sm-48a">
         <name>__aeabi_ddiv</name>
         <value>0x1f85</value>
         <object_component_ref idref="oc-2fc"/>
      </symbol>
      <symbol id="sm-495">
         <name>__aeabi_dmul</name>
         <value>0x22fd</value>
         <object_component_ref idref="oc-2f7"/>
      </symbol>
      <symbol id="sm-49f">
         <name>__aeabi_d2iz</name>
         <value>0x335b</value>
         <object_component_ref idref="oc-306"/>
      </symbol>
      <symbol id="sm-4a9">
         <name>__aeabi_i2d</name>
         <value>0x3589</value>
         <object_component_ref idref="oc-311"/>
      </symbol>
      <symbol id="sm-4c5">
         <name>__aeabi_uldivmod</name>
         <value>0x1aa1</value>
         <object_component_ref idref="oc-2ed"/>
      </symbol>
      <symbol id="sm-515">
         <name>ADCProcessorTrigger</name>
         <value>0x3701</value>
         <object_component_ref idref="oc-b4"/>
      </symbol>
      <symbol id="sm-516">
         <name>ADCSequenceEnable</name>
         <value>0x3843</value>
         <object_component_ref idref="oc-1d5"/>
      </symbol>
      <symbol id="sm-517">
         <name>ADCSequenceConfigure</name>
         <value>0x3031</value>
         <object_component_ref idref="oc-1c9"/>
      </symbol>
      <symbol id="sm-518">
         <name>ADCSequenceStepConfigure</name>
         <value>0x2ba1</value>
         <object_component_ref idref="oc-1cf"/>
      </symbol>
      <symbol id="sm-519">
         <name>ADCIntClear</name>
         <value>0x38ad</value>
         <object_component_ref idref="oc-a8"/>
      </symbol>
      <symbol id="sm-51a">
         <name>ADCIntStatus</name>
         <value>0x352d</value>
         <object_component_ref idref="oc-a2"/>
      </symbol>
      <symbol id="sm-51b">
         <name>ADCSequenceDisable</name>
         <value>0x3835</value>
         <object_component_ref idref="oc-1c3"/>
      </symbol>
      <symbol id="sm-51c">
         <name>ADCSequenceDataGet</name>
         <value>0x36c5</value>
         <object_component_ref idref="oc-ae"/>
      </symbol>
      <symbol id="sm-528">
         <name>FPULazyStackingEnable</name>
         <value>0x3805</value>
         <object_component_ref idref="oc-181"/>
      </symbol>
      <symbol id="sm-557">
         <name>GPIOPinTypeUART</name>
         <value>0x37df</value>
         <object_component_ref idref="oc-1b7"/>
      </symbol>
      <symbol id="sm-558">
         <name>GPIOPinTypeGPIOOutput</name>
         <value>0x3719</value>
         <object_component_ref idref="oc-1db"/>
      </symbol>
      <symbol id="sm-559">
         <name>GPIODirModeSet</name>
         <value>0x360d</value>
         <object_component_ref idref="oc-27e"/>
      </symbol>
      <symbol id="sm-55a">
         <name>GPIOPinWrite</name>
         <value>0x38d1</value>
         <object_component_ref idref="oc-205"/>
      </symbol>
      <symbol id="sm-55b">
         <name>GPIOPadConfigSet</name>
         <value>0x20bb</value>
         <object_component_ref idref="oc-284"/>
      </symbol>
      <symbol id="sm-594">
         <name>IntEnable</name>
         <value>0x2e41</value>
         <object_component_ref idref="oc-1ed"/>
      </symbol>
      <symbol id="sm-595">
         <name>IntMasterDisable</name>
         <value>0x3815</value>
         <object_component_ref idref="oc-199"/>
      </symbol>
      <symbol id="sm-596">
         <name>IntMasterEnable</name>
         <value>0x3825</value>
         <object_component_ref idref="oc-1e1"/>
      </symbol>
      <symbol id="sm-5f3">
         <name>SysCtlClockSet</name>
         <value>0x24f5</value>
         <object_component_ref idref="oc-187"/>
      </symbol>
      <symbol id="sm-5f4">
         <name>SysCtlDelay</name>
         <value>0x38e3</value>
         <object_component_ref idref="oc-257"/>
      </symbol>
      <symbol id="sm-5f5">
         <name>SysCtlPeripheralEnable</name>
         <value>0x3495</value>
         <object_component_ref idref="oc-1ab"/>
      </symbol>
      <symbol id="sm-5f6">
         <name>SysCtlClockGet</name>
         <value>0x21ed</value>
         <object_component_ref idref="oc-c0"/>
      </symbol>
      <symbol id="sm-5f7">
         <name>SysCtlPeripheralReady</name>
         <value>0x3425</value>
         <object_component_ref idref="oc-1b1"/>
      </symbol>
      <symbol id="sm-635">
         <name>TimerLoadSet</name>
         <value>0x37f1</value>
         <object_component_ref idref="oc-c6"/>
      </symbol>
      <symbol id="sm-636">
         <name>TimerDisable</name>
         <value>0x3731</value>
         <object_component_ref idref="oc-ba"/>
      </symbol>
      <symbol id="sm-637">
         <name>TimerEnable</name>
         <value>0x3851</value>
         <object_component_ref idref="oc-cc"/>
      </symbol>
      <symbol id="sm-638">
         <name>TimerIntEnable</name>
         <value>0x38c9</value>
         <object_component_ref idref="oc-1f3"/>
      </symbol>
      <symbol id="sm-639">
         <name>TimerConfigure</name>
         <value>0x2f75</value>
         <object_component_ref idref="oc-1e7"/>
      </symbol>
      <symbol id="sm-63a">
         <name>TimerIntClear</name>
         <value>0x38e9</value>
         <object_component_ref idref="oc-96"/>
      </symbol>
      <symbol id="sm-674">
         <name>UARTConfigSetExpClk</name>
         <value>0x33a3</value>
         <object_component_ref idref="oc-1bd"/>
      </symbol>
      <symbol id="sm-675">
         <name>UARTDisable</name>
         <value>0x36a5</value>
         <object_component_ref idref="oc-28b"/>
      </symbol>
      <symbol id="sm-676">
         <name>UARTCharsAvail</name>
         <value>0x386d</value>
         <object_component_ref idref="oc-d8"/>
      </symbol>
      <symbol id="sm-677">
         <name>UARTCharGetNonBlocking</name>
         <value>0x385f</value>
         <object_component_ref idref="oc-de"/>
      </symbol>
      <symbol id="sm-678">
         <name>UARTCharPut</name>
         <value>0x38b7</value>
         <object_component_ref idref="oc-2ad"/>
      </symbol>
      <symbol id="sm-679">
         <name>UARTEnable</name>
         <value>0x37a3</value>
         <object_component_ref idref="oc-291"/>
      </symbol>
      <symbol id="sm-68b">
         <name>CPUcpsie</name>
         <value>0x3895</value>
         <object_component_ref idref="oc-29e"/>
      </symbol>
      <symbol id="sm-68c">
         <name>CPUcpsid</name>
         <value>0x3889</value>
         <object_component_ref idref="oc-261"/>
      </symbol>
      <symbol id="sm-6a7">
         <name>GrContextInit</name>
         <value>0x2d71</value>
         <object_component_ref idref="oc-19f"/>
      </symbol>
      <symbol id="sm-6a8">
         <name>g_psDefaultCodePointMapTable</name>
         <value>0x3eb8</value>
         <object_component_ref idref="oc-26e"/>
      </symbol>
      <symbol id="sm-6b6">
         <name>GrRectFill</name>
         <value>0x2a0f</value>
         <object_component_ref idref="oc-146"/>
      </symbol>
      <symbol id="sm-759">
         <name>GrFontInfoGet</name>
         <value>0x3637</value>
         <object_component_ref idref="oc-249"/>
      </symbol>
      <symbol id="sm-75a">
         <name>GrDefaultStringRenderer</name>
         <value>0x26bd</value>
         <object_component_ref idref="oc-268"/>
      </symbol>
      <symbol id="sm-75b">
         <name>GrFontGlyphRender</name>
         <value>0x184d</value>
         <object_component_ref idref="oc-352"/>
      </symbol>
      <symbol id="sm-75c">
         <name>GrContextFontSet</name>
         <value>0x38d7</value>
         <object_component_ref idref="oc-1a5"/>
      </symbol>
      <symbol id="sm-75d">
         <name>GrFontGlyphDataGet</name>
         <value>0x3681</value>
         <object_component_ref idref="oc-243"/>
      </symbol>
      <symbol id="sm-75e">
         <name>GrStringDraw</name>
         <value>0x3777</value>
         <object_component_ref idref="oc-16c"/>
      </symbol>
      <symbol id="sm-75f">
         <name>GrFontCodepageGet</name>
         <value>0x36e3</value>
         <object_component_ref idref="oc-363"/>
      </symbol>
      <symbol id="sm-760">
         <name>GrStringNextCharGet</name>
         <value>0x355b</value>
         <object_component_ref idref="oc-23d"/>
      </symbol>
      <symbol id="sm-761">
         <name>GrStringWidthGet</name>
         <value>0x2dd9</value>
         <object_component_ref idref="oc-160"/>
      </symbol>
      <symbol id="sm-762">
         <name>GrFontBaselineGet</name>
         <value>0x35b7</value>
         <object_component_ref idref="oc-166"/>
      </symbol>
      <symbol id="sm-774">
         <name>g_sFontFixed6x8</name>
         <value>0x3cec</value>
         <object_component_ref idref="oc-211"/>
      </symbol>
      <symbol id="sm-781">
         <name>GrMapISO8859_1_Unicode</name>
         <value>0x38c1</value>
         <object_component_ref idref="oc-359"/>
      </symbol>
      <symbol id="sm-783">
         <name>__TI_static_base__</name>
         <value>0x0</value>
      </symbol>
      <symbol id="sm-786">
         <name>SHT$$INIT_ARRAY$$Limit</name>
         <value>0x0</value>
      </symbol>
      <symbol id="sm-787">
         <name>SHT$$INIT_ARRAY$$Base</name>
         <value>0x0</value>
      </symbol>
   </symbol_table>
   <title>Link successful</title>
</link_info>
