******************************************************************************
                  TI ARM Linker PC v16.9.6                     
******************************************************************************
>> Linked Tue Mar 06 13:25:43 2018

OUTPUT FILE NAME:   <CEC322_Link_Lab06.out>
ENTRY POINT SYMBOL: "_c_int00"  address: 000033bd


MEMORY CONFIGURATION

         name            origin    length      used     unused   attr    fill
----------------------  --------  ---------  --------  --------  ----  --------
  FLASH                 00000000   00040000  000044bc  0003bb44  R  X
  SRAM                  20000000   00008000  000006e8  00007918  RW X


SEGMENT ALLOCATION MAP

run origin  load origin   length   init length attrs members
----------  ----------- ---------- ----------- ----- -------
00000000    00000000    000044c0   000044c0    r-x
  00000000    00000000    0000026c   0000026c    r-- .intvecs
  0000026c    0000026c    00003b44   00003b44    r-x .text
  00003db0    00003db0    0000069c   0000069c    r-- .const
  00004450    00004450    00000070   00000070    r-- .cinit
20000000    20000000    000006e8   00000000    rw-
  20000000    20000000    0000026c   00000000    rw- .vtable
  2000026c    2000026c    00000400   00000000    rw- .stack
  2000066c    2000066c    00000044   00000000    rw- .data
  200006b0    200006b0    00000038   00000000    rw- .bss


SECTION ALLOCATION MAP

 output                                  attributes/
section   page    origin      length       input sections
--------  ----  ----------  ----------   ----------------
.intvecs   0    00000000    0000026c     
                  00000000    0000026c     startup_ccs.obj (.intvecs)

.text      0    0000026c    00003b44     
                  0000026c    0000113e     rtsv7M4_T_le_v4SPD16_eabi.lib : _printfi.obj (.text)
                  000013aa    00000254     grlib.lib : string.obj (.text:GrFontGlyphRender)
                  000015fe    000001f4     rtsv7M4_T_le_v4SPD16_eabi.lib : ull_div_t2.obj (.text)
                  000017f2    000001be     cfal96x64x16.obj (.text:CFAL96x64x16PixelDrawMultiple)
                  000019b0    000001b8     cfal96x64x16.obj (.text:CFAL96x64x16Init)
                  00001b68    000001b6     rtsv7M4_T_le_v4SPD16_eabi.lib : fd_add_t2.obj (.text)
                  00001d1e    00000002     startup_ccs.obj (.text:FaultISR)
                  00001d20    00000158     Lab6_Motor.obj (.text:main)
                  00001e78    00000144     Lab6_Motor.obj (.text:stepperMotorTimer)
                  00001fbc    00000136     rtsv7M4_T_le_v4SPD16_eabi.lib : fd_div_t2.obj (.text)
                  000020f2    00000132     driverlib.lib : gpio.obj (.text:GPIOPadConfigSet)
                  00002224    00000110                   : sysctl.obj (.text:SysCtlClockGet)
                  00002334    000000fc     rtsv7M4_T_le_v4SPD16_eabi.lib : fd_mul_t2.obj (.text)
                  00002430    000000fc                                   : s_scalbn.obj (.text)
                  0000252c    000000f4     driverlib.lib : sysctl.obj (.text:SysCtlClockSet)
                  00002620    000000e8     displays.obj (.text:displayInfoOnBoard)
                  00002708    000000d8     cfal96x64x16.obj (.text:CFAL96x64x16LineDrawV)
                  000027e0    000000d4     displays.obj (.text:diplaySplashOnOLED)
                  000028b4    000000c0     grlib.lib : string.obj (.text:GrDefaultStringRenderer)
                  00002974    000000bc     personalTimers.obj (.text:setupTimers)
                  00002a30    000000b8     cfal96x64x16.obj (.text:CFAL96x64x16LineDrawH)
                  00002ae8    0000009c     rtsv7M4_T_le_v4SPD16_eabi.lib : memcpy_t2.obj (.text)
                  00002b84    00000098     personalUART.obj (.text:printMainMenu)
                  00002c1c    00000086     grlib.lib : rectangle.obj (.text:GrRectFill)
                  00002ca2    00000086     rtsv7M4_T_le_v4SPD16_eabi.lib : fd_cmp_t2.obj (.text:__aeabi_cdcmple)
                  00002d28    00000086                                   : fd_cmp_t2.obj (.text:__aeabi_cdrcmple)
                  00002dae    0000007a     driverlib.lib : adc.obj (.text:ADCSequenceStepConfigure)
                  00002e28    0000007a     rtsv7M4_T_le_v4SPD16_eabi.lib : memset_t2.obj (.text)
                  00002ea2    00000002     startup_ccs.obj (.text:IntDefaultHandler)
                  00002ea4    00000070     rtsv7M4_T_le_v4SPD16_eabi.lib : autoinit.obj (.text)
                  00002f14    00000070     personalUART.obj (.text:setupUART)
                  00002f84    00000068     grlib.lib : context.obj (.text:GrContextInit)
                  00002fec    00000068               : string.obj (.text:GrStringWidthGet)
                  00003054    00000068     driverlib.lib : interrupt.obj (.text:IntEnable)
                  000030bc    00000068     rtsv7M4_T_le_v4SPD16_eabi.lib : copy_decompress_lzss.obj (.text:decompress:lzss)
                  00003124    00000064                                   : s_frexp.obj (.text)
                  00003188    00000060     cfal96x64x16.obj (.text:CFAL96x64x16WriteCommand)
                  000031e8    00000060     cfal96x64x16.obj (.text:CFAL96x64x16WriteData)
                  00003248    00000060     driverlib.lib : timer.obj (.text:TimerConfigure)
                  000032a8    00000060     rtsv7M4_T_le_v4SPD16_eabi.lib : sprintf.obj (.text)
                  00003308    0000005a     grlib.lib : string.obj (.text:FontWideGlyphDataGet)
                  00003362    00000002     startup_ccs.obj (.text:NmiSR)
                  00003364    00000058     driverlib.lib : adc.obj (.text:ADCSequenceConfigure)
                  000033bc    00000054     rtsv7M4_T_le_v4SPD16_eabi.lib : boot.obj (.text)
                  00003410    00000054                                   : exit.obj (.text)
                  00003464    00000054                                   : ltoa.obj (.text)
                  000034b8    0000004e     cfal96x64x16.obj (.text:CFAL96x64x16PixelDraw)
                  00003506    00000002     rtsv7M4_T_le_v4SPD16_eabi.lib : mpu_init.obj (.text)
                  00003508    0000004c     driverlib.lib : timer.obj (.text:_TimerIntNumberGet)
                  00003554    0000004c     displays.obj (.text:clearBlack)
                  000035a0    0000004c     rtsv7M4_T_le_v4SPD16_eabi.lib : atoi.obj (.text)
                  000035ec    0000004c                                   : cpy_tbl.obj (.text)
                  00003638    0000004c     personalADC.obj (.text:setupADC)
                  00003684    0000004a     grlib.lib : string.obj (.text:UpdateContextCharMapping)
                  000036ce    00000002     rtsv7M4_T_le_v4SPD16_eabi.lib : startup.obj (.text)
                  000036d0    00000048     Lab6_Motor.obj (.text:oneSecondTimer)
                  00003718    00000048     rtsv7M4_T_le_v4SPD16_eabi.lib : fd_toi_t2.obj (.text)
                  00003760    00000046     driverlib.lib : uart.obj (.text:UARTConfigSetExpClk)
                  000037a6    00000044     cfal96x64x16.obj (.text:CFAL96x64x16RectFill)
                  000037ea    00000002     --HOLE-- [fill = 0]
                  000037ec    0000003c     Lab6_Motor.obj (.text:IntUART0)
                  00003828    0000003a     grlib.lib : string.obj (.text:FontGlyphDataGet)
                  00003862    00000002     --HOLE-- [fill = 0]
                  00003864    00000038     driverlib.lib : sysctl.obj (.text:SysCtlPeripheralReady)
                  0000389c    00000034                   : interrupt.obj (.text:IntRegister)
                  000038d0    00000034                   : sysctl.obj (.text:SysCtlPeripheralEnable)
                  00003904    00000034     personalADC.obj (.text:readADCData)
                  00003938    00000030     personalUART.obj (.text:UARTSend)
                  00003968    0000002e     driverlib.lib : adc.obj (.text:ADCIntStatus)
                  00003996    0000002e     grlib.lib : string.obj (.text:GrStringNextCharGet)
                  000039c4    0000002e     rtsv7M4_T_le_v4SPD16_eabi.lib : i_tofd_t2.obj (.text)
                  000039f2    0000002c     grlib.lib : string.obj (.text:GrFontBaselineGet)
                  00003a1e    0000002a     driverlib.lib : gpio.obj (.text:GPIODirModeSet)
                  00003a48    00000028     cfal96x64x16.obj (.text:CFAL96x64x16ColorTranslate)
                  00003a70    00000026     grlib.lib : string.obj (.text:GrFontInfoGet)
                  00003a96    00000002     --HOLE-- [fill = 0]
                  00003a98    00000024     LED.obj (.text:setupLED)
                  00003abc    00000024     stepperMotor.obj (.text:setupStepperMotor)
                  00003ae0    00000022     grlib.lib : string.obj (.text:GrFontGlyphDataGet)
                  00003b02    00000002     --HOLE-- [fill = 0]
                  00003b04    00000020     driverlib.lib : uart.obj (.text:UARTDisable)
                  00003b24    0000001e                   : adc.obj (.text:ADCSequenceDataGet)
                  00003b42    0000001e     grlib.lib : string.obj (.text:GrFontCodepageGet)
                  00003b60    0000001c     rtsv7M4_T_le_v4SPD16_eabi.lib : memccpy.obj (.text)
                  00003b7c    00000018     driverlib.lib : adc.obj (.text:ADCProcessorTrigger)
                  00003b94    00000018                   : gpio.obj (.text:GPIOPinTypeGPIOOutput)
                  00003bac    00000018                   : timer.obj (.text:TimerDisable)
                  00003bc4    00000018                   : timer.obj (.text:TimerIntRegister)
                  00003bdc    00000018     rtsv7M4_T_le_v4SPD16_eabi.lib : args_main.obj (.text)
                  00003bf4    00000016     grlib.lib : string.obj (.text:GrStringDraw)
                  00003c0a    00000016     rtsv7M4_T_le_v4SPD16_eabi.lib : strchr.obj (.text)
                  00003c20    00000014     driverlib.lib : uart.obj (.text:UARTEnable)
                  00003c34    00000014     rtsv7M4_T_le_v4SPD16_eabi.lib : _lock.obj (.text)
                  00003c48    00000014                                   : s_copysign.obj (.text)
                  00003c5c    00000014                                   : strlen.obj (.text)
                  00003c70    00000012     driverlib.lib : gpio.obj (.text:GPIOPinTypeUART)
                  00003c82    00000012                   : timer.obj (.text:TimerLoadSet)
                  00003c94    00000010                   : fpu.obj (.text:FPULazyStackingEnable)
                  00003ca4    00000010                   : interrupt.obj (.text:IntMasterDisable)
                  00003cb4    00000010                   : interrupt.obj (.text:IntMasterEnable)
                  00003cc4    00000010     rtsv7M4_T_le_v4SPD16_eabi.lib : tolower.obj (.text)
                  00003cd4    0000000e     driverlib.lib : adc.obj (.text:ADCSequenceDisable)
                  00003ce2    0000000e                   : adc.obj (.text:ADCSequenceEnable)
                  00003cf0    0000000e                   : timer.obj (.text:TimerEnable)
                  00003cfe    0000000e                   : uart.obj (.text:UARTCharGetNonBlocking)
                  00003d0c    0000000e                   : uart.obj (.text:UARTCharsAvail)
                  00003d1a    0000000e     rtsv7M4_T_le_v4SPD16_eabi.lib : copy_decompress_none.obj (.text:decompress:none)
                  00003d28    0000000c     driverlib.lib : cpu.obj (.text:CPUcpsid)
                  00003d34    0000000c                   : cpu.obj (.text:CPUcpsie)
                  00003d40    0000000c     rtsv7M4_T_le_v4SPD16_eabi.lib : copy_zero_init.obj (.text:decompress:ZI)
                  00003d4c    0000000a     driverlib.lib : adc.obj (.text:ADCIntClear)
                  00003d56    0000000a     cfal96x64x16.obj (.text:CFAL96x64x16Flush)
                  00003d60    0000000a     driverlib.lib : uart.obj (.text:UARTCharPut)
                  00003d6a    0000000a                   : uart.obj (.text:UARTIntStatus)
                  00003d74    00000008     grlib.lib : charmap.obj (.text:GrMapISO8859_1_Unicode)
                  00003d7c    00000008     driverlib.lib : timer.obj (.text:TimerIntEnable)
                  00003d84    00000008                   : uart.obj (.text:UARTIntEnable)
                  00003d8c    00000006                   : gpio.obj (.text:GPIOPinWrite)
                  00003d92    00000006     grlib.lib : string.obj (.text:GrContextFontSet)
                  00003d98    00000006     startup_ccs.obj (.text:ResetISR)
                  00003d9e    00000006     driverlib.lib : sysctl.obj (.text:SysCtlDelay)
                  00003da4    00000004                   : timer.obj (.text:TimerIntClear)
                  00003da8    00000004                   : uart.obj (.text:UARTIntClear)
                  00003dac    00000004     rtsv7M4_T_le_v4SPD16_eabi.lib : pre_init.obj (.text)

.const     0    00003db0    0000069c     
                  00003db0    000002f8     grlib.lib : fontfixed6x8.obj (.const:.string:g_pui8FontFixed6x8Data)
                  000040a8    00000101     rtsv7M4_T_le_v4SPD16_eabi.lib : ctype.obj (.const:.string:_ctypes_)
                  000041a9    00000003     --HOLE-- [fill = 0]
                  000041ac    000000c8     grlib.lib : fontfixed6x8.obj (.const:g_sFontFixed6x8)
                  00004274    00000070     driverlib.lib : interrupt.obj (.const)
                  000042e4    0000006c                   : sysctl.obj (.const:g_pui32Xtals)
                  00004350    00000060                   : timer.obj (.const:g_ppui32TimerIntMap)
                  000043b0    00000040                   : timer.obj (.const:g_ppui32TimerIntMapSnowflake)
                  000043f0    00000028     cfal96x64x16.obj (.const:g_sCFAL96x64x16)
                  00004418    00000024     Lab6_Motor.obj (.const:coilStates)
                  0000443c    00000010     grlib.lib : context.obj (.const)

.cinit     0    00004450    00000070     
                  00004450    00000035     (.cinit..data.load) [load image, compression = lzss]
                  00004485    00000003     --HOLE-- [fill = 0]
                  00004488    0000000c     (__TI_handler_table)
                  00004494    00000004     --HOLE-- [fill = 0]
                  00004498    00000008     (.cinit..bss.load) [load image, compression = zero_init]
                  000044a0    00000008     (.cinit..vtable.load) [load image, compression = zero_init]
                  000044a8    00000018     (__TI_cinit_table)

.init_array 
*          0    00000000    00000000     UNINITIALIZED

.vtable    0    20000000    0000026c     UNINITIALIZED
                  20000000    0000026c     driverlib.lib : interrupt.obj (.vtable)

.stack     0    2000026c    00000400     UNINITIALIZED
                  2000026c    00000400     --HOLE--

.data      0    2000066c    00000044     UNINITIALIZED
                  2000066c    00000015     Lab6_Motor.obj (.data)
                  20000681    00000013     cfal96x64x16.obj (.data:g_ui8DisplayInitCommands)
                  20000694    0000000c     rtsv7M4_T_le_v4SPD16_eabi.lib : exit.obj (.data:$O1$$)
                  200006a0    00000008                                   : _lock.obj (.data:$O1$$)
                  200006a8    00000004                                   : errno.obj (.data)
                  200006ac    00000004                                   : stkdepth_vars.obj (.data)

.bss       0    200006b0    00000038     UNINITIALIZED
                  200006b0    0000002c     (.common:sContext)
                  200006dc    00000004     Lab6_Motor.obj (.bss:ADCHome$4)
                  200006e0    00000004     Lab6_Motor.obj (.bss)
                  200006e4    00000004     (.common:g_psGrLibDefaults)

MODULE SUMMARY

       Module                     code    ro data   rw data
       ------                     ----    -------   -------
    .\
       Lab6_Motor.obj             800     36        73     
       startup_ccs.obj            12      620       0      
    +--+--------------------------+-------+---------+---------+
       Total:                     812     656       73     
                                                           
    .\drivers\
       cfal96x64x16.obj           1674    40        19     
    +--+--------------------------+-------+---------+---------+
       Total:                     1674    40        19     
                                                           
    .\drivers\ADC\
       personalADC.obj            128     0         0      
    +--+--------------------------+-------+---------+---------+
       Total:                     128     0         0      
                                                           
    .\drivers\LED\
       LED.obj                    36      0         0      
    +--+--------------------------+-------+---------+---------+
       Total:                     36      0         0      
                                                           
    .\drivers\OLED\
       displays.obj               520     0         0      
    +--+--------------------------+-------+---------+---------+
       Total:                     520     0         0      
                                                           
    .\drivers\Timers\
       personalTimers.obj         188     0         0      
    +--+--------------------------+-------+---------+---------+
       Total:                     188     0         0      
                                                           
    .\drivers\UART\
       personalUART.obj           312     0         0      
    +--+--------------------------+-------+---------+---------+
       Total:                     312     0         0      
                                                           
    .\drivers\stepperMotor\
       stepperMotor.obj           36      0         0      
    +--+--------------------------+-------+---------+---------+
       Total:                     36      0         0      
                                                           
    C:/ti/TivaWare_C_Series-2.1.3.156/driverlib/ccs/Debug/driverlib.lib
       interrupt.obj              188     112       620    
       sysctl.obj                 630     108       0      
       timer.obj                  264     160       0      
       gpio.obj                   396     0         0      
       adc.obj                    348     0         0      
       uart.obj                   182     0         0      
       cpu.obj                    24      0         0      
       fpu.obj                    16      0         0      
    +--+--------------------------+-------+---------+---------+
       Total:                     2048    380       620    
                                                           
    C:/ti/TivaWare_C_Series-2.1.3.156/grlib/ccs/Debug/grlib.lib
       string.obj                 1334    0         0      
       fontfixed6x8.obj           0       960       0      
       rectangle.obj              134     0         0      
       context.obj                104     16        4      
       charmap.obj                8       0         0      
    +--+--------------------------+-------+---------+---------+
       Total:                     1580    976       4      
                                                           
    C:\ti\ccsv7\tools\compiler\ti-cgt-arm_16.9.6.LTS\lib\rtsv7M4_T_le_v4SPD16_eabi.lib
       _printfi.obj               4414    0         0      
       ull_div_t2.obj             500     0         0      
       fd_add_t2.obj              438     0         0      
       fd_div_t2.obj              310     0         0      
       fd_cmp_t2.obj              268     0         0      
       ctype.obj                  0       257       0      
       fd_mul_t2.obj              252     0         0      
       s_scalbn.obj               252     0         0      
       memcpy_t2.obj              156     0         0      
       memset_t2.obj              122     0         0      
       autoinit.obj               112     0         0      
       copy_decompress_lzss.obj   104     0         0      
       s_frexp.obj                100     0         0      
       exit.obj                   84      0         12     
       sprintf.obj                96      0         0      
       boot.obj                   84      0         0      
       ltoa.obj                   84      0         0      
       atoi.obj                   76      0         0      
       cpy_tbl.obj                76      0         0      
       fd_toi_t2.obj              72      0         0      
       i_tofd_t2.obj              46      0         0      
       _lock.obj                  20      0         8      
       memccpy.obj                28      0         0      
       args_main.obj              24      0         0      
       strchr.obj                 22      0         0      
       s_copysign.obj             20      0         0      
       strlen.obj                 20      0         0      
       tolower.obj                16      0         0      
       copy_decompress_none.obj   14      0         0      
       copy_zero_init.obj         12      0         0      
       errno.obj                  0       0         4      
       pre_init.obj               4       0         0      
       stkdepth_vars.obj          0       0         4      
       mpu_init.obj               2       0         0      
       startup.obj                2       0         0      
    +--+--------------------------+-------+---------+---------+
       Total:                     7830    257       28     
                                                           
       Stack:                     0       0         1024   
       Linker Generated:          0       105       0      
    +--+--------------------------+-------+---------+---------+
       Grand Total:               15164   2414      1768   


LINKER GENERATED COPY TABLES

__TI_cinit_table @ 000044a8 records: 3, size/record: 8, table size: 24
	.data: load addr=00004450, load size=00000035 bytes, run addr=2000066c, run size=00000044 bytes, compression=lzss
	.bss: load addr=00004498, load size=00000008 bytes, run addr=200006b0, run size=00000038 bytes, compression=zero_init
	.vtable: load addr=000044a0, load size=00000008 bytes, run addr=20000000, run size=0000026c bytes, compression=zero_init


LINKER GENERATED HANDLER TABLE

__TI_handler_table @ 00004488 records: 3, size/record: 4, table size: 12
	index: 0, handler: __TI_zero_init
	index: 1, handler: __TI_decompress_lzss
	index: 2, handler: __TI_decompress_none


GLOBAL SYMBOLS: SORTED ALPHABETICALLY BY Name 

address   name                           
-------   ----                           
00003d4d  ADCIntClear                    
00003969  ADCIntStatus                   
00003b7d  ADCProcessorTrigger            
00003365  ADCSequenceConfigure           
00003b25  ADCSequenceDataGet             
00003cd5  ADCSequenceDisable             
00003ce3  ADCSequenceEnable              
00002daf  ADCSequenceStepConfigure       
00003411  C$$EXIT                        
000019b1  CFAL96x64x16Init               
00003d29  CPUcpsid                       
00003d35  CPUcpsie                       
00003c95  FPULazyStackingEnable          
00003a1f  GPIODirModeSet                 
000020f3  GPIOPadConfigSet               
00003b95  GPIOPinTypeGPIOOutput          
00003c71  GPIOPinTypeUART                
00003d8d  GPIOPinWrite                   
00003d93  GrContextFontSet               
00002f85  GrContextInit                  
000028b5  GrDefaultStringRenderer        
000039f3  GrFontBaselineGet              
00003b43  GrFontCodepageGet              
00003ae1  GrFontGlyphDataGet             
000013ab  GrFontGlyphRender              
00003a71  GrFontInfoGet                  
00003d75  GrMapISO8859_1_Unicode         
00002c1d  GrRectFill                     
00003bf5  GrStringDraw                   
00003997  GrStringNextCharGet            
00002fed  GrStringWidthGet               
00003055  IntEnable                      
00003ca5  IntMasterDisable               
00003cb5  IntMasterEnable                
0000389d  IntRegister                    
000037ed  IntUART0                       
00003d99  ResetISR                       
UNDEFED   SHT$$INIT_ARRAY$$Base          
UNDEFED   SHT$$INIT_ARRAY$$Limit         
00002225  SysCtlClockGet                 
0000252d  SysCtlClockSet                 
00003d9f  SysCtlDelay                    
000038d1  SysCtlPeripheralEnable         
00003865  SysCtlPeripheralReady          
00003249  TimerConfigure                 
00003bad  TimerDisable                   
00003cf1  TimerEnable                    
00003da5  TimerIntClear                  
00003d7d  TimerIntEnable                 
00003bc5  TimerIntRegister               
00003c83  TimerLoadSet                   
00003cff  UARTCharGetNonBlocking         
00003d61  UARTCharPut                    
00003d0d  UARTCharsAvail                 
00003761  UARTConfigSetExpClk            
00003b05  UARTDisable                    
00003c21  UARTEnable                     
00003da9  UARTIntClear                   
00003d85  UARTIntEnable                  
00003d6b  UARTIntStatus                  
00003939  UARTSend                       
2000066c  __STACK_END                    
00000400  __STACK_SIZE                   
2000066c  __STACK_TOP                    
000044a8  __TI_CINIT_Base                
000044c0  __TI_CINIT_Limit               
00004488  __TI_Handler_Table_Base        
00004494  __TI_Handler_Table_Limit       
00002ea5  __TI_auto_init                 
20000694  __TI_cleanup_ptr               
000030bd  __TI_decompress_lzss           
00003d1b  __TI_decompress_none           
20000698  __TI_dtors_ptr                 
2000069c  __TI_enable_exit_profile_output
ffffffff  __TI_pprof_out_hndl            
00000ab1  __TI_printfi                   
ffffffff  __TI_prof_data_size            
ffffffff  __TI_prof_data_start           
00000000  __TI_static_base__             
00003d41  __TI_zero_init                 
00002ca3  __aeabi_cdcmpeq                
00002ca3  __aeabi_cdcmple                
00002d29  __aeabi_cdrcmple               
00003719  __aeabi_d2iz                   
00001b73  __aeabi_dadd                   
00001fbd  __aeabi_ddiv                   
00002335  __aeabi_dmul                   
00001b69  __aeabi_dsub                   
000039c5  __aeabi_i2d                    
00002e29  __aeabi_memclr                 
00002e29  __aeabi_memclr4                
00002e29  __aeabi_memclr8                
00002ae9  __aeabi_memcpy                 
00002ae9  __aeabi_memcpy4                
00002ae9  __aeabi_memcpy8                
00002e2b  __aeabi_memset                 
00002e2b  __aeabi_memset4                
00002e2b  __aeabi_memset8                
000015ff  __aeabi_uldivmod               
ffffffff  __binit__                      
ffffffff  __c_args__                     
00003507  __mpu_init                     
2000026c  __stack                        
00003bdd  _args_main                     
000033bd  _c_int00                       
000040a8  _ctypes_                       
200006a0  _lock                          
00003c43  _nop                           
00003c3b  _register_lock                 
00003c35  _register_unlock               
000036cf  _system_post_cinit             
00003dad  _system_pre_init               
200006a4  _unlock                        
00003415  abort                          
000035a1  atoi                           
ffffffff  binit                          
00003555  clearBlack                     
00004418  coilStates                     
000035ed  copy_in                        
00003c49  copysign                       
00003c49  copysignl                      
000027e1  diplaySplashOnOLED             
00002621  displayInfoOnBoard             
200006a8  errno                          
0000341d  exit                           
00003125  frexp                          
00003125  frexpl                         
20000000  g_pfnRAMVectors                
00000000  g_pfnVectors                   
0000443c  g_psDefaultCodePointMapTable   
000043f0  g_sCFAL96x64x16                
000041ac  g_sFontFixed6x8                
00002431  ldexp                          
00002431  ldexpl                         
00003465  ltoa                           
00001d21  main                           
200006ac  main_func_sp                   
00003b61  memccpy                        
00002ae9  memcpy                         
00002e31  memset                         
2000066c  menuSelection                  
20000674  motorState                     
000036d1  oneSecondTimer                 
00002b85  printMainMenu                  
00003905  readADCData                    
20000670  revolutionsPerMin              
200006b0  sContext                       
00002431  scalbn                         
00002431  scalbnl                        
00003639  setupADC                       
00003a99  setupLED                       
00003abd  setupStepperMotor              
00002975  setupTimers                    
00002f15  setupUART                      
000032a9  sprintf                        
00001e79  stepperMotorTimer              
00003c0b  strchr                         
00003c5d  strlen                         
20000678  timerCount                     
00003cc5  tolower                        


GLOBAL SYMBOLS: SORTED BY Symbol Address 

address   name                           
-------   ----                           
00000000  __TI_static_base__             
00000000  g_pfnVectors                   
00000400  __STACK_SIZE                   
00000ab1  __TI_printfi                   
000013ab  GrFontGlyphRender              
000015ff  __aeabi_uldivmod               
000019b1  CFAL96x64x16Init               
00001b69  __aeabi_dsub                   
00001b73  __aeabi_dadd                   
00001d21  main                           
00001e79  stepperMotorTimer              
00001fbd  __aeabi_ddiv                   
000020f3  GPIOPadConfigSet               
00002225  SysCtlClockGet                 
00002335  __aeabi_dmul                   
00002431  ldexp                          
00002431  ldexpl                         
00002431  scalbn                         
00002431  scalbnl                        
0000252d  SysCtlClockSet                 
00002621  displayInfoOnBoard             
000027e1  diplaySplashOnOLED             
000028b5  GrDefaultStringRenderer        
00002975  setupTimers                    
00002ae9  __aeabi_memcpy                 
00002ae9  __aeabi_memcpy4                
00002ae9  __aeabi_memcpy8                
00002ae9  memcpy                         
00002b85  printMainMenu                  
00002c1d  GrRectFill                     
00002ca3  __aeabi_cdcmpeq                
00002ca3  __aeabi_cdcmple                
00002d29  __aeabi_cdrcmple               
00002daf  ADCSequenceStepConfigure       
00002e29  __aeabi_memclr                 
00002e29  __aeabi_memclr4                
00002e29  __aeabi_memclr8                
00002e2b  __aeabi_memset                 
00002e2b  __aeabi_memset4                
00002e2b  __aeabi_memset8                
00002e31  memset                         
00002ea5  __TI_auto_init                 
00002f15  setupUART                      
00002f85  GrContextInit                  
00002fed  GrStringWidthGet               
00003055  IntEnable                      
000030bd  __TI_decompress_lzss           
00003125  frexp                          
00003125  frexpl                         
00003249  TimerConfigure                 
000032a9  sprintf                        
00003365  ADCSequenceConfigure           
000033bd  _c_int00                       
00003411  C$$EXIT                        
00003415  abort                          
0000341d  exit                           
00003465  ltoa                           
00003507  __mpu_init                     
00003555  clearBlack                     
000035a1  atoi                           
000035ed  copy_in                        
00003639  setupADC                       
000036cf  _system_post_cinit             
000036d1  oneSecondTimer                 
00003719  __aeabi_d2iz                   
00003761  UARTConfigSetExpClk            
000037ed  IntUART0                       
00003865  SysCtlPeripheralReady          
0000389d  IntRegister                    
000038d1  SysCtlPeripheralEnable         
00003905  readADCData                    
00003939  UARTSend                       
00003969  ADCIntStatus                   
00003997  GrStringNextCharGet            
000039c5  __aeabi_i2d                    
000039f3  GrFontBaselineGet              
00003a1f  GPIODirModeSet                 
00003a71  GrFontInfoGet                  
00003a99  setupLED                       
00003abd  setupStepperMotor              
00003ae1  GrFontGlyphDataGet             
00003b05  UARTDisable                    
00003b25  ADCSequenceDataGet             
00003b43  GrFontCodepageGet              
00003b61  memccpy                        
00003b7d  ADCProcessorTrigger            
00003b95  GPIOPinTypeGPIOOutput          
00003bad  TimerDisable                   
00003bc5  TimerIntRegister               
00003bdd  _args_main                     
00003bf5  GrStringDraw                   
00003c0b  strchr                         
00003c21  UARTEnable                     
00003c35  _register_unlock               
00003c3b  _register_lock                 
00003c43  _nop                           
00003c49  copysign                       
00003c49  copysignl                      
00003c5d  strlen                         
00003c71  GPIOPinTypeUART                
00003c83  TimerLoadSet                   
00003c95  FPULazyStackingEnable          
00003ca5  IntMasterDisable               
00003cb5  IntMasterEnable                
00003cc5  tolower                        
00003cd5  ADCSequenceDisable             
00003ce3  ADCSequenceEnable              
00003cf1  TimerEnable                    
00003cff  UARTCharGetNonBlocking         
00003d0d  UARTCharsAvail                 
00003d1b  __TI_decompress_none           
00003d29  CPUcpsid                       
00003d35  CPUcpsie                       
00003d41  __TI_zero_init                 
00003d4d  ADCIntClear                    
00003d61  UARTCharPut                    
00003d6b  UARTIntStatus                  
00003d75  GrMapISO8859_1_Unicode         
00003d7d  TimerIntEnable                 
00003d85  UARTIntEnable                  
00003d8d  GPIOPinWrite                   
00003d93  GrContextFontSet               
00003d99  ResetISR                       
00003d9f  SysCtlDelay                    
00003da5  TimerIntClear                  
00003da9  UARTIntClear                   
00003dad  _system_pre_init               
000040a8  _ctypes_                       
000041ac  g_sFontFixed6x8                
000043f0  g_sCFAL96x64x16                
00004418  coilStates                     
0000443c  g_psDefaultCodePointMapTable   
00004488  __TI_Handler_Table_Base        
00004494  __TI_Handler_Table_Limit       
000044a8  __TI_CINIT_Base                
000044c0  __TI_CINIT_Limit               
20000000  g_pfnRAMVectors                
2000026c  __stack                        
2000066c  __STACK_END                    
2000066c  __STACK_TOP                    
2000066c  menuSelection                  
20000670  revolutionsPerMin              
20000674  motorState                     
20000678  timerCount                     
20000694  __TI_cleanup_ptr               
20000698  __TI_dtors_ptr                 
2000069c  __TI_enable_exit_profile_output
200006a0  _lock                          
200006a4  _unlock                        
200006a8  errno                          
200006ac  main_func_sp                   
200006b0  sContext                       
ffffffff  __TI_pprof_out_hndl            
ffffffff  __TI_prof_data_size            
ffffffff  __TI_prof_data_start           
ffffffff  __binit__                      
ffffffff  __c_args__                     
ffffffff  binit                          
UNDEFED   SHT$$INIT_ARRAY$$Base          
UNDEFED   SHT$$INIT_ARRAY$$Limit         

[160 symbols]
