******************************************************************************
                  TI ARM Linker PC v16.9.6                     
******************************************************************************
>> Linked Sat Mar 03 14:57:53 2018

OUTPUT FILE NAME:   <CEC322_Link_Lab06.out>
ENTRY POINT SYMBOL: "_c_int00"  address: 000031c5


MEMORY CONFIGURATION

         name            origin    length      used     unused   attr    fill
----------------------  --------  ---------  --------  --------  ----  --------
  FLASH                 00000000   00040000  0000418e  0003be72  R  X
  SRAM                  20000000   00008000  000006d8  00007928  RW X


SEGMENT ALLOCATION MAP

run origin  load origin   length   init length attrs members
----------  ----------- ---------- ----------- ----- -------
00000000    00000000    00004190   00004190    r-x
  00000000    00000000    0000026c   0000026c    r-- .intvecs
  0000026c    0000026c    00003826   00003826    r-x .text
  00003a94    00003a94    0000069c   0000069c    r-- .const
  00004130    00004130    00000060   00000060    r-- .cinit
20000000    20000000    000006d8   00000000    rw-
  20000000    20000000    0000026c   00000000    rw- .vtable
  2000026c    2000026c    00000400   00000000    rw- .stack
  2000066c    2000066c    0000003c   00000000    rw- .data
  200006a8    200006a8    00000030   00000000    rw- .bss


SECTION ALLOCATION MAP

 output                                  attributes/
section   page    origin      length       input sections
--------  ----  ----------  ----------   ----------------
.intvecs   0    00000000    0000026c     
                  00000000    0000026c     startup_ccs.obj (.intvecs)

.text      0    0000026c    00003826     
                  0000026c    0000113e     rtsv7M4_T_le_v4SPD16_eabi.lib : _printfi.obj (.text)
                  000013aa    00000254     grlib.lib : string.obj (.text:GrFontGlyphRender)
                  000015fe    000001f4     rtsv7M4_T_le_v4SPD16_eabi.lib : ull_div_t2.obj (.text)
                  000017f2    000001be     cfal96x64x16.obj (.text:CFAL96x64x16PixelDrawMultiple)
                  000019b0    000001b8     cfal96x64x16.obj (.text:CFAL96x64x16Init)
                  00001b68    000001b6     rtsv7M4_T_le_v4SPD16_eabi.lib : fd_add_t2.obj (.text)
                  00001d1e    00000136                                   : fd_div_t2.obj (.text)
                  00001e54    00000132     driverlib.lib : gpio.obj (.text:GPIOPadConfigSet)
                  00001f86    00000002     startup_ccs.obj (.text:FaultISR)
                  00001f88    00000110     driverlib.lib : sysctl.obj (.text:SysCtlClockGet)
                  00002098    000000fc     rtsv7M4_T_le_v4SPD16_eabi.lib : fd_mul_t2.obj (.text)
                  00002194    000000fc                                   : s_scalbn.obj (.text)
                  00002290    000000f4     driverlib.lib : sysctl.obj (.text:SysCtlClockSet)
                  00002384    000000f0     Lab6_Motor.obj (.text:main)
                  00002474    000000e8     displays.obj (.text:displayInfoOnBoard)
                  0000255c    000000d8     cfal96x64x16.obj (.text:CFAL96x64x16LineDrawV)
                  00002634    000000d8     displays.obj (.text:diplaySplashOnOLED)
                  0000270c    000000c0     grlib.lib : string.obj (.text:GrDefaultStringRenderer)
                  000027cc    000000bc     personalTimers.obj (.text:setupTimers)
                  00002888    000000b8     cfal96x64x16.obj (.text:CFAL96x64x16LineDrawH)
                  00002940    0000009c     rtsv7M4_T_le_v4SPD16_eabi.lib : memcpy_t2.obj (.text)
                  000029dc    00000098     personalUART.obj (.text:printMainMenu)
                  00002a74    00000086     grlib.lib : rectangle.obj (.text:GrRectFill)
                  00002afa    00000086     rtsv7M4_T_le_v4SPD16_eabi.lib : fd_cmp_t2.obj (.text:__aeabi_cdcmple)
                  00002b80    00000086                                   : fd_cmp_t2.obj (.text:__aeabi_cdrcmple)
                  00002c06    00000002     startup_ccs.obj (.text:IntDefaultHandler)
                  00002c08    00000080     Lab6_Motor.obj (.text:stepperMotorTimer)
                  00002c88    0000007a     rtsv7M4_T_le_v4SPD16_eabi.lib : memset_t2.obj (.text)
                  00002d02    00000002     startup_ccs.obj (.text:NmiSR)
                  00002d04    00000070     rtsv7M4_T_le_v4SPD16_eabi.lib : autoinit.obj (.text)
                  00002d74    00000070     personalUART.obj (.text:setupUART)
                  00002de4    00000068     grlib.lib : context.obj (.text:GrContextInit)
                  00002e4c    00000068               : string.obj (.text:GrStringWidthGet)
                  00002eb4    00000068     driverlib.lib : interrupt.obj (.text:IntEnable)
                  00002f1c    00000068     rtsv7M4_T_le_v4SPD16_eabi.lib : copy_decompress_lzss.obj (.text:decompress:lzss)
                  00002f84    00000064                                   : s_frexp.obj (.text)
                  00002fe8    00000060     cfal96x64x16.obj (.text:CFAL96x64x16WriteCommand)
                  00003048    00000060     cfal96x64x16.obj (.text:CFAL96x64x16WriteData)
                  000030a8    00000060     driverlib.lib : timer.obj (.text:TimerConfigure)
                  00003108    00000060     rtsv7M4_T_le_v4SPD16_eabi.lib : sprintf.obj (.text)
                  00003168    0000005a     grlib.lib : string.obj (.text:FontWideGlyphDataGet)
                  000031c2    00000002     rtsv7M4_T_le_v4SPD16_eabi.lib : mpu_init.obj (.text)
                  000031c4    00000054                                   : boot.obj (.text)
                  00003218    00000054                                   : exit.obj (.text)
                  0000326c    00000054                                   : ltoa.obj (.text)
                  000032c0    0000004e     cfal96x64x16.obj (.text:CFAL96x64x16PixelDraw)
                  0000330e    00000002     rtsv7M4_T_le_v4SPD16_eabi.lib : startup.obj (.text)
                  00003310    0000004c     driverlib.lib : timer.obj (.text:_TimerIntNumberGet)
                  0000335c    0000004c     displays.obj (.text:clearBlack)
                  000033a8    0000004c     rtsv7M4_T_le_v4SPD16_eabi.lib : atoi.obj (.text)
                  000033f4    0000004c                                   : cpy_tbl.obj (.text)
                  00003440    0000004a     grlib.lib : string.obj (.text:UpdateContextCharMapping)
                  0000348a    00000048     rtsv7M4_T_le_v4SPD16_eabi.lib : fd_toi_t2.obj (.text)
                  000034d2    00000046     driverlib.lib : uart.obj (.text:UARTConfigSetExpClk)
                  00003518    00000044     cfal96x64x16.obj (.text:CFAL96x64x16RectFill)
                  0000355c    0000003c     Lab6_Motor.obj (.text:IntUART0)
                  00003598    0000003a     grlib.lib : string.obj (.text:FontGlyphDataGet)
                  000035d2    00000002     --HOLE-- [fill = 0]
                  000035d4    00000038     driverlib.lib : sysctl.obj (.text:SysCtlPeripheralReady)
                  0000360c    00000034                   : interrupt.obj (.text:IntRegister)
                  00003640    00000034                   : sysctl.obj (.text:SysCtlPeripheralEnable)
                  00003674    00000030     personalUART.obj (.text:UARTSend)
                  000036a4    00000030     Lab6_Motor.obj (.text:oneSecondTimer)
                  000036d4    0000002e     grlib.lib : string.obj (.text:GrStringNextCharGet)
                  00003702    0000002e     rtsv7M4_T_le_v4SPD16_eabi.lib : i_tofd_t2.obj (.text)
                  00003730    0000002c     grlib.lib : string.obj (.text:GrFontBaselineGet)
                  0000375c    0000002a     driverlib.lib : gpio.obj (.text:GPIODirModeSet)
                  00003786    00000028     cfal96x64x16.obj (.text:CFAL96x64x16ColorTranslate)
                  000037ae    00000026     grlib.lib : string.obj (.text:GrFontInfoGet)
                  000037d4    00000024     LED.obj (.text:setupLED)
                  000037f8    00000024     stepperMotor.obj (.text:setupStepperMotor)
                  0000381c    00000022     grlib.lib : string.obj (.text:GrFontGlyphDataGet)
                  0000383e    00000002     --HOLE-- [fill = 0]
                  00003840    00000020     driverlib.lib : uart.obj (.text:UARTDisable)
                  00003860    0000001e     grlib.lib : string.obj (.text:GrFontCodepageGet)
                  0000387e    0000001c     rtsv7M4_T_le_v4SPD16_eabi.lib : memccpy.obj (.text)
                  0000389a    00000018     driverlib.lib : gpio.obj (.text:GPIOPinTypeGPIOOutput)
                  000038b2    00000002     --HOLE-- [fill = 0]
                  000038b4    00000018                   : timer.obj (.text:TimerDisable)
                  000038cc    00000018                   : timer.obj (.text:TimerIntRegister)
                  000038e4    00000018     rtsv7M4_T_le_v4SPD16_eabi.lib : args_main.obj (.text)
                  000038fc    00000016     grlib.lib : string.obj (.text:GrStringDraw)
                  00003912    00000016     rtsv7M4_T_le_v4SPD16_eabi.lib : strchr.obj (.text)
                  00003928    00000014     driverlib.lib : uart.obj (.text:UARTEnable)
                  0000393c    00000014     rtsv7M4_T_le_v4SPD16_eabi.lib : _lock.obj (.text)
                  00003950    00000014                                   : s_copysign.obj (.text)
                  00003964    00000014                                   : strlen.obj (.text)
                  00003978    00000012     driverlib.lib : gpio.obj (.text:GPIOPinTypeUART)
                  0000398a    00000012                   : timer.obj (.text:TimerLoadSet)
                  0000399c    00000010                   : fpu.obj (.text:FPULazyStackingEnable)
                  000039ac    00000010                   : interrupt.obj (.text:IntMasterDisable)
                  000039bc    00000010                   : interrupt.obj (.text:IntMasterEnable)
                  000039cc    00000010     rtsv7M4_T_le_v4SPD16_eabi.lib : tolower.obj (.text)
                  000039dc    0000000e     driverlib.lib : timer.obj (.text:TimerEnable)
                  000039ea    0000000e                   : uart.obj (.text:UARTCharGetNonBlocking)
                  000039f8    0000000e                   : uart.obj (.text:UARTCharsAvail)
                  00003a06    0000000e     rtsv7M4_T_le_v4SPD16_eabi.lib : copy_decompress_none.obj (.text:decompress:none)
                  00003a14    0000000c     driverlib.lib : cpu.obj (.text:CPUcpsid)
                  00003a20    0000000c                   : cpu.obj (.text:CPUcpsie)
                  00003a2c    0000000c     rtsv7M4_T_le_v4SPD16_eabi.lib : copy_zero_init.obj (.text:decompress:ZI)
                  00003a38    0000000a     cfal96x64x16.obj (.text:CFAL96x64x16Flush)
                  00003a42    0000000a     driverlib.lib : uart.obj (.text:UARTCharPut)
                  00003a4c    0000000a                   : uart.obj (.text:UARTIntStatus)
                  00003a56    00000008     grlib.lib : charmap.obj (.text:GrMapISO8859_1_Unicode)
                  00003a5e    00000008     driverlib.lib : timer.obj (.text:TimerIntEnable)
                  00003a66    00000008                   : uart.obj (.text:UARTIntEnable)
                  00003a6e    00000006                   : gpio.obj (.text:GPIOPinWrite)
                  00003a74    00000006     grlib.lib : string.obj (.text:GrContextFontSet)
                  00003a7a    00000006     startup_ccs.obj (.text:ResetISR)
                  00003a80    00000006     driverlib.lib : sysctl.obj (.text:SysCtlDelay)
                  00003a86    00000004                   : timer.obj (.text:TimerIntClear)
                  00003a8a    00000004                   : uart.obj (.text:UARTIntClear)
                  00003a8e    00000004     rtsv7M4_T_le_v4SPD16_eabi.lib : pre_init.obj (.text)

.const     0    00003a94    0000069c     
                  00003a94    000002f8     grlib.lib : fontfixed6x8.obj (.const:.string:g_pui8FontFixed6x8Data)
                  00003d8c    00000101     rtsv7M4_T_le_v4SPD16_eabi.lib : ctype.obj (.const:.string:_ctypes_)
                  00003e8d    00000003     --HOLE-- [fill = 0]
                  00003e90    000000c8     grlib.lib : fontfixed6x8.obj (.const:g_sFontFixed6x8)
                  00003f58    00000070     driverlib.lib : interrupt.obj (.const)
                  00003fc8    0000006c                   : sysctl.obj (.const:g_pui32Xtals)
                  00004034    00000060                   : timer.obj (.const:g_ppui32TimerIntMap)
                  00004094    00000040                   : timer.obj (.const:g_ppui32TimerIntMapSnowflake)
                  000040d4    00000028     cfal96x64x16.obj (.const:g_sCFAL96x64x16)
                  000040fc    00000024     Lab6_Motor.obj (.const:coilStates)
                  00004120    00000010     grlib.lib : context.obj (.const)

.cinit     0    00004130    00000060     
                  00004130    0000002a     (.cinit..data.load) [load image, compression = lzss]
                  0000415a    00000002     --HOLE-- [fill = 0]
                  0000415c    0000000c     (__TI_handler_table)
                  00004168    00000008     (.cinit..bss.load) [load image, compression = zero_init]
                  00004170    00000008     (.cinit..vtable.load) [load image, compression = zero_init]
                  00004178    00000018     (__TI_cinit_table)

.init_array 
*          0    00000000    00000000     UNINITIALIZED

.vtable    0    20000000    0000026c     UNINITIALIZED
                  20000000    0000026c     driverlib.lib : interrupt.obj (.vtable)

.stack     0    2000026c    00000400     UNINITIALIZED
                  2000026c    00000400     --HOLE--

.data      0    2000066c    0000003c     UNINITIALIZED
                  2000066c    00000013     cfal96x64x16.obj (.data:g_ui8DisplayInitCommands)
                  2000067f    00000001     --HOLE--
                  20000680    0000000c     rtsv7M4_T_le_v4SPD16_eabi.lib : exit.obj (.data:$O1$$)
                  2000068c    0000000c     Lab6_Motor.obj (.data)
                  20000698    00000008     rtsv7M4_T_le_v4SPD16_eabi.lib : _lock.obj (.data:$O1$$)
                  200006a0    00000004                                   : errno.obj (.data)
                  200006a4    00000004                                   : stkdepth_vars.obj (.data)

.bss       0    200006a8    00000030     UNINITIALIZED
                  200006a8    0000002c     (.common:sContext)
                  200006d4    00000004     (.common:g_psGrLibDefaults)

MODULE SUMMARY

       Module                     code    ro data   rw data
       ------                     ----    -------   -------
    .\
       startup_ccs.obj            12      620       0      
       Lab6_Motor.obj             476     36        56     
    +--+--------------------------+-------+---------+---------+
       Total:                     488     656       56     
                                                           
    .\drivers\
       cfal96x64x16.obj           1674    40        19     
    +--+--------------------------+-------+---------+---------+
       Total:                     1674    40        19     
                                                           
    .\drivers\LED\
       LED.obj                    36      0         0      
    +--+--------------------------+-------+---------+---------+
       Total:                     36      0         0      
                                                           
    .\drivers\OLED\
       displays.obj               524     0         0      
    +--+--------------------------+-------+---------+---------+
       Total:                     524     0         0      
                                                           
    .\drivers\Timers\
       personalTimers.obj         188     0         0      
    +--+--------------------------+-------+---------+---------+
       Total:                     188     0         0      
                                                           
    .\drivers\UART\
       personalUART.obj           312     0         0      
    +--+--------------------------+-------+---------+---------+
       Total:                     312     0         0      
                                                           
    .\drivers\stepperMotor\
       stepperMotor.obj           36      0         0      
    +--+--------------------------+-------+---------+---------+
       Total:                     36      0         0      
                                                           
    C:/ti/TivaWare_C_Series-2.1.3.156/driverlib/ccs/Debug/driverlib.lib
       interrupt.obj              188     112       620    
       sysctl.obj                 630     108       0      
       timer.obj                  264     160       0      
       gpio.obj                   396     0         0      
       uart.obj                   182     0         0      
       cpu.obj                    24      0         0      
       fpu.obj                    16      0         0      
    +--+--------------------------+-------+---------+---------+
       Total:                     1700    380       620    
                                                           
    C:/ti/TivaWare_C_Series-2.1.3.156/grlib/ccs/Debug/grlib.lib
       string.obj                 1334    0         0      
       fontfixed6x8.obj           0       960       0      
       rectangle.obj              134     0         0      
       context.obj                104     16        4      
       charmap.obj                8       0         0      
    +--+--------------------------+-------+---------+---------+
       Total:                     1580    976       4      
                                                           
    C:\ti\ccsv7\tools\compiler\ti-cgt-arm_16.9.6.LTS\lib\rtsv7M4_T_le_v4SPD16_eabi.lib
       _printfi.obj               4414    0         0      
       ull_div_t2.obj             500     0         0      
       fd_add_t2.obj              438     0         0      
       fd_div_t2.obj              310     0         0      
       fd_cmp_t2.obj              268     0         0      
       ctype.obj                  0       257       0      
       fd_mul_t2.obj              252     0         0      
       s_scalbn.obj               252     0         0      
       memcpy_t2.obj              156     0         0      
       memset_t2.obj              122     0         0      
       autoinit.obj               112     0         0      
       copy_decompress_lzss.obj   104     0         0      
       s_frexp.obj                100     0         0      
       exit.obj                   84      0         12     
       sprintf.obj                96      0         0      
       boot.obj                   84      0         0      
       ltoa.obj                   84      0         0      
       atoi.obj                   76      0         0      
       cpy_tbl.obj                76      0         0      
       fd_toi_t2.obj              72      0         0      
       i_tofd_t2.obj              46      0         0      
       _lock.obj                  20      0         8      
       memccpy.obj                28      0         0      
       args_main.obj              24      0         0      
       strchr.obj                 22      0         0      
       s_copysign.obj             20      0         0      
       strlen.obj                 20      0         0      
       tolower.obj                16      0         0      
       copy_decompress_none.obj   14      0         0      
       copy_zero_init.obj         12      0         0      
       errno.obj                  0       0         4      
       pre_init.obj               4       0         0      
       stkdepth_vars.obj          0       0         4      
       mpu_init.obj               2       0         0      
       startup.obj                2       0         0      
    +--+--------------------------+-------+---------+---------+
       Total:                     7830    257       28     
                                                           
       Stack:                     0       0         1024   
       Linker Generated:          0       94        0      
    +--+--------------------------+-------+---------+---------+
       Grand Total:               14368   2403      1751   


LINKER GENERATED COPY TABLES

__TI_cinit_table @ 00004178 records: 3, size/record: 8, table size: 24
	.data: load addr=00004130, load size=0000002a bytes, run addr=2000066c, run size=0000003c bytes, compression=lzss
	.bss: load addr=00004168, load size=00000008 bytes, run addr=200006a8, run size=00000030 bytes, compression=zero_init
	.vtable: load addr=00004170, load size=00000008 bytes, run addr=20000000, run size=0000026c bytes, compression=zero_init


LINKER GENERATED HANDLER TABLE

__TI_handler_table @ 0000415c records: 3, size/record: 4, table size: 12
	index: 0, handler: __TI_zero_init
	index: 1, handler: __TI_decompress_lzss
	index: 2, handler: __TI_decompress_none


GLOBAL SYMBOLS: SORTED ALPHABETICALLY BY Name 

address   name                           
-------   ----                           
00003219  C$$EXIT                        
000019b1  CFAL96x64x16Init               
00003a15  CPUcpsid                       
00003a21  CPUcpsie                       
0000399d  FPULazyStackingEnable          
0000375d  GPIODirModeSet                 
00001e55  GPIOPadConfigSet               
0000389b  GPIOPinTypeGPIOOutput          
00003979  GPIOPinTypeUART                
00003a6f  GPIOPinWrite                   
00003a75  GrContextFontSet               
00002de5  GrContextInit                  
0000270d  GrDefaultStringRenderer        
00003731  GrFontBaselineGet              
00003861  GrFontCodepageGet              
0000381d  GrFontGlyphDataGet             
000013ab  GrFontGlyphRender              
000037af  GrFontInfoGet                  
00003a57  GrMapISO8859_1_Unicode         
00002a75  GrRectFill                     
000038fd  GrStringDraw                   
000036d5  GrStringNextCharGet            
00002e4d  GrStringWidthGet               
00002eb5  IntEnable                      
000039ad  IntMasterDisable               
000039bd  IntMasterEnable                
0000360d  IntRegister                    
0000355d  IntUART0                       
00003a7b  ResetISR                       
UNDEFED   SHT$$INIT_ARRAY$$Base          
UNDEFED   SHT$$INIT_ARRAY$$Limit         
00001f89  SysCtlClockGet                 
00002291  SysCtlClockSet                 
00003a81  SysCtlDelay                    
00003641  SysCtlPeripheralEnable         
000035d5  SysCtlPeripheralReady          
000030a9  TimerConfigure                 
000038b5  TimerDisable                   
000039dd  TimerEnable                    
00003a87  TimerIntClear                  
00003a5f  TimerIntEnable                 
000038cd  TimerIntRegister               
0000398b  TimerLoadSet                   
000039eb  UARTCharGetNonBlocking         
00003a43  UARTCharPut                    
000039f9  UARTCharsAvail                 
000034d3  UARTConfigSetExpClk            
00003841  UARTDisable                    
00003929  UARTEnable                     
00003a8b  UARTIntClear                   
00003a67  UARTIntEnable                  
00003a4d  UARTIntStatus                  
00003675  UARTSend                       
2000066c  __STACK_END                    
00000400  __STACK_SIZE                   
2000066c  __STACK_TOP                    
00004178  __TI_CINIT_Base                
00004190  __TI_CINIT_Limit               
0000415c  __TI_Handler_Table_Base        
00004168  __TI_Handler_Table_Limit       
00002d05  __TI_auto_init                 
20000680  __TI_cleanup_ptr               
00002f1d  __TI_decompress_lzss           
00003a07  __TI_decompress_none           
20000684  __TI_dtors_ptr                 
20000688  __TI_enable_exit_profile_output
ffffffff  __TI_pprof_out_hndl            
00000ab1  __TI_printfi                   
ffffffff  __TI_prof_data_size            
ffffffff  __TI_prof_data_start           
00000000  __TI_static_base__             
00003a2d  __TI_zero_init                 
00002afb  __aeabi_cdcmpeq                
00002afb  __aeabi_cdcmple                
00002b81  __aeabi_cdrcmple               
0000348b  __aeabi_d2iz                   
00001b73  __aeabi_dadd                   
00001d1f  __aeabi_ddiv                   
00002099  __aeabi_dmul                   
00001b69  __aeabi_dsub                   
00003703  __aeabi_i2d                    
00002c89  __aeabi_memclr                 
00002c89  __aeabi_memclr4                
00002c89  __aeabi_memclr8                
00002941  __aeabi_memcpy                 
00002941  __aeabi_memcpy4                
00002941  __aeabi_memcpy8                
00002c8b  __aeabi_memset                 
00002c8b  __aeabi_memset4                
00002c8b  __aeabi_memset8                
000015ff  __aeabi_uldivmod               
ffffffff  __binit__                      
ffffffff  __c_args__                     
000031c3  __mpu_init                     
2000026c  __stack                        
000038e5  _args_main                     
000031c5  _c_int00                       
00003d8c  _ctypes_                       
20000698  _lock                          
0000394b  _nop                           
00003943  _register_lock                 
0000393d  _register_unlock               
0000330f  _system_post_cinit             
00003a8f  _system_pre_init               
2000069c  _unlock                        
0000321d  abort                          
000033a9  atoi                           
ffffffff  binit                          
0000335d  clearBlack                     
000040fc  coilStates                     
000033f5  copy_in                        
00003951  copysign                       
00003951  copysignl                      
00002635  diplaySplashOnOLED             
00002475  displayInfoOnBoard             
200006a0  errno                          
00003225  exit                           
00002f85  frexp                          
00002f85  frexpl                         
20000000  g_pfnRAMVectors                
00000000  g_pfnVectors                   
00004120  g_psDefaultCodePointMapTable   
000040d4  g_sCFAL96x64x16                
00003e90  g_sFontFixed6x8                
00002195  ldexp                          
00002195  ldexpl                         
0000326d  ltoa                           
00002385  main                           
200006a4  main_func_sp                   
0000387f  memccpy                        
00002941  memcpy                         
00002c91  memset                         
2000068c  menuSelection                  
2000068d  motorState                     
000036a5  oneSecondTimer                 
000029dd  printMainMenu                  
200006a8  sContext                       
00002195  scalbn                         
00002195  scalbnl                        
000037d5  setupLED                       
000037f9  setupStepperMotor              
000027cd  setupTimers                    
00002d75  setupUART                      
00003109  sprintf                        
00002c09  stepperMotorTimer              
00003913  strchr                         
00003965  strlen                         
20000690  timerCount                     
000039cd  tolower                        


GLOBAL SYMBOLS: SORTED BY Symbol Address 

address   name                           
-------   ----                           
00000000  __TI_static_base__             
00000000  g_pfnVectors                   
00000400  __STACK_SIZE                   
00000ab1  __TI_printfi                   
000013ab  GrFontGlyphRender              
000015ff  __aeabi_uldivmod               
000019b1  CFAL96x64x16Init               
00001b69  __aeabi_dsub                   
00001b73  __aeabi_dadd                   
00001d1f  __aeabi_ddiv                   
00001e55  GPIOPadConfigSet               
00001f89  SysCtlClockGet                 
00002099  __aeabi_dmul                   
00002195  ldexp                          
00002195  ldexpl                         
00002195  scalbn                         
00002195  scalbnl                        
00002291  SysCtlClockSet                 
00002385  main                           
00002475  displayInfoOnBoard             
00002635  diplaySplashOnOLED             
0000270d  GrDefaultStringRenderer        
000027cd  setupTimers                    
00002941  __aeabi_memcpy                 
00002941  __aeabi_memcpy4                
00002941  __aeabi_memcpy8                
00002941  memcpy                         
000029dd  printMainMenu                  
00002a75  GrRectFill                     
00002afb  __aeabi_cdcmpeq                
00002afb  __aeabi_cdcmple                
00002b81  __aeabi_cdrcmple               
00002c09  stepperMotorTimer              
00002c89  __aeabi_memclr                 
00002c89  __aeabi_memclr4                
00002c89  __aeabi_memclr8                
00002c8b  __aeabi_memset                 
00002c8b  __aeabi_memset4                
00002c8b  __aeabi_memset8                
00002c91  memset                         
00002d05  __TI_auto_init                 
00002d75  setupUART                      
00002de5  GrContextInit                  
00002e4d  GrStringWidthGet               
00002eb5  IntEnable                      
00002f1d  __TI_decompress_lzss           
00002f85  frexp                          
00002f85  frexpl                         
000030a9  TimerConfigure                 
00003109  sprintf                        
000031c3  __mpu_init                     
000031c5  _c_int00                       
00003219  C$$EXIT                        
0000321d  abort                          
00003225  exit                           
0000326d  ltoa                           
0000330f  _system_post_cinit             
0000335d  clearBlack                     
000033a9  atoi                           
000033f5  copy_in                        
0000348b  __aeabi_d2iz                   
000034d3  UARTConfigSetExpClk            
0000355d  IntUART0                       
000035d5  SysCtlPeripheralReady          
0000360d  IntRegister                    
00003641  SysCtlPeripheralEnable         
00003675  UARTSend                       
000036a5  oneSecondTimer                 
000036d5  GrStringNextCharGet            
00003703  __aeabi_i2d                    
00003731  GrFontBaselineGet              
0000375d  GPIODirModeSet                 
000037af  GrFontInfoGet                  
000037d5  setupLED                       
000037f9  setupStepperMotor              
0000381d  GrFontGlyphDataGet             
00003841  UARTDisable                    
00003861  GrFontCodepageGet              
0000387f  memccpy                        
0000389b  GPIOPinTypeGPIOOutput          
000038b5  TimerDisable                   
000038cd  TimerIntRegister               
000038e5  _args_main                     
000038fd  GrStringDraw                   
00003913  strchr                         
00003929  UARTEnable                     
0000393d  _register_unlock               
00003943  _register_lock                 
0000394b  _nop                           
00003951  copysign                       
00003951  copysignl                      
00003965  strlen                         
00003979  GPIOPinTypeUART                
0000398b  TimerLoadSet                   
0000399d  FPULazyStackingEnable          
000039ad  IntMasterDisable               
000039bd  IntMasterEnable                
000039cd  tolower                        
000039dd  TimerEnable                    
000039eb  UARTCharGetNonBlocking         
000039f9  UARTCharsAvail                 
00003a07  __TI_decompress_none           
00003a15  CPUcpsid                       
00003a21  CPUcpsie                       
00003a2d  __TI_zero_init                 
00003a43  UARTCharPut                    
00003a4d  UARTIntStatus                  
00003a57  GrMapISO8859_1_Unicode         
00003a5f  TimerIntEnable                 
00003a67  UARTIntEnable                  
00003a6f  GPIOPinWrite                   
00003a75  GrContextFontSet               
00003a7b  ResetISR                       
00003a81  SysCtlDelay                    
00003a87  TimerIntClear                  
00003a8b  UARTIntClear                   
00003a8f  _system_pre_init               
00003d8c  _ctypes_                       
00003e90  g_sFontFixed6x8                
000040d4  g_sCFAL96x64x16                
000040fc  coilStates                     
00004120  g_psDefaultCodePointMapTable   
0000415c  __TI_Handler_Table_Base        
00004168  __TI_Handler_Table_Limit       
00004178  __TI_CINIT_Base                
00004190  __TI_CINIT_Limit               
20000000  g_pfnRAMVectors                
2000026c  __stack                        
2000066c  __STACK_END                    
2000066c  __STACK_TOP                    
20000680  __TI_cleanup_ptr               
20000684  __TI_dtors_ptr                 
20000688  __TI_enable_exit_profile_output
2000068c  menuSelection                  
2000068d  motorState                     
20000690  timerCount                     
20000698  _lock                          
2000069c  _unlock                        
200006a0  errno                          
200006a4  main_func_sp                   
200006a8  sContext                       
ffffffff  __TI_pprof_out_hndl            
ffffffff  __TI_prof_data_size            
ffffffff  __TI_prof_data_start           
ffffffff  __binit__                      
ffffffff  __c_args__                     
ffffffff  binit                          
UNDEFED   SHT$$INIT_ARRAY$$Base          
UNDEFED   SHT$$INIT_ARRAY$$Limit         

[149 symbols]
